******************************************************************************
                  TI ARM Linker PC v16.9.6                     
******************************************************************************
>> Linked Sat May 12 22:11:06 2018

OUTPUT FILE NAME:   <empty_min_DK_TM4C129X_TI.out>
ENTRY POINT SYMBOL: "_c_int00"  address: 00003d99


MEMORY CONFIGURATION

         name            origin    length      used     unused   attr    fill
----------------------  --------  ---------  --------  --------  ----  --------
  FLASH                 00000000   00100000  00007b5f  000f84a1  R  X
  SRAM                  20000000   00040000  0000168c  0003e974  RW X


SEGMENT ALLOCATION MAP

run origin  load origin   length   init length attrs members
----------  ----------- ---------- ----------- ----- -------
00000000    00000000    00007b68   00007b68    r-x
  00000000    00000000    0000003c   0000003c    r-- .resetVecs
  00000040    00000040    0000585a   0000585a    r-x .text
  0000589c    0000589c    000020a9   000020a9    r-- .const
  00007948    00007948    00000220   00000220    r-- .cinit
20000000    20000000    00001690   00000000    rw-
  20000000    20000000    00000360   00000000    rw- .vecs
  20000360    20000360    00000bee   00000000    rw- .bss
  20000f50    20000f50    0000043e   00000000    rw- .data
  20001390    20001390    00000300   00000000    rw- .stack


SECTION ALLOCATION MAP

 output                                  attributes/
section   page    origin      length       input sections
--------  ----  ----------  ----------   ----------------
.text      0    00000040    0000585a     
                  00000040    000004b4     empty_min.obj (.text:HallEffectCallback)
                  000004f4    00000004     empty_min_pem4f.oem4f (.text:ti_sysbios_BIOS_RtsGateProxy_enter__E)
                  000004f8    00000430     sysbios.aem4f : BIOS.obj (.text:ti_sysbios_family_arm_m3_Hwi_excDumpRegs__I)
                  00000928    0000034c     ti.targets.arm.rtsarm.aem4f : System.oem4f (.text:xdc_runtime_System_doPrint__I)
                  00000c74    0000023a     empty_min.obj (.text:GPIOPadConfigSet)
                  00000eae    00000002     rtsv7M4_T_le_v4SPD16_eabi.lib : i_div0.obj (.text)
                  00000eb0    00000204     Boot.aem4f : Boot_sysctl.oem4f (.text:ti_catalog_arm_cortexm4_tiva_ce_Boot_sysCtlClockFreqSetI__I)
                  000010b4    00000004     empty_min_pem4f.oem4f (.text:ti_sysbios_BIOS_RtsGateProxy_leave__E)
                  000010b8    000001fc     sysbios.aem4f : BIOS.obj (.text:ti_sysbios_family_arm_m3_Hwi_excHandlerMax__I)
                  000012b4    000001d0     empty_min.obj (.text:SysCtlClockGet)
                  00001484    000001b6     rtsv7M4_T_le_v4SPD16_eabi.lib : fd_add_t2.obj (.text)
                  0000163a    00000002     empty_min_pem4f.oem4f (.text:ti_sysbios_BIOS_nullFunc__I)
                  0000163c    0000019c     empty_min.obj (.text:main)
                  000017d8    00000174     sysbios.aem4f : BIOS.obj (.text:ti_sysbios_family_arm_m3_Hwi_excBusFault__I)
                  0000194c    00000004                   : BIOS.obj (.text:ti_sysbios_family_arm_lm4_Timer_masterEnable__I)
                  00001950    00000164                   : BIOS.obj (.text:ti_sysbios_family_arm_m3_Hwi_excUsageFault__I)
                  00001ab4    00000004     empty_min_pem4f.oem4f (.text:ti_sysbios_family_arm_m3_TaskSupport_Module__startupDone__S)
                  00001ab8    00000154     sysbios.aem4f : BIOS.obj (.text:ti_sysbios_knl_Semaphore_pend__E)
                  00001c0c    00000150     drivers_tivaware.aem4f : GPIOTiva.oem4f (.text:GPIO_setConfig)
                  00001d5c    00000004     empty_min_pem4f.oem4f (.text:ti_sysbios_heaps_HeapMem_Module_GateProxy_enter__E)
                  00001d60    00000148     sysbios.aem4f : BIOS.obj (.text:ti_sysbios_family_arm_m3_Hwi_excMemFault__I)
                  00001ea8    00000118     ti.targets.arm.rtsarm.aem4f : Error.oem4f (.text:xdc_runtime_Error_policyDefault__E)
                  00001fc0    00000108     sysbios.aem4f : BIOS.obj (.text:ti_sysbios_family_arm_lm4_Timer_start__E)
                  000020c8    00000100     ti.targets.arm.rtsarm.aem4f : Core-mem.oem4f (.text:xdc_runtime_Core_createObject__I)
                  000021c8    000000fc     rtsv7M4_T_le_v4SPD16_eabi.lib : fd_mul_t2.obj (.text)
                  000022c4    000000f8     ti.targets.arm.rtsarm.aem4f : Startup.oem4f (.text:xdc_runtime_Startup_startMods__I)
                  000023bc    000000f8     empty_min_pem4f.oem4f (.text:xdc_runtime_System_printfExtend__I)
                  000024b4    000000f4     sysbios.aem4f : m3_Hwi_asm.obj (.text:ti_sysbios_family_arm_m3_Hwi_dispatch__I)
                  000025a8    000000dc                   : BIOS.obj (.text:ti_sysbios_knl_Task_sleep__E)
                  00002684    00000004     empty_min_pem4f.oem4f (.text:ti_sysbios_heaps_HeapMem_Module_GateProxy_leave__E)
                  00002688    000000d4     sysbios.aem4f : BIOS.obj (.text:ti_sysbios_heaps_HeapMem_alloc__E)
                  0000275c    00000004     empty_min_pem4f.oem4f (.text:ti_sysbios_knl_Clock_TimerProxy_getMaxTicks__E)
                  00002760    000000cc     sysbios.aem4f : BIOS.obj (.text:ti_sysbios_knl_Task_Instance_init__E)
                  0000282c    000000cc     ti.targets.arm.rtsarm.aem4f : Core-smem.oem4f (.text:xdc_runtime_Core_constructObject__I)
                  000028f8    000000bc     sysbios.aem4f : BIOS.obj (.text:ti_sysbios_family_arm_m3_Hwi_excDebugMon__I)
                  000029b4    00000004     empty_min_pem4f.oem4f (.text:ti_sysbios_knl_Queue_destruct)
                  000029b8    000000bc     sysbios.aem4f : BIOS.obj (.text:ti_sysbios_family_arm_m3_Hwi_excHardFault__I)
                  00002a74    00000004     empty_min_pem4f.oem4f (.text:ti_sysbios_knl_Semaphore_destruct)
                  00002a78    000000bc     sysbios.aem4f : BIOS.obj (.text:ti_sysbios_knl_Task_Instance_finalize__E)
                  00002b34    000000b8     DK_TM4C129X.obj (.text:DK_TM4C129X_initGeneral)
                  00002bec    00000004     ti.targets.arm.rtsarm.aem4f : Error.oem4f (.text:xdc_runtime_Error_getSite__E)
                  00002bf0    000000ac     sysbios.aem4f : BIOS.obj (.text:ti_sysbios_family_arm_lm4_Timer_enableTiva__I)
                  00002c9c    000000a4     empty_min.obj (.text:GPIOIntTypeSet)
                  00002d40    000000a0     auto_init.aem4f : auto_init.oem4f (.text)
                  00002de0    000000a0     ti.targets.arm.rtsarm.aem4f : Text.oem4f (.text:xdc_runtime_Text_putMod__E)
                  00002e80    0000009c     rtsv7M4_T_le_v4SPD16_eabi.lib : memcpy_t2.obj (.text)
                  00002f1c    0000009a     ti.targets.arm.rtsarm.aem4f : Text.oem4f (.text:xdc_runtime_Text_putSite__E)
                  00002fb6    00000002     empty_min_pem4f.oem4f (.text:xdc_runtime_Startup_reset__I)
                  00002fb8    00000098     Boot.aem4f : Boot.oem4f (.text:ti_catalog_arm_cortexm4_tiva_ce_Boot_sysCtlClockFreqSet__E)
                  00003050    00000094     sysbios.aem4f : BIOS.obj (.text:ti_sysbios_family_arm_m3_Hwi_Instance_init__E)
                  000030e4    00000004     empty_min_pem4f.oem4f (.text:xdc_runtime_System_Module_GateProxy_enter__E)
                  000030e8    00000094     sysbios.aem4f : BIOS.obj (.text:ti_sysbios_family_arm_m3_Hwi_initNVIC__E)
                  0000317c    00000004     empty_min_pem4f.oem4f (.text:xdc_runtime_System_Module_GateProxy_leave__E)
                  00003180    00000094     sysbios.aem4f : BIOS.obj (.text:ti_sysbios_knl_Task_postInit__I)
                  00003214    0000008c     drivers_tivaware.aem4f : GPIOTiva.oem4f (.text:GPIO_init)
                  000032a0    0000008c     empty_min.obj (.text:TimerConfigure)
                  0000332c    0000008c     sysbios.aem4f : m3_TaskSupport_asm.obj (.text:ti_sysbios_family_arm_m3_TaskSupport_buildTaskStack)
                  000033b8    00000084                   : BIOS.obj (.text:ti_sysbios_family_arm_m3_Hwi_postInit__I)
                  0000343c    00000004     ti.targets.arm.rtsarm.aem4f : System.oem4f (.text:xdc_runtime_System_aprintf_va__F)
                  00003440    0000007c     sysbios.aem4f : BIOS.obj (.text:ti_sysbios_heaps_HeapMem_free__E)
                  000034bc    0000007a     rtsv7M4_T_le_v4SPD16_eabi.lib : memset_t2.obj (.text)
                  00003536    00000002     --HOLE-- [fill = 0]
                  00003538    00000070     sysbios.aem4f : BIOS.obj (.text:ti_sysbios_knl_Clock_workFunc__E)
                  000035a8    00000070                   : BIOS.obj (.text:ti_sysbios_knl_Task_exit__E)
                  00003618    0000006d     ti.targets.arm.rtsarm.aem4f : System.oem4f (.text:xdc_runtime_System_formatNum__I)
                  00003685    00000003     --HOLE-- [fill = 0]
                  00003688    0000006c     sysbios.aem4f : BIOS.obj (.text:ti_sysbios_knl_Swi_restoreHwi__E)
                  000036f4    0000006c     ti.targets.arm.rtsarm.aem4f : Error.oem4f (.text:xdc_runtime_Error_print__E)
                  00003760    0000006c                                 : Memory.oem4f (.text:xdc_runtime_Memory_alloc__E)
                  000037cc    00000068     empty_min.obj (.text:GPIOPinConfigure)
                  00003834    00000068     rtsv7M4_T_le_v4SPD16_eabi.lib : copy_decompress_lzss.obj (.text:decompress:lzss)
                  0000389c    00000068                                   : trgmsg.obj (.text)
                  00003904    00000066     ti.targets.arm.rtsarm.aem4f : Core-mem.oem4f (.text:xdc_runtime_Core_deleteObject__I)
                  0000396a    00000002     --HOLE-- [fill = 0]
                  0000396c    00000064     drivers_tivaware.aem4f : GPIOTiva.oem4f (.text:GPIO_hwiIntFxn)
                  000039d0    00000064     sysbios.aem4f : BIOS.obj (.text:ti_sysbios_family_arm_lm4_Timer_Module_startup__E)
                  00003a34    00000064     empty_min_pem4f.oem4f (.text:ti_sysbios_family_arm_m3_Hwi_create)
                  00003a98    00000064     sysbios.aem4f : BIOS.obj (.text:ti_sysbios_family_arm_m3_Hwi_dispatchC__I)
                  00003afc    00000004     ti.targets.arm.rtsarm.aem4f : System.oem4f (.text:xdc_runtime_System_printf_va__F)
                  00003b00    00000064     sysbios.aem4f : BIOS.obj (.text:ti_sysbios_knl_Semaphore_post__E)
                  00003b64    0000005c     empty_min.obj (.text:GPIODirModeSet)
                  00003bc0    0000005c     sysbios.aem4f : BIOS.obj (.text:ti_sysbios_knl_Swi_run__I)
                  00003c1c    00000004     --HOLE-- [fill = 0]
                  00003c20    0000005c                   : BIOS.obj (.text:ti_sysbios_knl_Swi_schedule__I)
                  00003c7c    00000004     --HOLE-- [fill = 0]
                  00003c80    0000005c                   : BIOS.obj (.text:ti_sysbios_knl_Task_Module_startup__E)
                  00003cdc    00000004     --HOLE-- [fill = 0]
                  00003ce0    0000005c                   : BIOS.obj (.text:ti_sysbios_knl_Task_startCore__E)
                  00003d3c    0000005b     ti.targets.arm.rtsarm.aem4f : Text.oem4f (.text:xdc_runtime_Text_putLab__E)
                  00003d97    00000001     --HOLE-- [fill = 0]
                  00003d98    00000058     boot.aem4f : boot.oem4f (.text)
                  00003df0    00000058     rtsv7M4_T_le_v4SPD16_eabi.lib : hostwrite.obj (.text)
                  00003e48    00000058     sysbios.aem4f : m3_Hwi_asm_switch.obj (.text:ti_sysbios_family_arm_m3_Hwi_initStacks__E)
                  00003ea0    00000054     rtsv7M4_T_le_v4SPD16_eabi.lib : exit.obj (.text)
                  00003ef4    00000004     --HOLE-- [fill = 0]
                  00003ef8    00000054     sysbios.aem4f : BIOS.obj (.text:ti_sysbios_family_arm_lm4_Timer_initDevice__I)
                  00003f4c    00000054     empty_min_pem4f.oem4f (.text:ti_sysbios_knl_Task_construct)
                  00003fa0    00000054     ti.targets.arm.rtsarm.aem4f : Assert.oem4f (.text:xdc_runtime_Assert_raise__I)
                  00003ff4    00000050     drivers_tivaware.aem4f : GPIOTiva.oem4f (.text:GPIO_setCallback)
                  00004044    00000050                            : GPIOTiva.oem4f (.text:GPIO_write)
                  00004094    00000050     Boot.aem4f : Boot_sysctl.oem4f (.text:_SysCtlFrequencyGet)
                  000040e4    00000004     --HOLE-- [fill = 0]
                  000040e8    00000050     sysbios.aem4f : BIOS.obj (.text:ti_sysbios_family_arm_m3_Hwi_Module_startup__E)
                  00004138    00000050     ti.targets.arm.rtsarm.aem4f : Startup.oem4f (.text:xdc_runtime_Startup_exec__E)
                  00004188    00000050                                 : Text.oem4f (.text:xdc_runtime_Text_visitRope2__I)
                  000041d8    0000004c     rtsv7M4_T_le_v4SPD16_eabi.lib : cpy_tbl.obj (.text)
                  00004224    00000004     --HOLE-- [fill = 0]
                  00004228    0000004c     sysbios.aem4f : BIOS.obj (.text:ti_sysbios_heaps_HeapMem_getStats__E)
                  00004274    00000004     --HOLE-- [fill = 0]
                  00004278    0000004c                   : BIOS.obj (.text:ti_sysbios_knl_Swi_runLoop__I)
                  000042c4    00000004     --HOLE-- [fill = 0]
                  000042c8    0000004c                   : BIOS.obj (.text:ti_sysbios_knl_Task_allBlockedFunction__I)
                  00004314    00000004     --HOLE-- [fill = 0]
                  00004318    0000004c                   : BIOS.obj (.text:ti_sysbios_knl_Task_schedule__I)
                  00004364    00000004     --HOLE-- [fill = 0]
                  00004368    00000048                   : BIOS.obj (.text:ti_sysbios_family_arm_lm4_Timer_enableTimers__I)
                  000043b0    00000048                   : BIOS.obj (.text:ti_sysbios_family_arm_m3_Hwi_disableInterrupt__E)
                  000043f8    00000048                   : BIOS.obj (.text:ti_sysbios_family_arm_m3_Hwi_enableInterrupt__E)
                  00004440    00000048                   : BIOS.obj (.text:ti_sysbios_family_arm_m3_Hwi_excReserved__I)
                  00004488    00000046     ti.targets.arm.rtsarm.aem4f : Core-params.oem4f (.text:xdc_runtime_Core_assignParams__I)
                  000044ce    00000044     rtsv7M4_T_le_v4SPD16_eabi.lib : fd_tou_t2.obj (.text)
                  00004512    00000006     empty_min.obj (.text:SysCtlDelay)
                  00004518    00000044     sysbios.aem4f : BIOS.obj (.text:ti_sysbios_family_arm_lm4_Timer_isrStub__E)
                  0000455c    00000004     --HOLE-- [fill = 0]
                  00004560    00000044                   : BIOS.obj (.text:ti_sysbios_family_arm_m3_Hwi_getStackInfo__E)
                  000045a4    00000004     --HOLE-- [fill = 0]
                  000045a8    00000044                   : BIOS.obj (.text:ti_sysbios_knl_Swi_post__E)
                  000045ec    00000044     ti.targets.arm.rtsarm.aem4f : Error.oem4f (.text:xdc_runtime_Error_setX__E)
                  00004630    00000044                                 : SysMin.oem4f (.text:xdc_runtime_SysMin_flush__E)
                  00004674    00000044                                 : Text.oem4f (.text:xdc_runtime_Text_xprintf__I)
                  000046b8    00000040     empty_min.obj (.text:SysCtlPeripheralEnable)
                  000046f8    00000040     rtsv7M4_T_le_v4SPD16_eabi.lib : u_divt2.obj (.text)
                  00004738    00000040     sysbios.aem4f : BIOS.obj (.text:ti_sysbios_family_arm_lm4_Timer_startup__E)
                  00004778    00000040                   : BIOS.obj (.text:ti_sysbios_heaps_HeapMem_Instance_init__E)
                  000047b8    0000003c                   : BIOS.obj (.text:ti_sysbios_family_arm_m3_Hwi_excSvCall__I)
                  000047f4    00000004     --HOLE-- [fill = 0]
                  000047f8    0000003c                   : BIOS.obj (.text:ti_sysbios_heaps_HeapMem_init__I)
                  00004834    00000004     --HOLE-- [fill = 0]
                  00004838    0000003c                   : BIOS.obj (.text:ti_sysbios_knl_Swi_restore__E)
                  00004874    00000004     --HOLE-- [fill = 0]
                  00004878    00000038                   : BIOS.obj (.text:ti_sysbios_family_arm_m3_Hwi_excNoIsr__I)
                  000048b0    00000038                   : BIOS.obj (.text:ti_sysbios_knl_Task_processVitalTaskFlag__I)
                  000048e8    00000038     ti.targets.arm.rtsarm.aem4f : SysMin.oem4f (.text:xdc_runtime_SysMin_putch__E)
                  00004920    00000038                                 : System.oem4f (.text:xdc_runtime_System_atexit__E)
                  00004958    00000036     empty_min.obj (.text:TimerControlLevel)
                  0000498e    00000002     --HOLE-- [fill = 0]
                  00004990    00000034     sysbios.aem4f : BIOS.obj (.text:ti_sysbios_family_arm_m3_Hwi_Instance_finalize__E)
                  000049c4    00000004     --HOLE-- [fill = 0]
                  000049c8    00000034                   : BIOS.obj (.text:ti_sysbios_family_arm_m3_Hwi_excNmi__I)
                  000049fc    00000034     ti.targets.arm.rtsarm.aem4f : Core-label.oem4f (.text:xdc_runtime_Core_assignLabel__I)
                  00004a30    00000033                                 : Text.oem4f (.text:xdc_runtime_Text_printVisFxn__I)
                  00004a63    00000005     --HOLE-- [fill = 0]
                  00004a68    00000032     sysbios.aem4f : BIOS.obj (.text:ti_sysbios_hal_Hwi_initStack)
                  00004a9a    00000002     --HOLE-- [fill = 0]
                  00004a9c    00000030     drivers_tivaware.aem4f : GPIOTiva.oem4f (.text:GPIO_enableInt)
                  00004acc    00000030     empty_min_pem4f.oem4f (.text:ti_sysbios_BIOS_atExitFunc__I)
                  00004afc    00000004     --HOLE-- [fill = 0]
                  00004b00    00000030     sysbios.aem4f : BIOS.obj (.text:ti_sysbios_family_arm_lm4_Timer_stop__E)
                  00004b30    00000030                   : BIOS.obj (.text:ti_sysbios_family_arm_m3_TaskSupport_start__E)
                  00004b60    00000030     empty_min_pem4f.oem4f (.text:ti_sysbios_gates_GateHwi_Object__create__S)
                  00004b90    00000030     empty_min_pem4f.oem4f (.text:ti_sysbios_gates_GateMutex_Object__create__S)
                  00004bc0    00000030     sysbios.aem4f : BIOS.obj (.text:ti_sysbios_gates_GateMutex_enter__E)
                  00004bf0    00000030     empty_min_pem4f.oem4f (.text:ti_sysbios_heaps_HeapMem_Object__create__S)
                  00004c20    00000030     empty_min_pem4f.oem4f (.text:ti_sysbios_knl_Semaphore_construct)
                  00004c50    00000030     sysbios.aem4f : BIOS.obj (.text:ti_sysbios_knl_Semaphore_pendTimeout__I)
                  00004c80    00000030                   : BIOS.obj (.text:ti_sysbios_knl_Task_unblockI__E)
                  00004cb0    00000030     ti.targets.arm.rtsarm.aem4f : SysMin.oem4f (.text:xdc_runtime_SysMin_abort__E)
                  00004ce0    00000030                                 : System.oem4f (.text:xdc_runtime_System_processAtExit__E)
                  00004d10    0000002e     rtsv7M4_T_le_v4SPD16_eabi.lib : i_tofd_t2.obj (.text)
                  00004d3e    00000002     --HOLE-- [fill = 0]
                  00004d40    0000002c     empty_min_pem4f.oem4f (.text:ti_sysbios_knl_Clock_doTick__I)
                  00004d6c    0000002c     empty_min_pem4f.oem4f (.text:ti_sysbios_knl_Queue_construct)
                  00004d98    0000002c     sysbios.aem4f : BIOS.obj (.text:ti_sysbios_knl_Task_restore__E)
                  00004dc4    0000002c     ti.targets.arm.rtsarm.aem4f : Text.oem4f (.text:xdc_runtime_Text_cordText__E)
                  00004df0    0000002a     empty_min.obj (.text:TimerLoadSet)
                  00004e1a    0000002a     empty_min.obj (.text:TimerMatchSet)
                  00004e44    0000002a     ti.targets.arm.rtsarm.aem4f : System.oem4f (.text:xdc_runtime_System_putchar__I)
                  00004e6e    00000002     --HOLE-- [fill = 0]
                  00004e70    00000028     sysbios.aem4f : BIOS.obj (.text:ti_sysbios_knl_Swi_Module_startup__E)
                  00004e98    00000026                   : m3_Hwi_asm.obj (.text:ti_sysbios_family_arm_m3_Hwi_pendSV__I)
                  00004ebe    00000026     ti.targets.arm.rtsarm.aem4f : System.oem4f (.text:xdc_runtime_System_avprintf__E)
                  00004ee4    00000024     empty_min.obj (.text:GPIOPinTypeTimer)
                  00004f08    00000024     empty_min.obj (.text:gpioButtonFxn0)
                  00004f2c    00000024     empty_min.obj (.text:gpioButtonFxn1)
                  00004f50    00000024     empty_min_pem4f.oem4f (.text:ti_sysbios_BIOS_errorRaiseHook__I)
                  00004f74    00000024     empty_min_pem4f.oem4f (.text:ti_sysbios_BIOS_registerRTSLock__I)
                  00004f98    00000024     empty_min_pem4f.oem4f (.text:ti_sysbios_BIOS_removeRTSLock__I)
                  00004fbc    00000024     empty_min_pem4f.oem4f (.text:ti_sysbios_BIOS_startFunc__I)
                  00004fe0    00000024     empty_min_pem4f.oem4f (.text:ti_sysbios_gates_GateMutex_Object__delete__S)
                  00005004    00000004     --HOLE-- [fill = 0]
                  00005008    00000024     sysbios.aem4f : BIOS.obj (.text:ti_sysbios_knl_Clock_Module_startup__E)
                  0000502c    00000004     --HOLE-- [fill = 0]
                  00005030    00000024                   : BIOS.obj (.text:ti_sysbios_knl_Semaphore_Instance_init__E)
                  00005054    00000004     --HOLE-- [fill = 0]
                  00005058    00000024                   : BIOS.obj (.text:ti_sysbios_knl_Task_restoreHwi__E)
                  0000507c    00000024     ti.targets.arm.rtsarm.aem4f : System.oem4f (.text:xdc_runtime_System_vprintf__E)
                  000050a0    00000022     empty_min.obj (.text:GPIOIntStatus)
                  000050c2    00000006     ti.targets.arm.rtsarm.aem4f : System.oem4f (.text:xdc_runtime_System_Module_startup__E)
                  000050c8    00000022     sysbios.aem4f : BIOS.obj (.text:ti_sysbios_family_arm_lm4_Timer_write__I)
                  000050ea    00000022     empty_min_pem4f.oem4f (.text:xdc_runtime_SysMin_output__I)
                  0000510c    00000020     empty_min.obj (.text:GPIOPinWrite)
                  0000512c    00000020     Boot.aem4f : Boot_sysctl.oem4f (.text:_SysCtlMemTimingGet)
                  0000514c    00000020     empty_min_pem4f.oem4f (.text:ti_sysbios_BIOS_rtsLock__I)
                  0000516c    00000020     sysbios.aem4f : m3_Hwi_asm.obj (.text:ti_sysbios_family_arm_m3_Hwi_excHandlerAsm__I)
                  0000518c    00000004     --HOLE-- [fill = 0]
                  00005190    00000020                   : BIOS.obj (.text:ti_sysbios_family_arm_m3_Hwi_excHandler__I)
                  000051b0    00000020     empty_min_pem4f.oem4f (.text:ti_sysbios_gates_GateHwi_Object__delete__S)
                  000051d0    00000020     empty_min_pem4f.oem4f (.text:ti_sysbios_heaps_HeapMem_Object__delete__S)
                  000051f0    00000020     sysbios.aem4f : BIOS.obj (.text:ti_sysbios_knl_Idle_run__E)
                  00005210    00000020     empty_min_pem4f.oem4f (.text:ti_sysbios_knl_Semaphore_Object__destruct__S)
                  00005230    00000020     ti.targets.arm.rtsarm.aem4f : Registry.oem4f (.text:xdc_runtime_Registry_findById__E)
                  00005250    00000020                                 : SysMin.oem4f (.text:xdc_runtime_SysMin_Module_startup__E)
                  00005270    0000001e     empty_min.obj (.text:TimerEnable)
                  0000528e    0000001e     sysbios.aem4f : m3_Hwi_asm_switch.obj (.text:ti_sysbios_family_xxx_Hwi_switchAndRunFunc)
                  000052ac    0000001c     drivers_tivaware.aem4f : GPIOTiva.oem4f (.text:getGpioIntIndex)
                  000052c8    0000001c     sysbios.aem4f : BIOS.obj (.text:ti_sysbios_gates_GateMutex_Instance_init__E)
                  000052e4    0000001c     empty_min_pem4f.oem4f (.text:ti_sysbios_knl_Queue_Object__destruct__S)
                  00005300    0000001c     sysbios.aem4f : BIOS.obj (.text:ti_sysbios_knl_Queue_put__E)
                  0000531c    00000004     --HOLE-- [fill = 0]
                  00005320    0000001c                   : BIOS.obj (.text:ti_sysbios_knl_Task_enter__I)
                  0000533c    0000001c     ti.targets.arm.rtsarm.aem4f : Error.oem4f (.text:xdc_runtime_Error_raiseX__E)
                  00005358    0000001c                                 : Memory.oem4f (.text:xdc_runtime_Memory_valloc__E)
                  00005374    0000001c                                 : SysMin.oem4f (.text:xdc_runtime_SysMin_exit__E)
                  00005390    0000001c                                 : System.oem4f (.text:xdc_runtime_System_abort__E)
                  000053ac    0000001a     empty_min.obj (.text:GPIOIntEnable)
                  000053c6    0000001a     empty_min_pem4f.oem4f (.text:ti_sysbios_family_arm_m3_Hwi_Handle__label__S)
                  000053e0    0000001a     empty_min_pem4f.oem4f (.text:ti_sysbios_gates_GateHwi_Handle__label__S)
                  000053fa    0000001a     empty_min_pem4f.oem4f (.text:ti_sysbios_gates_GateMutex_Handle__label__S)
                  00005414    0000001a     empty_min_pem4f.oem4f (.text:ti_sysbios_heaps_HeapMem_Handle__label__S)
                  0000542e    0000001a     empty_min_pem4f.oem4f (.text:ti_sysbios_knl_Swi_Handle__label__S)
                  00005448    0000001a     empty_min_pem4f.oem4f (.text:ti_sysbios_knl_Task_Handle__label__S)
                  00005462    0000001a     empty_min_pem4f.oem4f (.text:xdc_runtime_System_aprintf__E)
                  0000547c    0000001a     empty_min_pem4f.oem4f (.text:xdc_runtime_System_printf__E)
                  00005496    00000002     --HOLE-- [fill = 0]
                  00005498    00000018     rtsv7M4_T_le_v4SPD16_eabi.lib : args_main.obj (.text)
                  000054b0    00000018     empty_min_pem4f.oem4f (.text:ti_sysbios_BIOS_rtsUnlock__I)
                  000054c8    00000018     empty_min_pem4f.oem4f (.text:ti_sysbios_family_arm_lm4_Timer_Module__startupDone__F)
                  000054e0    00000018     empty_min_pem4f.oem4f (.text:ti_sysbios_family_arm_m3_Hwi_Module__startupDone__F)
                  000054f8    00000018     sysbios.aem4f : m3_TaskSupport_asm.obj (.text:ti_sysbios_family_arm_m3_TaskSupport_swap__E)
                  00005510    00000018                   : BIOS.obj (.text:ti_sysbios_gates_GateMutex_leave__E)
                  00005528    00000018                   : BIOS.obj (.text:ti_sysbios_knl_Task_sleepTimeout__I)
                  00005540    00000018     ti.targets.arm.rtsarm.aem4f : Error.oem4f (.text:xdc_runtime_Error_check__E)
                  00005558    00000018                                 : System.oem4f (.text:xdc_runtime_System_exit__E)
                  00005570    00000018                                 : Text.oem4f (.text:xdc_runtime_Text_ropeText__E)
                  00005588    00000016     empty_min_pem4f.oem4f (.text:ti_sysbios_BIOS_exitFunc__I)
                  0000559e    00000016     empty_min.obj (.text:ti_sysbios_knl_Task_Params_init)
                  000055b4    00000014     empty_min.obj (.text:GPIOIntClear)
                  000055c8    00000014     rtsv7M4_T_le_v4SPD16_eabi.lib : _lock.obj (.text)
                  000055dc    00000014                                   : strlen.obj (.text)
                  000055f0    00000014     empty_min_pem4f.oem4f (.text:ti_sysbios_family_arm_m3_Hwi_Object__get__S)
                  00005604    00000004     --HOLE-- [fill = 0]
                  00005608    00000014     sysbios.aem4f : BIOS.obj (.text:ti_sysbios_family_arm_m3_Hwi_switchFromBootStack__E)
                  0000561c    00000014     empty_min_pem4f.oem4f (.text:ti_sysbios_heaps_HeapMem_Object__get__S)
                  00005630    00000014     empty_min_pem4f.oem4f (.text:ti_sysbios_knl_Swi_Object__get__S)
                  00005644    00000004     --HOLE-- [fill = 0]
                  00005648    00000012     sysbios.aem4f : BIOS.obj (.text:ti_sysbios_hal_Hwi_Module_startup__E)
                  0000565a    00000012     empty_min_pem4f.oem4f (.text:xdc_runtime_Startup_exec__I)
                  0000566c    00000010     empty_min_pem4f.oem4f (.text:.bootCodeSection:ti_catalog_arm_cortexm4_tiva_ce_Boot_init__I)
                  0000567c    00000004     --HOLE-- [fill = 0]
                  00005680    00000010     sysbios.aem4f : BIOS.obj (.text:ti_sysbios_BIOS_setThreadType__E)
                  00005690    00000010                   : BIOS.obj (.text:ti_sysbios_BIOS_start__E)
                  000056a0    00000010                   : m3_TaskSupport_asm.obj (.text:ti_sysbios_family_arm_m3_TaskSupport_glue)
                  000056b0    00000010                   : BIOS.obj (.text:ti_sysbios_gates_GateMutex_Instance_finalize__E)
                  000056c0    00000010                   : BIOS.obj (.text:ti_sysbios_knl_Semaphore_Instance_finalize__E)
                  000056d0    00000010                   : BIOS.obj (.text:ti_sysbios_knl_Swi_disable__E)
                  000056e0    00000010                   : BIOS.obj (.text:ti_sysbios_knl_Task_disable__E)
                  000056f0    00000010     ti.targets.arm.rtsarm.aem4f : Gate.oem4f (.text:xdc_runtime_Gate_leaveSystem__E)
                  00005700    00000010                                 : Memory.oem4f (.text:xdc_runtime_Memory_free__E)
                  00005710    00000010                                 : SysMin.oem4f (.text:xdc_runtime_SysMin_ready__E)
                  00005720    00000010                                 : System.oem4f (.text:xdc_runtime_System_vsnprintf__E)
                  00005730    00000010     empty_min_pem4f.oem4f (.text:xdc_runtime_Text_visitRope__I)
                  00005740    0000000e     rtsv7M4_T_le_v4SPD16_eabi.lib : copy_decompress_none.obj (.text:decompress:none)
                  0000574e    0000000e     empty_min.obj (.text:heartBeatFxn)
                  0000575c    00000004     --HOLE-- [fill = 0]
                  00005760    0000000e     sysbios.aem4f : BIOS.obj (.text:ti_sysbios_knl_Queue_empty__E)
                  0000576e    0000000e     empty_min_pem4f.oem4f (.text:ti_sysbios_knl_Task_Object__get__S)
                  0000577c    0000000c     rtsv7M4_T_le_v4SPD16_eabi.lib : copy_zero_init.obj (.text:decompress:ZI)
                  00005788    0000000c     sysbios.aem4f : BIOS.obj (.text:ti_sysbios_family_arm_lm4_Timer_getMaxTicks__E)
                  00005794    0000000c     empty_min_pem4f.oem4f (.text:ti_sysbios_family_arm_m3_Hwi_Params__init__S)
                  000057a0    0000000c     sysbios.aem4f : BIOS.obj (.text:ti_sysbios_family_arm_m3_Hwi_disableFxn__E)
                  000057ac    00000004     --HOLE-- [fill = 0]
                  000057b0    0000000c                   : BIOS.obj (.text:ti_sysbios_family_arm_m3_TaskSupport_getStackAlignment__E)
                  000057bc    00000004     --HOLE-- [fill = 0]
                  000057c0    0000000c                   : BIOS.obj (.text:ti_sysbios_gates_GateHwi_enter__E)
                  000057cc    0000000c     empty_min_pem4f.oem4f (.text:ti_sysbios_knl_Queue_Object__get__S)
                  000057d8    0000000c     empty_min_pem4f.oem4f (.text:ti_sysbios_knl_Task_Params__init__S)
                  000057e4    0000000c     ti.targets.arm.rtsarm.aem4f : Error.oem4f (.text:xdc_runtime_Error_init__E)
                  000057f0    0000000c                                 : Gate.oem4f (.text:xdc_runtime_Gate_enterSystem__E)
                  000057fc    0000000c                                 : Memory.oem4f (.text:xdc_runtime_Memory_calloc__E)
                  00005808    0000000c                                 : Memory.oem4f (.text:xdc_runtime_Memory_getMaxDefaultTypeAlign__E)
                  00005814    0000000a     empty_min_pem4f.oem4f (.text:xdc_runtime_IHeap_alloc)
                  0000581e    0000000a     empty_min_pem4f.oem4f (.text:xdc_runtime_IHeap_free)
                  00005828    00000008     DK_TM4C129X.obj (.text:DK_TM4C129X_initGPIO)
                  00005830    00000008     sysbios.aem4f : BIOS.obj (.text:ti_sysbios_family_arm_lm4_Timer_masterDisable__I)
                  00005838    00000008                   : BIOS.obj (.text:ti_sysbios_family_arm_m3_Hwi_doSwiRestore__I)
                  00005840    00000008                   : BIOS.obj (.text:ti_sysbios_family_arm_m3_Hwi_startup__E)
                  00005848    00000006                   : BIOS.obj (.text:ti_sysbios_family_arm_m3_Hwi_doTaskRestore__I)
                  0000584e    00000002     --HOLE-- [fill = 0]
                  00005850    00000006                   : BIOS.obj (.text:ti_sysbios_family_arm_m3_Hwi_restoreFxn__E)
                  00005856    00000002     --HOLE-- [fill = 0]
                  00005858    00000006                   : BIOS.obj (.text:ti_sysbios_gates_GateHwi_leave__E)
                  0000585e    00000002     --HOLE-- [fill = 0]
                  00005860    00000006                   : BIOS.obj (.text:ti_sysbios_heaps_HeapMem_isBlocking__E)
                  00005866    00000002     --HOLE-- [fill = 0]
                  00005868    00000006                   : BIOS.obj (.text:ti_sysbios_knl_Queue_Instance_init__E)
                  0000586e    00000002     --HOLE-- [fill = 0]
                  00005870    00000006                   : BIOS.obj (.text:ti_sysbios_knl_Swi_startup__E)
                  00005876    00000002     --HOLE-- [fill = 0]
                  00005878    00000004                   : BIOS.obj (.text:ti_sysbios_gates_GateHwi_query__E)
                  0000587c    00000004     --HOLE-- [fill = 0]
                  00005880    00000004                   : BIOS.obj (.text:ti_sysbios_gates_GateMutex_query__E)
                  00005884    00000004     --HOLE-- [fill = 0]
                  00005888    00000004                   : BIOS.obj (.text:ti_sysbios_knl_Task_startup__E)
                  0000588c    00000004     --HOLE-- [fill = 0]
                  00005890    00000002                   : BIOS.obj (.text:ti_sysbios_gates_GateHwi_Instance_init__E)
                  00005892    00000006     --HOLE-- [fill = 0]
                  00005898    00000002                   : BIOS.obj (.text:ti_sysbios_knl_Clock_logTick__E)

.const     0    0000589c    000020a9     
                  0000589c    00001844     empty_min_pem4f.oem4f (.const:xdc_runtime_Text_charTab__A)
                  000070e0    00000120     Boot.aem4f : Boot_sysctl.oem4f (.const:g_pppui32XTALtoVCO)
                  00007200    000000bc     empty_min_pem4f.oem4f (.const:xdc_runtime_Text_nodeTab__A)
                  000072bc    00000090     empty_min.obj (.const:g_pui32GPIOBaseAddrs)
                  0000734c    0000006c     Boot.aem4f : Boot_sysctl.oem4f (.const:g_pui32Xtals)
                  000073b8    0000006c     empty_min.obj (.const:g_pui32Xtals)
                  00007424    00000054     drivers_tivaware.aem4f : GPIOTiva.oem4f (.const:.string)
                  00007478    00000048     empty_min_pem4f.oem4f (.const:.string)
                  000074c0    00000048     drivers_tivaware.aem4f : GPIOTiva.oem4f (.const:gpioBaseAddresses)
                  00007508    0000003c     empty_min_pem4f.oem4f (.const:ti_sysbios_knl_Task_Object__PARAMS__C)
                  00007544    00000030     Boot.aem4f : Boot_sysctl.oem4f (.const:g_sXTALtoMEMTIM)
                  00007574    00000030     empty_min_pem4f.oem4f (.const:ti_sysbios_family_arm_m3_Hwi_Object__PARAMS__C)
                  000075a4    00000028     empty_min_pem4f.oem4f (.const:ti_sysbios_heaps_HeapMem_Module__FXNS__C)
                  000075cc    00000024     empty_min_pem4f.oem4f (.const:ti_sysbios_gates_GateHwi_Module__FXNS__C)
                  000075f0    00000024     empty_min_pem4f.oem4f (.const:ti_sysbios_gates_GateMutex_Module__FXNS__C)
                  00007614    00000024     empty_min_pem4f.oem4f (.const:ti_sysbios_heaps_HeapMem_Object__PARAMS__C)
                  00007638    00000024     empty_min_pem4f.oem4f (.const:ti_sysbios_knl_Semaphore_Object__PARAMS__C)
                  0000765c    00000020     empty_min_pem4f.oem4f (.const:ti_sysbios_family_arm_m3_Hwi_Object__DESC__C)
                  0000767c    00000020     empty_min_pem4f.oem4f (.const:ti_sysbios_gates_GateHwi_Object__DESC__C)
                  0000769c    00000020     empty_min_pem4f.oem4f (.const:ti_sysbios_gates_GateMutex_Object__DESC__C)
                  000076bc    00000020     empty_min_pem4f.oem4f (.const:ti_sysbios_heaps_HeapMem_Object__DESC__C)
                  000076dc    00000020     empty_min_pem4f.oem4f (.const:ti_sysbios_knl_Queue_Object__DESC__C)
                  000076fc    00000020     empty_min_pem4f.oem4f (.const:ti_sysbios_knl_Semaphore_Object__DESC__C)
                  0000771c    00000020     empty_min_pem4f.oem4f (.const:ti_sysbios_knl_Task_Object__DESC__C)
                  0000773c    00000020     empty_min_pem4f.oem4f (.const:xdc_runtime_Startup_sfxnTab__A)
                  0000775c    00000018     empty_min_pem4f.oem4f (.const:ti_sysbios_gates_GateHwi_Object__PARAMS__C)
                  00007774    00000018     empty_min_pem4f.oem4f (.const:ti_sysbios_gates_GateMutex_Object__PARAMS__C)
                  0000778c    00000018     empty_min_pem4f.oem4f (.const:ti_sysbios_knl_Queue_Object__PARAMS__C)
                  000077a4    00000014     DK_TM4C129X.obj (.const:GPIOTiva_config)
                  000077b8    00000014     empty_min_pem4f.oem4f (.const:xdc_runtime_Startup_firstFxns__A)
                  000077cc    00000010     empty_min_pem4f.oem4f (.const:xdc_runtime_Startup_sfxnRts__A)
                  000077dc    00000008     Boot.aem4f : Boot_sysctl.oem4f (.const)
                  000077e4    00000008     empty_min_pem4f.oem4f (.const:ti_sysbios_family_arm_m3_Hwi_excHookFuncs__A)
                  000077ec    00000008     empty_min_pem4f.oem4f (.const:ti_sysbios_knl_Idle_funcList__C)
                  000077f4    00000008     empty_min_pem4f.oem4f (.const:xdc_runtime_Startup_firstFxns__C)
                  000077fc    00000008     empty_min_pem4f.oem4f (.const:xdc_runtime_Startup_lastFxns__C)
                  00007804    00000004     empty_min_pem4f.oem4f (.const:ti_catalog_arm_cortexm4_tiva_ce_Boot_A_mustNotUseEnhancedClockMode__C)
                  00007808    00000004     empty_min_pem4f.oem4f (.const:ti_catalog_arm_cortexm4_tiva_ce_Boot_Module__diagsEnabled__C)
                  0000780c    00000004     empty_min_pem4f.oem4f (.const:ti_catalog_arm_cortexm4_tiva_ce_Boot_Module__diagsIncluded__C)
                  00007810    00000004     empty_min_pem4f.oem4f (.const:ti_catalog_arm_cortexm4_tiva_ce_Boot_Module__diagsMask__C)
                  00007814    00000004     empty_min_pem4f.oem4f (.const:ti_sysbios_family_arm_lm4_Timer_enableFunc__C)
                  00007818    00000004     empty_min_pem4f.oem4f (.const:ti_sysbios_family_arm_lm4_Timer_numTimerDevices__C)
                  0000781c    00000004     empty_min_pem4f.oem4f (.const:ti_sysbios_family_arm_lm4_Timer_startupNeeded__C)
                  00007820    00000004     empty_min_pem4f.oem4f (.const:ti_sysbios_family_arm_m3_Hwi_E_NMI__C)
                  00007824    00000004     empty_min_pem4f.oem4f (.const:ti_sysbios_family_arm_m3_Hwi_E_alreadyDefined__C)
                  00007828    00000004     empty_min_pem4f.oem4f (.const:ti_sysbios_family_arm_m3_Hwi_E_busFault__C)
                  0000782c    00000004     empty_min_pem4f.oem4f (.const:ti_sysbios_family_arm_m3_Hwi_E_debugMon__C)
                  00007830    00000004     empty_min_pem4f.oem4f (.const:ti_sysbios_family_arm_m3_Hwi_E_hardFault__C)
                  00007834    00000004     empty_min_pem4f.oem4f (.const:ti_sysbios_family_arm_m3_Hwi_E_memFault__C)
                  00007838    00000004     empty_min_pem4f.oem4f (.const:ti_sysbios_family_arm_m3_Hwi_E_noIsr__C)
                  0000783c    00000004     empty_min_pem4f.oem4f (.const:ti_sysbios_family_arm_m3_Hwi_E_reserved__C)
                  00007840    00000004     empty_min_pem4f.oem4f (.const:ti_sysbios_family_arm_m3_Hwi_E_svCall__C)
                  00007844    00000004     empty_min_pem4f.oem4f (.const:ti_sysbios_family_arm_m3_Hwi_E_usageFault__C)
                  00007848    00000004     empty_min_pem4f.oem4f (.const:ti_sysbios_family_arm_m3_Hwi_NUM_INTERRUPTS__C)
                  0000784c    00000004     empty_min_pem4f.oem4f (.const:ti_sysbios_family_arm_m3_Hwi_Object__count__C)
                  00007850    00000004     empty_min_pem4f.oem4f (.const:ti_sysbios_family_arm_m3_Hwi_ccr__C)
                  00007854    00000004     empty_min_pem4f.oem4f (.const:ti_sysbios_family_arm_m3_Hwi_excHandlerFunc__C)
                  00007858    00000004     empty_min_pem4f.oem4f (.const:ti_sysbios_family_arm_m3_Hwi_excHookFuncs__C)
                  0000785c    00000004     empty_min_pem4f.oem4f (.const:ti_sysbios_family_arm_m3_Hwi_nullIsrFunc__C)
                  00007860    00000004     empty_min_pem4f.oem4f (.const:ti_sysbios_family_arm_m3_Hwi_priGroup__C)
                  00007864    00000004     empty_min_pem4f.oem4f (.const:ti_sysbios_family_arm_m3_TaskSupport_stackAlignment__C)
                  00007868    00000004     empty_min_pem4f.oem4f (.const:ti_sysbios_gates_GateMutex_Instance_State_sem__O)
                  0000786c    00000004     empty_min_pem4f.oem4f (.const:ti_sysbios_heaps_HeapMem_E_memory__C)
                  00007870    00000004     empty_min_pem4f.oem4f (.const:ti_sysbios_heaps_HeapMem_Module__gateObj__C)
                  00007874    00000004     empty_min_pem4f.oem4f (.const:ti_sysbios_heaps_HeapMem_Object__count__C)
                  00007878    00000004     empty_min_pem4f.oem4f (.const:ti_sysbios_heaps_HeapMem_reqAlign__C)
                  0000787c    00000004     empty_min_pem4f.oem4f (.const:ti_sysbios_knl_Clock_Module_State_clockQ__O)
                  00007880    00000004     empty_min_pem4f.oem4f (.const:ti_sysbios_knl_Semaphore_Instance_State_pendQ__O)
                  00007884    00000004     empty_min_pem4f.oem4f (.const:ti_sysbios_knl_Swi_Object__count__C)
                  00007888    00000004     empty_min_pem4f.oem4f (.const:ti_sysbios_knl_Task_Module_State_inactiveQ__O)
                  0000788c    00000004     empty_min_pem4f.oem4f (.const:ti_sysbios_knl_Task_Object__count__C)
                  00007890    00000004     empty_min_pem4f.oem4f (.const:ti_sysbios_knl_Task_allBlockedFunc__C)
                  00007894    00000004     empty_min_pem4f.oem4f (.const:ti_sysbios_knl_Task_defaultStackHeap__C)
                  00007898    00000004     empty_min_pem4f.oem4f (.const:ti_sysbios_knl_Task_defaultStackSize__C)
                  0000789c    00000004     empty_min_pem4f.oem4f (.const:ti_sysbios_knl_Task_numConstructedTasks__C)
                  000078a0    00000004     empty_min_pem4f.oem4f (.const:xdc_runtime_Assert_E_assertFailed__C)
                  000078a4    00000004     empty_min_pem4f.oem4f (.const:xdc_runtime_Core_A_initializedParams__C)
                  000078a8    00000004     empty_min_pem4f.oem4f (.const:xdc_runtime_Core_Module__diagsEnabled__C)
                  000078ac    00000004     empty_min_pem4f.oem4f (.const:xdc_runtime_Core_Module__diagsIncluded__C)
                  000078b0    00000004     empty_min_pem4f.oem4f (.const:xdc_runtime_Core_Module__diagsMask__C)
                  000078b4    00000004     empty_min_pem4f.oem4f (.const:xdc_runtime_Error_E_memory__C)
                  000078b8    00000004     empty_min_pem4f.oem4f (.const:xdc_runtime_Error_Module__diagsEnabled__C)
                  000078bc    00000004     empty_min_pem4f.oem4f (.const:xdc_runtime_Error_Module__diagsIncluded__C)
                  000078c0    00000004     empty_min_pem4f.oem4f (.const:xdc_runtime_Error_Module__diagsMask__C)
                  000078c4    00000004     empty_min_pem4f.oem4f (.const:xdc_runtime_Error_Module__loggerFxn8__C)
                  000078c8    00000004     empty_min_pem4f.oem4f (.const:xdc_runtime_Error_Module__loggerObj__C)
                  000078cc    00000004     empty_min_pem4f.oem4f (.const:xdc_runtime_Error_policyFxn__C)
                  000078d0    00000004     empty_min_pem4f.oem4f (.const:xdc_runtime_Error_raiseHook__C)
                  000078d4    00000004     empty_min_pem4f.oem4f (.const:xdc_runtime_IGateProvider_Interface__BASE__C)
                  000078d8    00000004     empty_min_pem4f.oem4f (.const:xdc_runtime_IHeap_Interface__BASE__C)
                  000078dc    00000004     empty_min_pem4f.oem4f (.const:xdc_runtime_IModule_Interface__BASE__C)
                  000078e0    00000004     empty_min_pem4f.oem4f (.const:xdc_runtime_Log_L_error__C)
                  000078e4    00000004     empty_min_pem4f.oem4f (.const:xdc_runtime_Memory_defaultHeapInstance__C)
                  000078e8    00000004     empty_min_pem4f.oem4f (.const:xdc_runtime_Startup_execImpl__C)
                  000078ec    00000004     empty_min_pem4f.oem4f (.const:xdc_runtime_Startup_maxPasses__C)
                  000078f0    00000004     empty_min_pem4f.oem4f (.const:xdc_runtime_Startup_sfxnRts__C)
                  000078f4    00000004     empty_min_pem4f.oem4f (.const:xdc_runtime_Startup_sfxnTab__C)
                  000078f8    00000004     empty_min_pem4f.oem4f (.const:xdc_runtime_SysMin_bufSize__C)
                  000078fc    00000004     empty_min_pem4f.oem4f (.const:xdc_runtime_SysMin_outputFunc__C)
                  00007900    00000004     empty_min_pem4f.oem4f (.const:xdc_runtime_System_Module__gateObj__C)
                  00007904    00000004     empty_min_pem4f.oem4f (.const:xdc_runtime_System_abortFxn__C)
                  00007908    00000004     empty_min_pem4f.oem4f (.const:xdc_runtime_System_exitFxn__C)
                  0000790c    00000004     empty_min_pem4f.oem4f (.const:xdc_runtime_System_extendFxn__C)
                  00007910    00000004     empty_min_pem4f.oem4f (.const:xdc_runtime_System_maxAtexitHandlers__C)
                  00007914    00000004     empty_min_pem4f.oem4f (.const:xdc_runtime_Text_charTab__C)
                  00007918    00000004     empty_min_pem4f.oem4f (.const:xdc_runtime_Text_nameEmpty__C)
                  0000791c    00000004     empty_min_pem4f.oem4f (.const:xdc_runtime_Text_nameStatic__C)
                  00007920    00000004     empty_min_pem4f.oem4f (.const:xdc_runtime_Text_nameUnknown__C)
                  00007924    00000004     empty_min_pem4f.oem4f (.const:xdc_runtime_Text_nodeTab__C)
                  00007928    00000004     empty_min_pem4f.oem4f (.const:xdc_runtime_Text_visitRopeFxn__C)
                  0000792c    00000002     empty_min_pem4f.oem4f (.const:ti_catalog_arm_cortexm4_tiva_ce_Boot_Module__id__C)
                  0000792e    00000002     empty_min_pem4f.oem4f (.const:ti_sysbios_family_arm_m3_Hwi_Module__id__C)
                  00007930    00000002     empty_min_pem4f.oem4f (.const:ti_sysbios_heaps_HeapMem_Module__id__C)
                  00007932    00000002     empty_min_pem4f.oem4f (.const:xdc_runtime_Core_Module__id__C)
                  00007934    00000002     empty_min_pem4f.oem4f (.const:xdc_runtime_Error_Module__loggerDefined__C)
                  00007936    00000002     empty_min_pem4f.oem4f (.const:xdc_runtime_Error_maxDepth__C)
                  00007938    00000002     empty_min_pem4f.oem4f (.const:xdc_runtime_Memory_Module__id__C)
                  0000793a    00000002     empty_min_pem4f.oem4f (.const:xdc_runtime_SysMin_flushAtExit__C)
                  0000793c    00000002     empty_min_pem4f.oem4f (.const:xdc_runtime_Text_charCnt__C)
                  0000793e    00000002     empty_min_pem4f.oem4f (.const:xdc_runtime_Text_isLoaded__C)
                  00007940    00000002     empty_min_pem4f.oem4f (.const:xdc_runtime_Text_registryModsLastId__C)
                  00007942    00000002     empty_min_pem4f.oem4f (.const:xdc_runtime_Text_unnamedModsLastId__C)
                  00007944    00000001     empty_min_pem4f.oem4f (.const:xdc_runtime_Error_policy__C)

.cinit     0    00007948    00000220     
                  00007948    000001eb     (.cinit..data.load) [load image, compression = lzss]
                  00007b33    00000001     --HOLE-- [fill = 0]
                  00007b34    0000000c     (__TI_handler_table)
                  00007b40    00000008     (.cinit..bss.load) [load image, compression = zero_init]
                  00007b48    00000008     (.cinit..vecs.load) [load image, compression = zero_init]
                  00007b50    00000018     (__TI_cinit_table)

.init_array 
*          0    00000000    00000000     UNINITIALIZED

.resetVecs 
*          0    00000000    0000003c     
                  00000000    0000003c     empty_min_pem4f.oem4f (.resetVecs)

.vecs      0    20000000    00000360     UNINITIALIZED
                  20000000    00000360     empty_min_pem4f.oem4f (.vecs)

.bss       0    20000360    00000bee     UNINITIALIZED
                  20000360    00000400     (.common:ti_sysbios_heaps_HeapMem_Instance_State_0_buf__A)
                  20000760    00000360     (.common:ti_sysbios_family_arm_m3_Hwi_dispatchTable)
                  20000ac0    00000200     (.common:task0Stack)
                  20000cc0    00000120     rtsv7M4_T_le_v4SPD16_eabi.lib : trgmsg.obj (.bss:_CIOBUF_)
                  20000de0    00000090     drivers_tivaware.aem4f : GPIOTiva.oem4f (.bss:gpioCallbackInfo)
                  20000e70    00000080     (.common:xdc_runtime_SysMin_Module_State_0_outbuf__A)
                  20000ef0    00000050     (.common:task0Struct)
                  20000f40    00000008     (.common:parmbuf)
                  20000f48    00000004     (.common:gpioInterruptVectors)
                  20000f4c    00000002     (.common:period)

.data      0    20000f50    0000043e     UNINITIALIZED
                  20000f50    00000080     empty_min_pem4f.oem4f (.data:ti_sysbios_knl_Swi_Module_State_0_readyQ__A)
                  20000fd0    00000080     empty_min_pem4f.oem4f (.data:ti_sysbios_knl_Task_Module_State_0_readyQ__A)
                  20001050    00000044     empty_min_pem4f.oem4f (.data:ti_sysbios_knl_Task_Module__state__V)
                  20001094    00000004     rtsv7M4_T_le_v4SPD16_eabi.lib : stkdepth_vars.obj (.data)
                  20001098    00000040     empty_min.obj (.data)
                  200010d8    00000040     empty_min_pem4f.oem4f (.data:ti_sysbios_family_arm_lm4_Timer_Module_State_0_device__A)
                  20001118    00000040     empty_min_pem4f.oem4f (.data:ti_sysbios_family_arm_lm4_Timer_Object__table__V)
                  20001158    00000038     empty_min_pem4f.oem4f (.data:ti_sysbios_gates_GateMutex_Object__table__V)
                  20001190    00000034     empty_min_pem4f.oem4f (.data:ti_sysbios_family_arm_m3_Hwi_Module__state__V)
                  200011c4    00000030     DK_TM4C129X.obj (.data:gpioPinConfigs)
                  200011f4    00000030     empty_min_pem4f.oem4f (.data:ti_sysbios_knl_Swi_Object__table__V)
                  20001224    0000002c     empty_min_pem4f.oem4f (.data:ti_sysbios_knl_Clock_Module__state__V)
                  20001250    00000024     empty_min_pem4f.oem4f (.data:ti_sysbios_BIOS_Module__state__V)
                  20001274    00000020     empty_min_pem4f.oem4f (.data:ti_sysbios_family_arm_lm4_Timer_Module_State_0_handles__A)
                  20001294    0000001c     empty_min_pem4f.oem4f (.data:ti_sysbios_knl_Swi_Module__state__V)
                  200012b0    00000018     empty_min_pem4f.oem4f (.data:ti_sysbios_family_arm_m3_Hwi_Object__table__V)
                  200012c8    00000018     empty_min_pem4f.oem4f (.data:ti_sysbios_heaps_HeapMem_Object__table__V)
                  200012e0    0000000c     rtsv7M4_T_le_v4SPD16_eabi.lib : exit.obj (.data:$O1$$)
                  200012ec    0000000c     DK_TM4C129X.obj (.data:gpioCallbackFunctions)
                  200012f8    0000000c     empty_min_pem4f.oem4f (.data:ti_sysbios_family_arm_lm4_Timer_Module__state__V)
                  20001304    0000000c     empty_min_pem4f.oem4f (.data:xdc_runtime_SysMin_Module__state__V)
                  20001310    00000008     rtsv7M4_T_le_v4SPD16_eabi.lib : _lock.obj (.data:$O1$$)
                  20001318    00000008     empty_min_pem4f.oem4f (.data:ti_sysbios_family_arm_m3_Hwi_Module__root__V)
                  20001320    00000008     empty_min_pem4f.oem4f (.data:ti_sysbios_gates_GateHwi_Module__root__V)
                  20001328    00000008     empty_min_pem4f.oem4f (.data:ti_sysbios_gates_GateMutex_Module__root__V)
                  20001330    00000008     empty_min_pem4f.oem4f (.data:ti_sysbios_heaps_HeapMem_Module__root__V)
                  20001338    00000008     empty_min_pem4f.oem4f (.data:ti_sysbios_knl_Queue_Module__root__V)
                  20001340    00000008     empty_min_pem4f.oem4f (.data:ti_sysbios_knl_Semaphore_Module__root__V)
                  20001348    00000008     empty_min_pem4f.oem4f (.data:ti_sysbios_knl_Task_Module__root__V)
                  20001350    00000008     empty_min_pem4f.oem4f (.data:xdc_runtime_Registry_Module__state__V)
                  20001358    00000008     empty_min_pem4f.oem4f (.data:xdc_runtime_Startup_Module__state__V)
                  20001360    00000008     empty_min_pem4f.oem4f (.data:xdc_runtime_System_Module_State_0_atexitHandlers__A)
                  20001368    00000008     empty_min_pem4f.oem4f (.data:xdc_runtime_System_Module__state__V)
                  20001370    00000005     drivers_tivaware.aem4f : GPIOTiva.oem4f (.data)
                  20001375    00000001     --HOLE--
                  20001376    00000002     empty_min_pem4f.oem4f (.data:ti_sysbios_family_arm_m3_Hwi_Module_State_0_excActive__A)
                  20001378    00000004     empty_min_pem4f.oem4f (.data:ti_sysbios_family_arm_m3_Hwi_Module_State_0_excContext__A)
                  2000137c    00000004     empty_min_pem4f.oem4f (.data:ti_sysbios_family_arm_m3_Hwi_Module_State_0_excStack__A)
                  20001380    00000004     empty_min_pem4f.oem4f (.data:ti_sysbios_gates_GateHwi_Object__table__V)
                  20001384    00000004     empty_min_pem4f.oem4f (.data:ti_sysbios_knl_Task_Module_State_0_idleTask__A)
                  20001388    00000004     empty_min_pem4f.oem4f (.data:xdc_runtime_Memory_Module__state__V)
                  2000138c    00000002     empty_min_pem4f.oem4f (.data:xdc_runtime_Error_Module__state__V)

.stack     0    20001390    00000300     UNINITIALIZED
                  20001390    00000300     --HOLE--

.bootVecs 
*          0    00000000    00000008     DSECT
                  00000000    00000008     boot.aem4f : boot.oem4f (.bootVecs)

xdc.meta   0    00000000    00000105     COPY SECTION
                  00000000    00000105     empty_min_pem4f.oem4f (xdc.meta)

MODULE SUMMARY

       Module                     code    ro data   rw data
       ------                     ----    -------   -------
    .\
       empty_min.obj              3644    252       658    
       DK_TM4C129X.obj            192     20        60     
    +--+--------------------------+-------+---------+---------+
       Total:                     3836    272       718    
                                                           
    C:\Users\zachh\Documents\RTOS\Assignment\EGH456\empty_min_DK_TM4C129X_TI\Debug\configPkg\package\cfg\
       empty_min_pem4f.oem4f      1656    7541      3812   
    +--+--------------------------+-------+---------+---------+
       Total:                     1656    7541      3812   
                                                           
    C:/ti/tirtos_tivac_2_16_00_08/products/tidrivers_tivac_2_16_00_08/packages/ti/drivers/lib/drivers_tivaware.aem4f
       GPIOTiva.oem4f             812     156       153    
    +--+--------------------------+-------+---------+---------+
       Total:                     812     156       153    
                                                           
    C:\Users\zachh\Documents\RTOS\Assignment\EGH456\empty_min_DK_TM4C129X_TI\src\sysbios\sysbios.aem4f
       BIOS.obj                   8784    0         0      
       m3_Hwi_asm.obj             314     0         0      
       m3_TaskSupport_asm.obj     180     0         0      
       m3_Hwi_asm_switch.obj      118     0         0      
    +--+--------------------------+-------+---------+---------+
       Total:                     9396    0         0      
                                                           
    C:\ti\ccsv7\tools\compiler\ti-cgt-arm_16.9.6.LTS\lib\rtsv7M4_T_le_v4SPD16_eabi.lib
       fd_add_t2.obj              438     0         0      
       trgmsg.obj                 104     0         288    
       fd_mul_t2.obj              252     0         0      
       memcpy_t2.obj              156     0         0      
       memset_t2.obj              122     0         0      
       copy_decompress_lzss.obj   104     0         0      
       exit.obj                   84      0         12     
       hostwrite.obj              88      0         0      
       cpy_tbl.obj                76      0         0      
       fd_tou_t2.obj              68      0         0      
       u_divt2.obj                64      0         0      
       i_tofd_t2.obj              46      0         0      
       _lock.obj                  20      0         8      
       args_main.obj              24      0         0      
       strlen.obj                 20      0         0      
       copy_decompress_none.obj   14      0         0      
       copy_zero_init.obj         12      0         0      
       hostopen.obj               0       0         8      
       stkdepth_vars.obj          0       0         4      
       i_div0.obj                 2       0         0      
    +--+--------------------------+-------+---------+---------+
       Total:                     1694    0         320    
                                                           
    C:\ti\tirtos_tivac_2_16_00_08\products\bios_6_45_01_29\packages\ti\catalog\arm\cortexm4\tiva\ce\lib\Boot.aem4f
       Boot_sysctl.oem4f          628     452       0      
       Boot.oem4f                 152     0         0      
    +--+--------------------------+-------+---------+---------+
       Total:                     780     452       0      
                                                           
    C:\ti\tirtos_tivac_2_16_00_08\products\bios_6_45_01_29\packages\ti\targets\arm\rtsarm\lib\auto_init.aem4f
       auto_init.oem4f            160     0         0      
    +--+--------------------------+-------+---------+---------+
       Total:                     160     0         0      
                                                           
    C:\ti\tirtos_tivac_2_16_00_08\products\bios_6_45_01_29\packages\ti\targets\arm\rtsarm\lib\boot.aem4f
       boot.oem4f                 88      0         0      
    +--+--------------------------+-------+---------+---------+
       Total:                     88      0         0      
                                                           
    C:\ti\tirtos_tivac_2_16_00_08\products\bios_6_45_01_29\packages\ti\targets\arm\rtsarm\lib\ti.targets.arm.rtsarm.aem4f
       System.oem4f               1255    0         0      
       Text.oem4f                 672     0         0      
       Error.oem4f                524     0         0      
       Core-mem.oem4f             358     0         0      
       Startup.oem4f              328     0         0      
       SysMin.oem4f               248     0         0      
       Core-smem.oem4f            204     0         0      
       Memory.oem4f               176     0         0      
       Assert.oem4f               84      0         0      
       Core-params.oem4f          70      0         0      
       Core-label.oem4f           52      0         0      
       Registry.oem4f             32      0         0      
       Gate.oem4f                 28      0         0      
    +--+--------------------------+-------+---------+---------+
       Total:                     4031    0         0      
                                                           
       Stack:                     0       0         768    
       Linker Generated:          0       543       0      
    +--+--------------------------+-------+---------+---------+
       Grand Total:               22453   8964      5771   


LINKER GENERATED COPY TABLES

__TI_cinit_table @ 00007b50 records: 3, size/record: 8, table size: 24
	.data: load addr=00007948, load size=000001eb bytes, run addr=20000f50, run size=0000043e bytes, compression=lzss
	.bss: load addr=00007b40, load size=00000008 bytes, run addr=20000360, run size=00000bee bytes, compression=zero_init
	.vecs: load addr=00007b48, load size=00000008 bytes, run addr=20000000, run size=00000360 bytes, compression=zero_init


LINKER GENERATED HANDLER TABLE

__TI_handler_table @ 00007b34 records: 3, size/record: 4, table size: 12
	index: 0, handler: __TI_decompress_lzss
	index: 1, handler: __TI_decompress_none
	index: 2, handler: __TI_zero_init


GLOBAL SYMBOLS: SORTED ALPHABETICALLY BY Name 

address   name                                                                 
-------   ----                                                                 
00003ea1  C$$EXIT                                                              
000038cb  C$$IO$$                                                              
00005829  DK_TM4C129X_initGPIO                                                 
00002b35  DK_TM4C129X_initGeneral                                              
00003b65  GPIODirModeSet                                                       
000055b5  GPIOIntClear                                                         
000053ad  GPIOIntEnable                                                        
000050a1  GPIOIntStatus                                                        
00002c9d  GPIOIntTypeSet                                                       
00000c75  GPIOPadConfigSet                                                     
000037cd  GPIOPinConfigure                                                     
00004ee5  GPIOPinTypeTimer                                                     
0000510d  GPIOPinWrite                                                         
000077a4  GPIOTiva_config                                                      
00004a9d  GPIO_enableInt                                                       
0000396d  GPIO_hwiIntFxn                                                       
00003215  GPIO_init                                                            
00003ff5  GPIO_setCallback                                                     
00001c0d  GPIO_setConfig                                                       
00004045  GPIO_write                                                           
00003df1  HOSTwrite                                                            
00000041  HallEffectCallback                                                   
UNDEFED   SHT$$INIT_ARRAY$$Base                                                
UNDEFED   SHT$$INIT_ARRAY$$Limit                                               
200010c4  Sw                                                                   
000012b5  SysCtlClockGet                                                       
00004513  SysCtlDelay                                                          
000046b9  SysCtlPeripheralEnable                                               
000032a1  TimerConfigure                                                       
00004959  TimerControlLevel                                                    
00005271  TimerEnable                                                          
00004df1  TimerLoadSet                                                         
00004e1b  TimerMatchSet                                                        
00000000  __ASM__                                                              
20000cc0  __CIOBUF_                                                            
00000083  __ISA__                                                              
00000096  __PLAT__                                                             
20001690  __STACK_END                                                          
00000300  __STACK_SIZE                                                         
000000b7  __TARG__                                                             
00007b50  __TI_CINIT_Base                                                      
00007b68  __TI_CINIT_Limit                                                     
00007b34  __TI_Handler_Table_Base                                              
00007b40  __TI_Handler_Table_Limit                                             
00002d41  __TI_auto_init                                                       
200012e0  __TI_cleanup_ptr                                                     
00003835  __TI_decompress_lzss                                                 
00005741  __TI_decompress_none                                                 
200012e4  __TI_dtors_ptr                                                       
200012e8  __TI_enable_exit_profile_output                                      
ffffffff  __TI_pprof_out_hndl                                                  
ffffffff  __TI_prof_data_size                                                  
ffffffff  __TI_prof_data_start                                                 
000038cf  __TI_readmsg                                                         
00007948  __TI_static_base__                                                   
0000389d  __TI_writemsg                                                        
0000577d  __TI_zero_init                                                       
000000dd  __TRDR__                                                             
000044cf  __aeabi_d2uiz                                                        
0000148f  __aeabi_dadd                                                         
000021c9  __aeabi_dmul                                                         
00001485  __aeabi_dsub                                                         
00004d11  __aeabi_i2d                                                          
00000eaf  __aeabi_idiv0                                                        
000034bd  __aeabi_memclr                                                       
000034bd  __aeabi_memclr4                                                      
000034bd  __aeabi_memclr8                                                      
00002e81  __aeabi_memcpy                                                       
00002e81  __aeabi_memcpy4                                                      
00002e81  __aeabi_memcpy8                                                      
000034bf  __aeabi_memset                                                       
000034bf  __aeabi_memset4                                                      
000034bf  __aeabi_memset8                                                      
000046f9  __aeabi_uidiv                                                        
000046f9  __aeabi_uidivmod                                                     
ffffffff  __binit__                                                            
ffffffff  __c_args__                                                           
20001390  __stack                                                              
00005499  _args_main                                                           
00003d99  _c_int00                                                             
20001310  _lock                                                                
000055d7  _nop                                                                 
000055cf  _register_lock                                                       
000055c9  _register_unlock                                                     
20001314  _unlock                                                              
00003ea5  abort                                                                
ffffffff  binit                                                                
200010c0  clockwise                                                            
000041d9  copy_in                                                              
200010a0  duty                                                                 
200010a8  error                                                                
200010b0  errorSum                                                             
00003ead  exit                                                                 
20001098  freq                                                                 
00004f09  gpioButtonFxn0                                                       
00004f2d  gpioButtonFxn1                                                       
200012ec  gpioCallbackFunctions                                                
200011c4  gpioPinConfigs                                                       
0000574f  heartBeatFxn                                                         
200010d0  ki                                                                   
200010c8  kp                                                                   
0000163d  main                                                                 
20001094  main_func_sp                                                         
00002e81  memcpy                                                               
000034c5  memset                                                               
000056e1  osi_TaskDisable                                                      
00005691  osi_start                                                            
20000f40  parmbuf                                                              
20000f4c  period                                                               
200010bc  setSpeed                                                             
200010b8  speed                                                                
000055dd  strlen                                                               
20000ac0  task0Stack                                                           
20000ef0  task0Struct                                                          
00007804  ti_catalog_arm_cortexm4_tiva_ce_Boot_A_mustNotUseEnhancedClockMode__C
00007808  ti_catalog_arm_cortexm4_tiva_ce_Boot_Module__diagsEnabled__C         
0000780c  ti_catalog_arm_cortexm4_tiva_ce_Boot_Module__diagsIncluded__C        
00007810  ti_catalog_arm_cortexm4_tiva_ce_Boot_Module__diagsMask__C            
0000792c  ti_catalog_arm_cortexm4_tiva_ce_Boot_Module__id__C                   
0000566d  ti_catalog_arm_cortexm4_tiva_ce_Boot_init__I                         
00000eb1  ti_catalog_arm_cortexm4_tiva_ce_Boot_sysCtlClockFreqSetI__I          
00002fb9  ti_catalog_arm_cortexm4_tiva_ce_Boot_sysCtlClockFreqSet__E           
20001250  ti_sysbios_BIOS_Module__state__V                                     
000053fb  ti_sysbios_BIOS_RtsGateProxy_Handle__label__S                        
00004fe1  ti_sysbios_BIOS_RtsGateProxy_Object__delete__S                       
000004f5  ti_sysbios_BIOS_RtsGateProxy_enter__E                                
000010b5  ti_sysbios_BIOS_RtsGateProxy_leave__E                                
00005881  ti_sysbios_BIOS_RtsGateProxy_query__E                                
00004acd  ti_sysbios_BIOS_atExitFunc__I                                        
00004f51  ti_sysbios_BIOS_errorRaiseHook__I                                    
00005589  ti_sysbios_BIOS_exitFunc__I                                          
0000163b  ti_sysbios_BIOS_nullFunc__I                                          
00004f75  ti_sysbios_BIOS_registerRTSLock__I                                   
00004f99  ti_sysbios_BIOS_removeRTSLock__I                                     
0000514d  ti_sysbios_BIOS_rtsLock__I                                           
000054b1  ti_sysbios_BIOS_rtsUnlock__I                                         
00005681  ti_sysbios_BIOS_setThreadType__E                                     
00004fbd  ti_sysbios_BIOS_startFunc__I                                         
00005691  ti_sysbios_BIOS_start__E                                             
200010d8  ti_sysbios_family_arm_lm4_Timer_Module_State_0_device__A             
20001274  ti_sysbios_family_arm_lm4_Timer_Module_State_0_handles__A            
000054c9  ti_sysbios_family_arm_lm4_Timer_Module__startupDone__F               
000054c9  ti_sysbios_family_arm_lm4_Timer_Module__startupDone__S               
200012f8  ti_sysbios_family_arm_lm4_Timer_Module__state__V                     
000039d1  ti_sysbios_family_arm_lm4_Timer_Module_startup__E                    
20001118  ti_sysbios_family_arm_lm4_Timer_Object__table__V                     
00007814  ti_sysbios_family_arm_lm4_Timer_enableFunc__C                        
00004369  ti_sysbios_family_arm_lm4_Timer_enableTimers__I                      
00002bf1  ti_sysbios_family_arm_lm4_Timer_enableTiva__I                        
00005789  ti_sysbios_family_arm_lm4_Timer_getMaxTicks__E                       
00003ef9  ti_sysbios_family_arm_lm4_Timer_initDevice__I                        
00004519  ti_sysbios_family_arm_lm4_Timer_isrStub__E                           
00005831  ti_sysbios_family_arm_lm4_Timer_masterDisable__I                     
0000194d  ti_sysbios_family_arm_lm4_Timer_masterEnable__I                      
00007818  ti_sysbios_family_arm_lm4_Timer_numTimerDevices__C                   
00001fc1  ti_sysbios_family_arm_lm4_Timer_start__E                             
0000781c  ti_sysbios_family_arm_lm4_Timer_startupNeeded__C                     
00004739  ti_sysbios_family_arm_lm4_Timer_startup__E                           
00004b01  ti_sysbios_family_arm_lm4_Timer_stop__E                              
000050c9  ti_sysbios_family_arm_lm4_Timer_write__I                             
00007820  ti_sysbios_family_arm_m3_Hwi_E_NMI__C                                
00007824  ti_sysbios_family_arm_m3_Hwi_E_alreadyDefined__C                     
00007828  ti_sysbios_family_arm_m3_Hwi_E_busFault__C                           
0000782c  ti_sysbios_family_arm_m3_Hwi_E_debugMon__C                           
00007830  ti_sysbios_family_arm_m3_Hwi_E_hardFault__C                          
00007834  ti_sysbios_family_arm_m3_Hwi_E_memFault__C                           
00007838  ti_sysbios_family_arm_m3_Hwi_E_noIsr__C                              
0000783c  ti_sysbios_family_arm_m3_Hwi_E_reserved__C                           
00007840  ti_sysbios_family_arm_m3_Hwi_E_svCall__C                             
00007844  ti_sysbios_family_arm_m3_Hwi_E_usageFault__C                         
000053c7  ti_sysbios_family_arm_m3_Hwi_Handle__label__S                        
00004991  ti_sysbios_family_arm_m3_Hwi_Instance_finalize__E                    
00003051  ti_sysbios_family_arm_m3_Hwi_Instance_init__E                        
20001376  ti_sysbios_family_arm_m3_Hwi_Module_State_0_excActive__A             
20001378  ti_sysbios_family_arm_m3_Hwi_Module_State_0_excContext__A            
2000137c  ti_sysbios_family_arm_m3_Hwi_Module_State_0_excStack__A              
0000792e  ti_sysbios_family_arm_m3_Hwi_Module__id__C                           
20001318  ti_sysbios_family_arm_m3_Hwi_Module__root__V                         
000054e1  ti_sysbios_family_arm_m3_Hwi_Module__startupDone__F                  
000054e1  ti_sysbios_family_arm_m3_Hwi_Module__startupDone__S                  
20001190  ti_sysbios_family_arm_m3_Hwi_Module__state__V                        
000040e9  ti_sysbios_family_arm_m3_Hwi_Module_startup__E                       
00007848  ti_sysbios_family_arm_m3_Hwi_NUM_INTERRUPTS__C                       
0000765c  ti_sysbios_family_arm_m3_Hwi_Object__DESC__C                         
00007574  ti_sysbios_family_arm_m3_Hwi_Object__PARAMS__C                       
0000784c  ti_sysbios_family_arm_m3_Hwi_Object__count__C                        
000055f1  ti_sysbios_family_arm_m3_Hwi_Object__get__S                          
200012b0  ti_sysbios_family_arm_m3_Hwi_Object__table__V                        
00005795  ti_sysbios_family_arm_m3_Hwi_Params__init__S                         
00007850  ti_sysbios_family_arm_m3_Hwi_ccr__C                                  
00003a35  ti_sysbios_family_arm_m3_Hwi_create                                  
000057a1  ti_sysbios_family_arm_m3_Hwi_disableFxn__E                           
000043b1  ti_sysbios_family_arm_m3_Hwi_disableInterrupt__E                     
00003a99  ti_sysbios_family_arm_m3_Hwi_dispatchC__I                            
20000760  ti_sysbios_family_arm_m3_Hwi_dispatchTable                           
000024b5  ti_sysbios_family_arm_m3_Hwi_dispatch__I                             
00005839  ti_sysbios_family_arm_m3_Hwi_doSwiRestore__I                         
00005849  ti_sysbios_family_arm_m3_Hwi_doTaskRestore__I                        
000043f9  ti_sysbios_family_arm_m3_Hwi_enableInterrupt__E                      
000017d9  ti_sysbios_family_arm_m3_Hwi_excBusFault__I                          
000028f9  ti_sysbios_family_arm_m3_Hwi_excDebugMon__I                          
000004f9  ti_sysbios_family_arm_m3_Hwi_excDumpRegs__I                          
0000516d  ti_sysbios_family_arm_m3_Hwi_excHandlerAsm__I                        
00007854  ti_sysbios_family_arm_m3_Hwi_excHandlerFunc__C                       
000010b9  ti_sysbios_family_arm_m3_Hwi_excHandlerMax__I                        
00005191  ti_sysbios_family_arm_m3_Hwi_excHandler__I                           
000029b9  ti_sysbios_family_arm_m3_Hwi_excHardFault__I                         
000077e4  ti_sysbios_family_arm_m3_Hwi_excHookFuncs__A                         
00007858  ti_sysbios_family_arm_m3_Hwi_excHookFuncs__C                         
00001d61  ti_sysbios_family_arm_m3_Hwi_excMemFault__I                          
000049c9  ti_sysbios_family_arm_m3_Hwi_excNmi__I                               
00004879  ti_sysbios_family_arm_m3_Hwi_excNoIsr__I                             
00004441  ti_sysbios_family_arm_m3_Hwi_excReserved__I                          
000047b9  ti_sysbios_family_arm_m3_Hwi_excSvCall__I                            
00001951  ti_sysbios_family_arm_m3_Hwi_excUsageFault__I                        
00004561  ti_sysbios_family_arm_m3_Hwi_getStackInfo__E                         
[...]
000056a1  ti_sysbios_family_arm_m3_TaskSupport_glue                            
000056b1  ti_sysbios_gates_GateMutex_Instance_finalize__E                      
000056c1  ti_sysbios_knl_Semaphore_Instance_finalize__E                        
000056d1  ti_sysbios_knl_Swi_disable__E                                        
000056e1  osi_TaskDisable                                                      
000056e1  ti_sysbios_knl_Task_disable__E                                       
000056f1  xdc_runtime_Gate_leaveSystem__E                                      
00005701  xdc_runtime_Memory_free__E                                           
00005711  xdc_runtime_SysMin_ready__E                                          
00005711  xdc_runtime_System_SupportProxy_ready__E                             
00005721  xdc_runtime_System_vsnprintf__E                                      
00005731  xdc_runtime_Text_visitRope__I                                        
00005741  __TI_decompress_none                                                 
0000574f  heartBeatFxn                                                         
00005761  ti_sysbios_knl_Queue_empty__E                                        
0000576f  ti_sysbios_knl_Task_Object__get__S                                   
0000577d  __TI_zero_init                                                       
00005789  ti_sysbios_family_arm_lm4_Timer_getMaxTicks__E                       
00005795  ti_sysbios_family_arm_m3_Hwi_Params__init__S                         
00005795  ti_sysbios_hal_Hwi_HwiProxy_Params__init__S                          
000057a1  ti_sysbios_family_arm_m3_Hwi_disableFxn__E                           
000057a1  ti_sysbios_hal_Hwi_HwiProxy_disable__E                               
000057b1  ti_sysbios_family_arm_m3_TaskSupport_getStackAlignment__E            
000057b1  ti_sysbios_knl_Task_SupportProxy_getStackAlignment__E                
000057c1  ti_sysbios_gates_GateHwi_enter__E                                    
000057cd  ti_sysbios_knl_Queue_Object__get__S                                  
000057d9  ti_sysbios_knl_Task_Params__init__S                                  
000057e5  xdc_runtime_Error_init__E                                            
000057f1  xdc_runtime_Gate_enterSystem__E                                      
000057fd  xdc_runtime_Memory_calloc__E                                         
00005809  xdc_runtime_Memory_getMaxDefaultTypeAlign__E                         
00005815  xdc_runtime_Memory_HeapProxy_alloc__E                                
0000581f  xdc_runtime_Memory_HeapProxy_free__E                                 
00005829  DK_TM4C129X_initGPIO                                                 
00005831  ti_sysbios_family_arm_lm4_Timer_masterDisable__I                     
00005839  ti_sysbios_family_arm_m3_Hwi_doSwiRestore__I                         
00005841  ti_sysbios_family_arm_m3_Hwi_startup__E                              
00005841  ti_sysbios_hal_Hwi_HwiProxy_startup__E                               
00005841  ti_sysbios_hal_Hwi_startup__E                                        
00005849  ti_sysbios_family_arm_m3_Hwi_doTaskRestore__I                        
00005851  ti_sysbios_family_arm_m3_Hwi_restoreFxn__E                           
00005851  ti_sysbios_hal_Hwi_HwiProxy_restore__E                               
00005859  ti_sysbios_gates_GateHwi_leave__E                                    
00005861  ti_sysbios_heaps_HeapMem_isBlocking__E                               
00005869  ti_sysbios_knl_Queue_Instance_init__E                                
00005871  ti_sysbios_knl_Swi_startup__E                                        
00005879  ti_sysbios_gates_GateHwi_query__E                                    
00005879  xdc_runtime_Main_Module_GateProxy_query__E                           
00005879  xdc_runtime_System_Module_GateProxy_query__E                         
00005881  ti_sysbios_BIOS_RtsGateProxy_query__E                                
00005881  ti_sysbios_gates_GateMutex_query__E                                  
00005881  ti_sysbios_heaps_HeapMem_Module_GateProxy_query__E                   
00005889  ti_sysbios_knl_Task_startup__E                                       
00005891  ti_sysbios_gates_GateHwi_Instance_init__E                            
00005899  ti_sysbios_knl_Clock_logTick__E                                      
0000589c  xdc_runtime_Text_charTab__A                                          
00007200  xdc_runtime_Text_nodeTab__A                                          
00007508  ti_sysbios_knl_Task_Object__PARAMS__C                                
00007574  ti_sysbios_family_arm_m3_Hwi_Object__PARAMS__C                       
000075a4  ti_sysbios_heaps_HeapMem_Module__FXNS__C                             
000075cc  ti_sysbios_gates_GateHwi_Module__FXNS__C                             
000075f0  ti_sysbios_gates_GateMutex_Module__FXNS__C                           
00007614  ti_sysbios_heaps_HeapMem_Object__PARAMS__C                           
00007638  ti_sysbios_knl_Semaphore_Object__PARAMS__C                           
0000765c  ti_sysbios_family_arm_m3_Hwi_Object__DESC__C                         
0000767c  ti_sysbios_gates_GateHwi_Object__DESC__C                             
0000769c  ti_sysbios_gates_GateMutex_Object__DESC__C                           
000076bc  ti_sysbios_heaps_HeapMem_Object__DESC__C                             
000076dc  ti_sysbios_knl_Queue_Object__DESC__C                                 
000076fc  ti_sysbios_knl_Semaphore_Object__DESC__C                             
0000771c  ti_sysbios_knl_Task_Object__DESC__C                                  
0000773c  xdc_runtime_Startup_sfxnTab__A                                       
0000775c  ti_sysbios_gates_GateHwi_Object__PARAMS__C                           
00007774  ti_sysbios_gates_GateMutex_Object__PARAMS__C                         
0000778c  ti_sysbios_knl_Queue_Object__PARAMS__C                               
000077a4  GPIOTiva_config                                                      
000077b8  xdc_runtime_Startup_firstFxns__A                                     
000077cc  xdc_runtime_Startup_sfxnRts__A                                       
000077e4  ti_sysbios_family_arm_m3_Hwi_excHookFuncs__A                         
000077ec  ti_sysbios_knl_Idle_funcList__C                                      
000077f4  xdc_runtime_Startup_firstFxns__C                                     
000077fc  xdc_runtime_Startup_lastFxns__C                                      
00007804  ti_catalog_arm_cortexm4_tiva_ce_Boot_A_mustNotUseEnhancedClockMode__C
00007808  ti_catalog_arm_cortexm4_tiva_ce_Boot_Module__diagsEnabled__C         
0000780c  ti_catalog_arm_cortexm4_tiva_ce_Boot_Module__diagsIncluded__C        
00007810  ti_catalog_arm_cortexm4_tiva_ce_Boot_Module__diagsMask__C            
00007814  ti_sysbios_family_arm_lm4_Timer_enableFunc__C                        
00007818  ti_sysbios_family_arm_lm4_Timer_numTimerDevices__C                   
0000781c  ti_sysbios_family_arm_lm4_Timer_startupNeeded__C                     
00007820  ti_sysbios_family_arm_m3_Hwi_E_NMI__C                                
00007824  ti_sysbios_family_arm_m3_Hwi_E_alreadyDefined__C                     
00007828  ti_sysbios_family_arm_m3_Hwi_E_busFault__C                           
0000782c  ti_sysbios_family_arm_m3_Hwi_E_debugMon__C                           
00007830  ti_sysbios_family_arm_m3_Hwi_E_hardFault__C                          
00007834  ti_sysbios_family_arm_m3_Hwi_E_memFault__C                           
00007838  ti_sysbios_family_arm_m3_Hwi_E_noIsr__C                              
0000783c  ti_sysbios_family_arm_m3_Hwi_E_reserved__C                           
00007840  ti_sysbios_family_arm_m3_Hwi_E_svCall__C                             
00007844  ti_sysbios_family_arm_m3_Hwi_E_usageFault__C                         
00007848  ti_sysbios_family_arm_m3_Hwi_NUM_INTERRUPTS__C                       
0000784c  ti_sysbios_family_arm_m3_Hwi_Object__count__C                        
00007850  ti_sysbios_family_arm_m3_Hwi_ccr__C                                  
00007854  ti_sysbios_family_arm_m3_Hwi_excHandlerFunc__C                       
00007858  ti_sysbios_family_arm_m3_Hwi_excHookFuncs__C                         
0000785c  ti_sysbios_family_arm_m3_Hwi_nullIsrFunc__C                          
00007860  ti_sysbios_family_arm_m3_Hwi_priGroup__C                             
00007864  ti_sysbios_family_arm_m3_TaskSupport_stackAlignment__C               
00007868  ti_sysbios_gates_GateMutex_Instance_State_sem__O                     
0000786c  ti_sysbios_heaps_HeapMem_E_memory__C                                 
00007870  ti_sysbios_heaps_HeapMem_Module__gateObj__C                          
00007874  ti_sysbios_heaps_HeapMem_Object__count__C                            
00007878  ti_sysbios_heaps_HeapMem_reqAlign__C                                 
0000787c  ti_sysbios_knl_Clock_Module_State_clockQ__O                          
00007880  ti_sysbios_knl_Semaphore_Instance_State_pendQ__O                     
00007884  ti_sysbios_knl_Swi_Object__count__C                                  
00007888  ti_sysbios_knl_Task_Module_State_inactiveQ__O                        
0000788c  ti_sysbios_knl_Task_Object__count__C                                 
00007890  ti_sysbios_knl_Task_allBlockedFunc__C                                
00007894  ti_sysbios_knl_Task_defaultStackHeap__C                              
00007898  ti_sysbios_knl_Task_defaultStackSize__C                              
0000789c  ti_sysbios_knl_Task_numConstructedTasks__C                           
000078a0  xdc_runtime_Assert_E_assertFailed__C                                 
000078a4  xdc_runtime_Core_A_initializedParams__C                              
000078a8  xdc_runtime_Core_Module__diagsEnabled__C                             
000078ac  xdc_runtime_Core_Module__diagsIncluded__C                            
000078b0  xdc_runtime_Core_Module__diagsMask__C                                
000078b4  xdc_runtime_Error_E_memory__C                                        
000078b8  xdc_runtime_Error_Module__diagsEnabled__C                            
000078bc  xdc_runtime_Error_Module__diagsIncluded__C                           
000078c0  xdc_runtime_Error_Module__diagsMask__C                               
000078c4  xdc_runtime_Error_Module__loggerFxn8__C                              
000078c8  xdc_runtime_Error_Module__loggerObj__C                               
000078cc  xdc_runtime_Error_policyFxn__C                                       
000078d0  xdc_runtime_Error_raiseHook__C                                       
000078d4  xdc_runtime_IGateProvider_Interface__BASE__C                         
000078d8  xdc_runtime_IHeap_Interface__BASE__C                                 
000078dc  xdc_runtime_IModule_Interface__BASE__C                               
000078e0  xdc_runtime_Log_L_error__C                                           
000078e4  xdc_runtime_Memory_defaultHeapInstance__C                            
000078e8  xdc_runtime_Startup_execImpl__C                                      
000078ec  xdc_runtime_Startup_maxPasses__C                                     
000078f0  xdc_runtime_Startup_sfxnRts__C                                       
000078f4  xdc_runtime_Startup_sfxnTab__C                                       
000078f8  xdc_runtime_SysMin_bufSize__C                                        
000078fc  xdc_runtime_SysMin_outputFunc__C                                     
00007900  xdc_runtime_System_Module__gateObj__C                                
00007904  xdc_runtime_System_abortFxn__C                                       
00007908  xdc_runtime_System_exitFxn__C                                        
0000790c  xdc_runtime_System_extendFxn__C                                      
00007910  xdc_runtime_System_maxAtexitHandlers__C                              
00007914  xdc_runtime_Text_charTab__C                                          
00007918  xdc_runtime_Text_nameEmpty__C                                        
0000791c  xdc_runtime_Text_nameStatic__C                                       
00007920  xdc_runtime_Text_nameUnknown__C                                      
00007924  xdc_runtime_Text_nodeTab__C                                          
00007928  xdc_runtime_Text_visitRopeFxn__C                                     
0000792c  ti_catalog_arm_cortexm4_tiva_ce_Boot_Module__id__C                   
0000792e  ti_sysbios_family_arm_m3_Hwi_Module__id__C                           
00007930  ti_sysbios_heaps_HeapMem_Module__id__C                               
00007932  xdc_runtime_Core_Module__id__C                                       
00007934  xdc_runtime_Error_Module__loggerDefined__C                           
00007936  xdc_runtime_Error_maxDepth__C                                        
00007938  xdc_runtime_Memory_Module__id__C                                     
0000793a  xdc_runtime_SysMin_flushAtExit__C                                    
0000793c  xdc_runtime_Text_charCnt__C                                          
0000793e  xdc_runtime_Text_isLoaded__C                                         
00007940  xdc_runtime_Text_registryModsLastId__C                               
00007942  xdc_runtime_Text_unnamedModsLastId__C                                
00007944  xdc_runtime_Error_policy__C                                          
00007948  __TI_static_base__                                                   
00007b34  __TI_Handler_Table_Base                                              
00007b40  __TI_Handler_Table_Limit                                             
00007b50  __TI_CINIT_Base                                                      
00007b68  __TI_CINIT_Limit                                                     
20000000  ti_sysbios_family_arm_m3_Hwi_ramVectors                              
20000360  ti_sysbios_heaps_HeapMem_Instance_State_0_buf__A                     
20000760  ti_sysbios_family_arm_m3_Hwi_dispatchTable                           
20000ac0  task0Stack                                                           
20000cc0  __CIOBUF_                                                            
20000e70  xdc_runtime_SysMin_Module_State_0_outbuf__A                          
20000ef0  task0Struct                                                          
20000f40  parmbuf                                                              
20000f4c  period                                                               
20000f50  ti_sysbios_knl_Swi_Module_State_0_readyQ__A                          
20000fd0  ti_sysbios_knl_Task_Module_State_0_readyQ__A                         
20001050  ti_sysbios_knl_Task_Module__state__V                                 
20001094  main_func_sp                                                         
20001098  freq                                                                 
200010a0  duty                                                                 
200010a8  error                                                                
200010b0  errorSum                                                             
200010b8  speed                                                                
200010bc  setSpeed                                                             
200010c0  clockwise                                                            
200010c4  Sw                                                                   
200010c8  kp                                                                   
200010d0  ki                                                                   
200010d8  ti_sysbios_family_arm_lm4_Timer_Module_State_0_device__A             
20001118  ti_sysbios_family_arm_lm4_Timer_Object__table__V                     
20001158  ti_sysbios_gates_GateMutex_Object__table__V                          
20001190  ti_sysbios_family_arm_m3_Hwi_Module__state__V                        
200011c4  gpioPinConfigs                                                       
200011f4  ti_sysbios_knl_Swi_Object__table__V                                  
20001224  ti_sysbios_knl_Clock_Module__state__V                                
20001250  ti_sysbios_BIOS_Module__state__V                                     
20001274  ti_sysbios_family_arm_lm4_Timer_Module_State_0_handles__A            
20001294  ti_sysbios_knl_Swi_Module__state__V                                  
200012b0  ti_sysbios_family_arm_m3_Hwi_Object__table__V                        
200012c8  ti_sysbios_heaps_HeapMem_Object__table__V                            
200012e0  __TI_cleanup_ptr                                                     
200012e4  __TI_dtors_ptr                                                       
200012e8  __TI_enable_exit_profile_output                                      
200012ec  gpioCallbackFunctions                                                
200012f8  ti_sysbios_family_arm_lm4_Timer_Module__state__V                     
20001304  xdc_runtime_SysMin_Module__state__V                                  
20001310  _lock                                                                
20001314  _unlock                                                              
20001318  ti_sysbios_family_arm_m3_Hwi_Module__root__V                         
20001320  ti_sysbios_gates_GateHwi_Module__root__V                             
20001328  ti_sysbios_gates_GateMutex_Module__root__V                           
20001330  ti_sysbios_heaps_HeapMem_Module__root__V                             
20001338  ti_sysbios_knl_Queue_Module__root__V                                 
20001340  ti_sysbios_knl_Semaphore_Module__root__V                             
20001348  ti_sysbios_knl_Task_Module__root__V                                  
20001350  xdc_runtime_Registry_Module__state__V                                
20001358  xdc_runtime_Startup_Module__state__V                                 
20001360  xdc_runtime_System_Module_State_0_atexitHandlers__A                  
20001368  xdc_runtime_System_Module__state__V                                  
20001376  ti_sysbios_family_arm_m3_Hwi_Module_State_0_excActive__A             
20001378  ti_sysbios_family_arm_m3_Hwi_Module_State_0_excContext__A            
2000137c  ti_sysbios_family_arm_m3_Hwi_Module_State_0_excStack__A              
20001380  ti_sysbios_gates_GateHwi_Object__table__V                            
20001384  ti_sysbios_knl_Task_Module_State_0_idleTask__A                       
20001388  xdc_runtime_Memory_Module__state__V                                  
2000138c  xdc_runtime_Error_Module__state__V                                   
20001390  __stack                                                              
20001690  __STACK_END                                                          
e000e000  ti_sysbios_family_arm_m3_Hwi_nvic                                    
ffffffff  __TI_pprof_out_hndl                                                  
ffffffff  __TI_prof_data_size                                                  
ffffffff  __TI_prof_data_start                                                 
ffffffff  __binit__                                                            
ffffffff  __c_args__                                                           
ffffffff  binit                                                                
UNDEFED   SHT$$INIT_ARRAY$$Base                                                
UNDEFED   SHT$$INIT_ARRAY$$Limit                                               

[531 symbols]
