******************************************************************************
                  TI ARM Linker PC v16.9.6                     
******************************************************************************
>> Linked Sat May 12 18:52:35 2018

OUTPUT FILE NAME:   <empty_min_DK_TM4C129X_TI.out>
ENTRY POINT SYMBOL: "_c_int00"  address: 00003c31


MEMORY CONFIGURATION

         name            origin    length      used     unused   attr    fill
----------------------  --------  ---------  --------  --------  ----  --------
  FLASH                 00000000   00100000  00007a3f  000f85c1  R  X
  SRAM                  20000000   00040000  00001690  0003e970  RW X


SEGMENT ALLOCATION MAP

run origin  load origin   length   init length attrs members
----------  ----------- ---------- ----------- ----- -------
00000000    00000000    00007a48   00007a48    r-x
  00000000    00000000    0000003c   0000003c    r-- .resetVecs
  00000040    00000040    00005732   00005732    r-x .text
  00005774    00005774    000020a9   000020a9    r-- .const
  00007820    00007820    00000228   00000228    r-- .cinit
20000000    20000000    00001698   00000000    rw-
  20000000    20000000    00000360   00000000    rw- .vecs
  20000360    20000360    00000bf2   00000000    rw- .bss
  20000f58    20000f58    0000043e   00000000    rw- .data
  20001398    20001398    00000300   00000000    rw- .stack


SECTION ALLOCATION MAP

 output                                  attributes/
section   page    origin      length       input sections
--------  ----  ----------  ----------   ----------------
.text      0    00000040    00005732     
                  00000040    00000430     sysbios.aem4f : BIOS.obj (.text:ti_sysbios_family_arm_m3_Hwi_excDumpRegs__I)
                  00000470    00000370     empty_min.obj (.text:HallEffectCallback)
                  000007e0    0000034c     ti.targets.arm.rtsarm.aem4f : System.oem4f (.text:xdc_runtime_System_doPrint__I)
                  00000b2c    0000023a     empty_min.obj (.text:GPIOPadConfigSet)
                  00000d66    00000002     rtsv7M4_T_le_v4SPD16_eabi.lib : i_div0.obj (.text)
                  00000d68    00000204     Boot.aem4f : Boot_sysctl.oem4f (.text:ti_catalog_arm_cortexm4_tiva_ce_Boot_sysCtlClockFreqSetI__I)
                  00000f6c    00000004     empty_min_pem4f.oem4f (.text:ti_sysbios_BIOS_RtsGateProxy_enter__E)
                  00000f70    000001fc     sysbios.aem4f : BIOS.obj (.text:ti_sysbios_family_arm_m3_Hwi_excHandlerMax__I)
                  0000116c    000001d0     empty_min.obj (.text:SysCtlClockGet)
                  0000133c    000001b6     rtsv7M4_T_le_v4SPD16_eabi.lib : fd_add_t2.obj (.text)
                  000014f2    00000002     empty_min_pem4f.oem4f (.text:ti_sysbios_BIOS_nullFunc__I)
                  000014f4    00000178     empty_min.obj (.text:main)
                  0000166c    00000004     empty_min_pem4f.oem4f (.text:ti_sysbios_BIOS_RtsGateProxy_leave__E)
                  00001670    00000174     sysbios.aem4f : BIOS.obj (.text:ti_sysbios_family_arm_m3_Hwi_excBusFault__I)
                  000017e4    00000004                   : BIOS.obj (.text:ti_sysbios_family_arm_lm4_Timer_masterEnable__I)
                  000017e8    00000164                   : BIOS.obj (.text:ti_sysbios_family_arm_m3_Hwi_excUsageFault__I)
                  0000194c    00000004     empty_min_pem4f.oem4f (.text:ti_sysbios_family_arm_m3_TaskSupport_Module__startupDone__S)
                  00001950    00000154     sysbios.aem4f : BIOS.obj (.text:ti_sysbios_knl_Semaphore_pend__E)
                  00001aa4    00000150     drivers_tivaware.aem4f : GPIOTiva.oem4f (.text:GPIO_setConfig)
                  00001bf4    00000004     empty_min_pem4f.oem4f (.text:ti_sysbios_heaps_HeapMem_Module_GateProxy_enter__E)
                  00001bf8    00000148     sysbios.aem4f : BIOS.obj (.text:ti_sysbios_family_arm_m3_Hwi_excMemFault__I)
                  00001d40    00000118     ti.targets.arm.rtsarm.aem4f : Error.oem4f (.text:xdc_runtime_Error_policyDefault__E)
                  00001e58    00000108     sysbios.aem4f : BIOS.obj (.text:ti_sysbios_family_arm_lm4_Timer_start__E)
                  00001f60    00000100     ti.targets.arm.rtsarm.aem4f : Core-mem.oem4f (.text:xdc_runtime_Core_createObject__I)
                  00002060    000000fc     rtsv7M4_T_le_v4SPD16_eabi.lib : fd_mul_t2.obj (.text)
                  0000215c    000000f8     ti.targets.arm.rtsarm.aem4f : Startup.oem4f (.text:xdc_runtime_Startup_startMods__I)
                  00002254    000000f8     empty_min_pem4f.oem4f (.text:xdc_runtime_System_printfExtend__I)
                  0000234c    000000f4     sysbios.aem4f : m3_Hwi_asm.obj (.text:ti_sysbios_family_arm_m3_Hwi_dispatch__I)
                  00002440    000000dc                   : BIOS.obj (.text:ti_sysbios_knl_Task_sleep__E)
                  0000251c    00000004     empty_min_pem4f.oem4f (.text:ti_sysbios_heaps_HeapMem_Module_GateProxy_leave__E)
                  00002520    000000d4     sysbios.aem4f : BIOS.obj (.text:ti_sysbios_heaps_HeapMem_alloc__E)
                  000025f4    00000004     empty_min_pem4f.oem4f (.text:ti_sysbios_knl_Clock_TimerProxy_getMaxTicks__E)
                  000025f8    000000cc     sysbios.aem4f : BIOS.obj (.text:ti_sysbios_knl_Task_Instance_init__E)
                  000026c4    000000cc     ti.targets.arm.rtsarm.aem4f : Core-smem.oem4f (.text:xdc_runtime_Core_constructObject__I)
                  00002790    000000bc     sysbios.aem4f : BIOS.obj (.text:ti_sysbios_family_arm_m3_Hwi_excDebugMon__I)
                  0000284c    00000004     empty_min_pem4f.oem4f (.text:ti_sysbios_knl_Queue_destruct)
                  00002850    000000bc     sysbios.aem4f : BIOS.obj (.text:ti_sysbios_family_arm_m3_Hwi_excHardFault__I)
                  0000290c    00000004     empty_min_pem4f.oem4f (.text:ti_sysbios_knl_Semaphore_destruct)
                  00002910    000000bc     sysbios.aem4f : BIOS.obj (.text:ti_sysbios_knl_Task_Instance_finalize__E)
                  000029cc    000000b8     DK_TM4C129X.obj (.text:DK_TM4C129X_initGeneral)
                  00002a84    00000004     ti.targets.arm.rtsarm.aem4f : Error.oem4f (.text:xdc_runtime_Error_getSite__E)
                  00002a88    000000ac     sysbios.aem4f : BIOS.obj (.text:ti_sysbios_family_arm_lm4_Timer_enableTiva__I)
                  00002b34    000000a4     empty_min.obj (.text:GPIOIntTypeSet)
                  00002bd8    000000a0     auto_init.aem4f : auto_init.oem4f (.text)
                  00002c78    000000a0     ti.targets.arm.rtsarm.aem4f : Text.oem4f (.text:xdc_runtime_Text_putMod__E)
                  00002d18    0000009c     rtsv7M4_T_le_v4SPD16_eabi.lib : memcpy_t2.obj (.text)
                  00002db4    0000009a     ti.targets.arm.rtsarm.aem4f : Text.oem4f (.text:xdc_runtime_Text_putSite__E)
                  00002e4e    00000002     empty_min_pem4f.oem4f (.text:xdc_runtime_Startup_reset__I)
                  00002e50    00000098     Boot.aem4f : Boot.oem4f (.text:ti_catalog_arm_cortexm4_tiva_ce_Boot_sysCtlClockFreqSet__E)
                  00002ee8    00000094     sysbios.aem4f : BIOS.obj (.text:ti_sysbios_family_arm_m3_Hwi_Instance_init__E)
                  00002f7c    00000004     empty_min_pem4f.oem4f (.text:xdc_runtime_System_Module_GateProxy_enter__E)
                  00002f80    00000094     sysbios.aem4f : BIOS.obj (.text:ti_sysbios_family_arm_m3_Hwi_initNVIC__E)
                  00003014    00000004     empty_min_pem4f.oem4f (.text:xdc_runtime_System_Module_GateProxy_leave__E)
                  00003018    00000094     sysbios.aem4f : BIOS.obj (.text:ti_sysbios_knl_Task_postInit__I)
                  000030ac    0000008c     drivers_tivaware.aem4f : GPIOTiva.oem4f (.text:GPIO_init)
                  00003138    0000008c     empty_min.obj (.text:TimerConfigure)
                  000031c4    0000008c     sysbios.aem4f : m3_TaskSupport_asm.obj (.text:ti_sysbios_family_arm_m3_TaskSupport_buildTaskStack)
                  00003250    00000084                   : BIOS.obj (.text:ti_sysbios_family_arm_m3_Hwi_postInit__I)
                  000032d4    00000004     ti.targets.arm.rtsarm.aem4f : System.oem4f (.text:xdc_runtime_System_aprintf_va__F)
                  000032d8    0000007c     sysbios.aem4f : BIOS.obj (.text:ti_sysbios_heaps_HeapMem_free__E)
                  00003354    0000007a     rtsv7M4_T_le_v4SPD16_eabi.lib : memset_t2.obj (.text)
                  000033ce    00000002     --HOLE-- [fill = 0]
                  000033d0    00000070     sysbios.aem4f : BIOS.obj (.text:ti_sysbios_knl_Clock_workFunc__E)
                  00003440    00000070                   : BIOS.obj (.text:ti_sysbios_knl_Task_exit__E)
                  000034b0    0000006d     ti.targets.arm.rtsarm.aem4f : System.oem4f (.text:xdc_runtime_System_formatNum__I)
                  0000351d    00000003     --HOLE-- [fill = 0]
                  00003520    0000006c     sysbios.aem4f : BIOS.obj (.text:ti_sysbios_knl_Swi_restoreHwi__E)
                  0000358c    0000006c     ti.targets.arm.rtsarm.aem4f : Error.oem4f (.text:xdc_runtime_Error_print__E)
                  000035f8    0000006c                                 : Memory.oem4f (.text:xdc_runtime_Memory_alloc__E)
                  00003664    00000068     empty_min.obj (.text:GPIOPinConfigure)
                  000036cc    00000068     rtsv7M4_T_le_v4SPD16_eabi.lib : copy_decompress_lzss.obj (.text:decompress:lzss)
                  00003734    00000068                                   : trgmsg.obj (.text)
                  0000379c    00000066     ti.targets.arm.rtsarm.aem4f : Core-mem.oem4f (.text:xdc_runtime_Core_deleteObject__I)
                  00003802    00000002     --HOLE-- [fill = 0]
                  00003804    00000064     drivers_tivaware.aem4f : GPIOTiva.oem4f (.text:GPIO_hwiIntFxn)
                  00003868    00000064     sysbios.aem4f : BIOS.obj (.text:ti_sysbios_family_arm_lm4_Timer_Module_startup__E)
                  000038cc    00000064     empty_min_pem4f.oem4f (.text:ti_sysbios_family_arm_m3_Hwi_create)
                  00003930    00000064     sysbios.aem4f : BIOS.obj (.text:ti_sysbios_family_arm_m3_Hwi_dispatchC__I)
                  00003994    00000004     ti.targets.arm.rtsarm.aem4f : System.oem4f (.text:xdc_runtime_System_printf_va__F)
                  00003998    00000064     sysbios.aem4f : BIOS.obj (.text:ti_sysbios_knl_Semaphore_post__E)
                  000039fc    0000005c     empty_min.obj (.text:GPIODirModeSet)
                  00003a58    0000005c     sysbios.aem4f : BIOS.obj (.text:ti_sysbios_knl_Swi_run__I)
                  00003ab4    00000004     --HOLE-- [fill = 0]
                  00003ab8    0000005c                   : BIOS.obj (.text:ti_sysbios_knl_Swi_schedule__I)
                  00003b14    00000004     --HOLE-- [fill = 0]
                  00003b18    0000005c                   : BIOS.obj (.text:ti_sysbios_knl_Task_Module_startup__E)
                  00003b74    00000004     --HOLE-- [fill = 0]
                  00003b78    0000005c                   : BIOS.obj (.text:ti_sysbios_knl_Task_startCore__E)
                  00003bd4    0000005b     ti.targets.arm.rtsarm.aem4f : Text.oem4f (.text:xdc_runtime_Text_putLab__E)
                  00003c2f    00000001     --HOLE-- [fill = 0]
                  00003c30    00000058     boot.aem4f : boot.oem4f (.text)
                  00003c88    00000058     rtsv7M4_T_le_v4SPD16_eabi.lib : hostwrite.obj (.text)
                  00003ce0    00000058     sysbios.aem4f : m3_Hwi_asm_switch.obj (.text:ti_sysbios_family_arm_m3_Hwi_initStacks__E)
                  00003d38    00000054     rtsv7M4_T_le_v4SPD16_eabi.lib : exit.obj (.text)
                  00003d8c    00000004     --HOLE-- [fill = 0]
                  00003d90    00000054     sysbios.aem4f : BIOS.obj (.text:ti_sysbios_family_arm_lm4_Timer_initDevice__I)
                  00003de4    00000054     empty_min_pem4f.oem4f (.text:ti_sysbios_knl_Task_construct)
                  00003e38    00000054     ti.targets.arm.rtsarm.aem4f : Assert.oem4f (.text:xdc_runtime_Assert_raise__I)
                  00003e8c    00000050     drivers_tivaware.aem4f : GPIOTiva.oem4f (.text:GPIO_setCallback)
                  00003edc    00000050                            : GPIOTiva.oem4f (.text:GPIO_toggle)
                  00003f2c    00000050                            : GPIOTiva.oem4f (.text:GPIO_write)
                  00003f7c    00000050     Boot.aem4f : Boot_sysctl.oem4f (.text:_SysCtlFrequencyGet)
                  00003fcc    00000004     --HOLE-- [fill = 0]
                  00003fd0    00000050     sysbios.aem4f : BIOS.obj (.text:ti_sysbios_family_arm_m3_Hwi_Module_startup__E)
                  00004020    00000050     ti.targets.arm.rtsarm.aem4f : Startup.oem4f (.text:xdc_runtime_Startup_exec__E)
                  00004070    00000050                                 : Text.oem4f (.text:xdc_runtime_Text_visitRope2__I)
                  000040c0    0000004c     rtsv7M4_T_le_v4SPD16_eabi.lib : cpy_tbl.obj (.text)
                  0000410c    00000004     --HOLE-- [fill = 0]
                  00004110    0000004c     sysbios.aem4f : BIOS.obj (.text:ti_sysbios_heaps_HeapMem_getStats__E)
                  0000415c    00000004     --HOLE-- [fill = 0]
                  00004160    0000004c                   : BIOS.obj (.text:ti_sysbios_knl_Swi_runLoop__I)
                  000041ac    00000004     --HOLE-- [fill = 0]
                  000041b0    0000004c                   : BIOS.obj (.text:ti_sysbios_knl_Task_allBlockedFunction__I)
                  000041fc    00000004     --HOLE-- [fill = 0]
                  00004200    0000004c                   : BIOS.obj (.text:ti_sysbios_knl_Task_schedule__I)
                  0000424c    00000004     --HOLE-- [fill = 0]
                  00004250    00000048                   : BIOS.obj (.text:ti_sysbios_family_arm_lm4_Timer_enableTimers__I)
                  00004298    00000048                   : BIOS.obj (.text:ti_sysbios_family_arm_m3_Hwi_disableInterrupt__E)
                  000042e0    00000048                   : BIOS.obj (.text:ti_sysbios_family_arm_m3_Hwi_enableInterrupt__E)
                  00004328    00000048                   : BIOS.obj (.text:ti_sysbios_family_arm_m3_Hwi_excReserved__I)
                  00004370    00000046     ti.targets.arm.rtsarm.aem4f : Core-params.oem4f (.text:xdc_runtime_Core_assignParams__I)
                  000043b6    00000044     rtsv7M4_T_le_v4SPD16_eabi.lib : fd_tou_t2.obj (.text)
                  000043fa    00000006     empty_min.obj (.text:SysCtlDelay)
                  00004400    00000044     sysbios.aem4f : BIOS.obj (.text:ti_sysbios_family_arm_lm4_Timer_isrStub__E)
                  00004444    00000004     --HOLE-- [fill = 0]
                  00004448    00000044                   : BIOS.obj (.text:ti_sysbios_family_arm_m3_Hwi_getStackInfo__E)
                  0000448c    00000004     --HOLE-- [fill = 0]
                  00004490    00000044                   : BIOS.obj (.text:ti_sysbios_knl_Swi_post__E)
                  000044d4    00000044     ti.targets.arm.rtsarm.aem4f : Error.oem4f (.text:xdc_runtime_Error_setX__E)
                  00004518    00000044                                 : SysMin.oem4f (.text:xdc_runtime_SysMin_flush__E)
                  0000455c    00000044                                 : Text.oem4f (.text:xdc_runtime_Text_xprintf__I)
                  000045a0    00000040     empty_min.obj (.text:SysCtlPeripheralEnable)
                  000045e0    00000040     rtsv7M4_T_le_v4SPD16_eabi.lib : u_divt2.obj (.text)
                  00004620    00000040     sysbios.aem4f : BIOS.obj (.text:ti_sysbios_family_arm_lm4_Timer_startup__E)
                  00004660    00000040                   : BIOS.obj (.text:ti_sysbios_heaps_HeapMem_Instance_init__E)
                  000046a0    0000003c                   : BIOS.obj (.text:ti_sysbios_family_arm_m3_Hwi_excSvCall__I)
                  000046dc    00000004     --HOLE-- [fill = 0]
                  000046e0    0000003c                   : BIOS.obj (.text:ti_sysbios_heaps_HeapMem_init__I)
                  0000471c    00000004     --HOLE-- [fill = 0]
                  00004720    0000003c                   : BIOS.obj (.text:ti_sysbios_knl_Swi_restore__E)
                  0000475c    00000004     --HOLE-- [fill = 0]
                  00004760    00000038                   : BIOS.obj (.text:ti_sysbios_family_arm_m3_Hwi_excNoIsr__I)
                  00004798    00000038                   : BIOS.obj (.text:ti_sysbios_knl_Task_processVitalTaskFlag__I)
                  000047d0    00000038     ti.targets.arm.rtsarm.aem4f : SysMin.oem4f (.text:xdc_runtime_SysMin_putch__E)
                  00004808    00000038                                 : System.oem4f (.text:xdc_runtime_System_atexit__E)
                  00004840    00000034     sysbios.aem4f : BIOS.obj (.text:ti_sysbios_family_arm_m3_Hwi_Instance_finalize__E)
                  00004874    00000004     --HOLE-- [fill = 0]
                  00004878    00000034                   : BIOS.obj (.text:ti_sysbios_family_arm_m3_Hwi_excNmi__I)
                  000048ac    00000034     ti.targets.arm.rtsarm.aem4f : Core-label.oem4f (.text:xdc_runtime_Core_assignLabel__I)
                  000048e0    00000033                                 : Text.oem4f (.text:xdc_runtime_Text_printVisFxn__I)
                  00004913    00000005     --HOLE-- [fill = 0]
                  00004918    00000032     sysbios.aem4f : BIOS.obj (.text:ti_sysbios_hal_Hwi_initStack)
                  0000494a    00000002     --HOLE-- [fill = 0]
                  0000494c    00000030     drivers_tivaware.aem4f : GPIOTiva.oem4f (.text:GPIO_enableInt)
                  0000497c    00000030                            : GPIOTiva.oem4f (.text:GPIO_read)
                  000049ac    00000030     empty_min_pem4f.oem4f (.text:ti_sysbios_BIOS_atExitFunc__I)
                  000049dc    00000004     --HOLE-- [fill = 0]
                  000049e0    00000030     sysbios.aem4f : BIOS.obj (.text:ti_sysbios_family_arm_lm4_Timer_stop__E)
                  00004a10    00000030                   : BIOS.obj (.text:ti_sysbios_family_arm_m3_TaskSupport_start__E)
                  00004a40    00000030     empty_min_pem4f.oem4f (.text:ti_sysbios_gates_GateHwi_Object__create__S)
                  00004a70    00000030     empty_min_pem4f.oem4f (.text:ti_sysbios_gates_GateMutex_Object__create__S)
                  00004aa0    00000030     sysbios.aem4f : BIOS.obj (.text:ti_sysbios_gates_GateMutex_enter__E)
                  00004ad0    00000030     empty_min_pem4f.oem4f (.text:ti_sysbios_heaps_HeapMem_Object__create__S)
                  00004b00    00000030     empty_min_pem4f.oem4f (.text:ti_sysbios_knl_Semaphore_construct)
                  00004b30    00000030     sysbios.aem4f : BIOS.obj (.text:ti_sysbios_knl_Semaphore_pendTimeout__I)
                  00004b60    00000030                   : BIOS.obj (.text:ti_sysbios_knl_Task_unblockI__E)
                  00004b90    00000030     ti.targets.arm.rtsarm.aem4f : SysMin.oem4f (.text:xdc_runtime_SysMin_abort__E)
                  00004bc0    00000030                                 : System.oem4f (.text:xdc_runtime_System_processAtExit__E)
                  00004bf0    0000002e     rtsv7M4_T_le_v4SPD16_eabi.lib : i_tofd_t2.obj (.text)
                  00004c1e    00000002     --HOLE-- [fill = 0]
                  00004c20    0000002c     empty_min_pem4f.oem4f (.text:ti_sysbios_knl_Clock_doTick__I)
                  00004c4c    0000002c     empty_min_pem4f.oem4f (.text:ti_sysbios_knl_Queue_construct)
                  00004c78    0000002c     sysbios.aem4f : BIOS.obj (.text:ti_sysbios_knl_Task_restore__E)
                  00004ca4    0000002c     ti.targets.arm.rtsarm.aem4f : Text.oem4f (.text:xdc_runtime_Text_cordText__E)
                  00004cd0    0000002a     empty_min.obj (.text:TimerLoadSet)
                  00004cfa    0000002a     empty_min.obj (.text:TimerMatchSet)
                  00004d24    0000002a     ti.targets.arm.rtsarm.aem4f : System.oem4f (.text:xdc_runtime_System_putchar__I)
                  00004d4e    00000002     --HOLE-- [fill = 0]
                  00004d50    00000028     empty_min.obj (.text:heartBeatFxn)
                  00004d78    00000028     sysbios.aem4f : BIOS.obj (.text:ti_sysbios_knl_Swi_Module_startup__E)
                  00004da0    00000026                   : m3_Hwi_asm.obj (.text:ti_sysbios_family_arm_m3_Hwi_pendSV__I)
                  00004dc6    00000026     ti.targets.arm.rtsarm.aem4f : System.oem4f (.text:xdc_runtime_System_avprintf__E)
                  00004dec    00000024     empty_min.obj (.text:GPIOPinTypeTimer)
                  00004e10    00000024     empty_min_pem4f.oem4f (.text:ti_sysbios_BIOS_errorRaiseHook__I)
                  00004e34    00000024     empty_min_pem4f.oem4f (.text:ti_sysbios_BIOS_registerRTSLock__I)
                  00004e58    00000024     empty_min_pem4f.oem4f (.text:ti_sysbios_BIOS_removeRTSLock__I)
                  00004e7c    00000024     empty_min_pem4f.oem4f (.text:ti_sysbios_BIOS_startFunc__I)
                  00004ea0    00000024     empty_min_pem4f.oem4f (.text:ti_sysbios_gates_GateMutex_Object__delete__S)
                  00004ec4    00000004     --HOLE-- [fill = 0]
                  00004ec8    00000024     sysbios.aem4f : BIOS.obj (.text:ti_sysbios_knl_Clock_Module_startup__E)
                  00004eec    00000004     --HOLE-- [fill = 0]
                  00004ef0    00000024                   : BIOS.obj (.text:ti_sysbios_knl_Semaphore_Instance_init__E)
                  00004f14    00000004     --HOLE-- [fill = 0]
                  00004f18    00000024                   : BIOS.obj (.text:ti_sysbios_knl_Task_restoreHwi__E)
                  00004f3c    00000024     ti.targets.arm.rtsarm.aem4f : System.oem4f (.text:xdc_runtime_System_vprintf__E)
                  00004f60    00000022     empty_min.obj (.text:GPIOIntStatus)
                  00004f82    00000006     ti.targets.arm.rtsarm.aem4f : System.oem4f (.text:xdc_runtime_System_Module_startup__E)
                  00004f88    00000022     sysbios.aem4f : BIOS.obj (.text:ti_sysbios_family_arm_lm4_Timer_write__I)
                  00004faa    00000022     empty_min_pem4f.oem4f (.text:xdc_runtime_SysMin_output__I)
                  00004fcc    00000020     empty_min.obj (.text:GPIOPinWrite)
                  00004fec    00000020     Boot.aem4f : Boot_sysctl.oem4f (.text:_SysCtlMemTimingGet)
                  0000500c    00000020     empty_min_pem4f.oem4f (.text:ti_sysbios_BIOS_rtsLock__I)
                  0000502c    00000020     sysbios.aem4f : m3_Hwi_asm.obj (.text:ti_sysbios_family_arm_m3_Hwi_excHandlerAsm__I)
                  0000504c    00000004     --HOLE-- [fill = 0]
                  00005050    00000020                   : BIOS.obj (.text:ti_sysbios_family_arm_m3_Hwi_excHandler__I)
                  00005070    00000020     empty_min_pem4f.oem4f (.text:ti_sysbios_gates_GateHwi_Object__delete__S)
                  00005090    00000020     empty_min_pem4f.oem4f (.text:ti_sysbios_heaps_HeapMem_Object__delete__S)
                  000050b0    00000020     sysbios.aem4f : BIOS.obj (.text:ti_sysbios_knl_Idle_run__E)
                  000050d0    00000020     empty_min_pem4f.oem4f (.text:ti_sysbios_knl_Semaphore_Object__destruct__S)
                  000050f0    00000020     ti.targets.arm.rtsarm.aem4f : Registry.oem4f (.text:xdc_runtime_Registry_findById__E)
                  00005110    00000020                                 : SysMin.oem4f (.text:xdc_runtime_SysMin_Module_startup__E)
                  00005130    0000001e     empty_min.obj (.text:TimerEnable)
                  0000514e    0000001e     sysbios.aem4f : m3_Hwi_asm_switch.obj (.text:ti_sysbios_family_xxx_Hwi_switchAndRunFunc)
                  0000516c    0000001c     drivers_tivaware.aem4f : GPIOTiva.oem4f (.text:getGpioIntIndex)
                  00005188    0000001c     sysbios.aem4f : BIOS.obj (.text:ti_sysbios_gates_GateMutex_Instance_init__E)
                  000051a4    0000001c     empty_min_pem4f.oem4f (.text:ti_sysbios_knl_Queue_Object__destruct__S)
                  000051c0    0000001c     sysbios.aem4f : BIOS.obj (.text:ti_sysbios_knl_Queue_put__E)
                  000051dc    00000004     --HOLE-- [fill = 0]
                  000051e0    0000001c                   : BIOS.obj (.text:ti_sysbios_knl_Task_enter__I)
                  000051fc    0000001c     ti.targets.arm.rtsarm.aem4f : Error.oem4f (.text:xdc_runtime_Error_raiseX__E)
                  00005218    0000001c                                 : Memory.oem4f (.text:xdc_runtime_Memory_valloc__E)
                  00005234    0000001c                                 : SysMin.oem4f (.text:xdc_runtime_SysMin_exit__E)
                  00005250    0000001c                                 : System.oem4f (.text:xdc_runtime_System_abort__E)
                  0000526c    0000001a     empty_min.obj (.text:GPIOIntEnable)
                  00005286    0000001a     empty_min_pem4f.oem4f (.text:ti_sysbios_family_arm_m3_Hwi_Handle__label__S)
                  000052a0    0000001a     empty_min_pem4f.oem4f (.text:ti_sysbios_gates_GateHwi_Handle__label__S)
                  000052ba    0000001a     empty_min_pem4f.oem4f (.text:ti_sysbios_gates_GateMutex_Handle__label__S)
                  000052d4    0000001a     empty_min_pem4f.oem4f (.text:ti_sysbios_heaps_HeapMem_Handle__label__S)
                  000052ee    0000001a     empty_min_pem4f.oem4f (.text:ti_sysbios_knl_Swi_Handle__label__S)
                  00005308    0000001a     empty_min_pem4f.oem4f (.text:ti_sysbios_knl_Task_Handle__label__S)
                  00005322    0000001a     empty_min_pem4f.oem4f (.text:xdc_runtime_System_aprintf__E)
                  0000533c    0000001a     empty_min_pem4f.oem4f (.text:xdc_runtime_System_printf__E)
                  00005356    00000018     empty_min.obj (.text:GPIOPinRead)
                  0000536e    00000002     --HOLE-- [fill = 0]
                  00005370    00000018     rtsv7M4_T_le_v4SPD16_eabi.lib : args_main.obj (.text)
                  00005388    00000018     empty_min_pem4f.oem4f (.text:ti_sysbios_BIOS_rtsUnlock__I)
                  000053a0    00000018     empty_min_pem4f.oem4f (.text:ti_sysbios_family_arm_lm4_Timer_Module__startupDone__F)
                  000053b8    00000018     empty_min_pem4f.oem4f (.text:ti_sysbios_family_arm_m3_Hwi_Module__startupDone__F)
                  000053d0    00000018     sysbios.aem4f : m3_TaskSupport_asm.obj (.text:ti_sysbios_family_arm_m3_TaskSupport_swap__E)
                  000053e8    00000018                   : BIOS.obj (.text:ti_sysbios_gates_GateMutex_leave__E)
                  00005400    00000018                   : BIOS.obj (.text:ti_sysbios_knl_Task_sleepTimeout__I)
                  00005418    00000018     ti.targets.arm.rtsarm.aem4f : Error.oem4f (.text:xdc_runtime_Error_check__E)
                  00005430    00000018                                 : System.oem4f (.text:xdc_runtime_System_exit__E)
                  00005448    00000018                                 : Text.oem4f (.text:xdc_runtime_Text_ropeText__E)
                  00005460    00000016     empty_min_pem4f.oem4f (.text:ti_sysbios_BIOS_exitFunc__I)
                  00005476    00000016     empty_min.obj (.text:ti_sysbios_knl_Task_Params_init)
                  0000548c    00000014     empty_min.obj (.text:GPIOIntClear)
                  000054a0    00000014     rtsv7M4_T_le_v4SPD16_eabi.lib : _lock.obj (.text)
                  000054b4    00000014                                   : strlen.obj (.text)
                  000054c8    00000014     empty_min_pem4f.oem4f (.text:ti_sysbios_family_arm_m3_Hwi_Object__get__S)
                  000054dc    00000004     --HOLE-- [fill = 0]
                  000054e0    00000014     sysbios.aem4f : BIOS.obj (.text:ti_sysbios_family_arm_m3_Hwi_switchFromBootStack__E)
                  000054f4    00000014     empty_min_pem4f.oem4f (.text:ti_sysbios_heaps_HeapMem_Object__get__S)
                  00005508    00000014     empty_min_pem4f.oem4f (.text:ti_sysbios_knl_Swi_Object__get__S)
                  0000551c    00000004     --HOLE-- [fill = 0]
                  00005520    00000012     sysbios.aem4f : BIOS.obj (.text:ti_sysbios_hal_Hwi_Module_startup__E)
                  00005532    00000012     empty_min_pem4f.oem4f (.text:xdc_runtime_Startup_exec__I)
                  00005544    00000010     empty_min_pem4f.oem4f (.text:.bootCodeSection:ti_catalog_arm_cortexm4_tiva_ce_Boot_init__I)
                  00005554    00000004     --HOLE-- [fill = 0]
                  00005558    00000010     sysbios.aem4f : BIOS.obj (.text:ti_sysbios_BIOS_setThreadType__E)
                  00005568    00000010                   : BIOS.obj (.text:ti_sysbios_BIOS_start__E)
                  00005578    00000010                   : m3_TaskSupport_asm.obj (.text:ti_sysbios_family_arm_m3_TaskSupport_glue)
                  00005588    00000010                   : BIOS.obj (.text:ti_sysbios_gates_GateMutex_Instance_finalize__E)
                  00005598    00000010                   : BIOS.obj (.text:ti_sysbios_knl_Semaphore_Instance_finalize__E)
                  000055a8    00000010                   : BIOS.obj (.text:ti_sysbios_knl_Swi_disable__E)
                  000055b8    00000010                   : BIOS.obj (.text:ti_sysbios_knl_Task_disable__E)
                  000055c8    00000010     ti.targets.arm.rtsarm.aem4f : Gate.oem4f (.text:xdc_runtime_Gate_leaveSystem__E)
                  000055d8    00000010                                 : Memory.oem4f (.text:xdc_runtime_Memory_free__E)
                  000055e8    00000010                                 : SysMin.oem4f (.text:xdc_runtime_SysMin_ready__E)
                  000055f8    00000010                                 : System.oem4f (.text:xdc_runtime_System_vsnprintf__E)
                  00005608    00000010     empty_min_pem4f.oem4f (.text:xdc_runtime_Text_visitRope__I)
                  00005618    0000000e     rtsv7M4_T_le_v4SPD16_eabi.lib : copy_decompress_none.obj (.text:decompress:none)
                  00005626    00000002     --HOLE-- [fill = 0]
                  00005628    0000000e     sysbios.aem4f : BIOS.obj (.text:ti_sysbios_knl_Queue_empty__E)
                  00005636    0000000e     empty_min_pem4f.oem4f (.text:ti_sysbios_knl_Task_Object__get__S)
                  00005644    0000000c     rtsv7M4_T_le_v4SPD16_eabi.lib : copy_zero_init.obj (.text:decompress:ZI)
                  00005650    0000000c     sysbios.aem4f : BIOS.obj (.text:ti_sysbios_family_arm_lm4_Timer_getMaxTicks__E)
                  0000565c    0000000c     empty_min_pem4f.oem4f (.text:ti_sysbios_family_arm_m3_Hwi_Params__init__S)
                  00005668    0000000c     sysbios.aem4f : BIOS.obj (.text:ti_sysbios_family_arm_m3_Hwi_disableFxn__E)
                  00005674    00000004     --HOLE-- [fill = 0]
                  00005678    0000000c                   : BIOS.obj (.text:ti_sysbios_family_arm_m3_TaskSupport_getStackAlignment__E)
                  00005684    00000004     --HOLE-- [fill = 0]
                  00005688    0000000c                   : BIOS.obj (.text:ti_sysbios_gates_GateHwi_enter__E)
                  00005694    0000000c     empty_min_pem4f.oem4f (.text:ti_sysbios_knl_Queue_Object__get__S)
                  000056a0    0000000c     empty_min_pem4f.oem4f (.text:ti_sysbios_knl_Task_Params__init__S)
                  000056ac    0000000c     ti.targets.arm.rtsarm.aem4f : Error.oem4f (.text:xdc_runtime_Error_init__E)
                  000056b8    0000000c                                 : Gate.oem4f (.text:xdc_runtime_Gate_enterSystem__E)
                  000056c4    0000000c                                 : Memory.oem4f (.text:xdc_runtime_Memory_calloc__E)
                  000056d0    0000000c                                 : Memory.oem4f (.text:xdc_runtime_Memory_getMaxDefaultTypeAlign__E)
                  000056dc    0000000a     drivers_tivaware.aem4f : PWM.oem4f (.text:PWM_setDuty)
                  000056e6    0000000a     empty_min_pem4f.oem4f (.text:xdc_runtime_IHeap_alloc)
                  000056f0    0000000a     empty_min_pem4f.oem4f (.text:xdc_runtime_IHeap_free)
                  000056fa    00000008     DK_TM4C129X.obj (.text:DK_TM4C129X_initGPIO)
                  00005702    00000008     sysbios.aem4f : BIOS.obj (.text:ti_sysbios_family_arm_lm4_Timer_masterDisable__I)
                  0000570a    00000006     --HOLE-- [fill = 0]
                  00005710    00000008                   : BIOS.obj (.text:ti_sysbios_family_arm_m3_Hwi_doSwiRestore__I)
                  00005718    00000008                   : BIOS.obj (.text:ti_sysbios_family_arm_m3_Hwi_startup__E)
                  00005720    00000006                   : BIOS.obj (.text:ti_sysbios_family_arm_m3_Hwi_doTaskRestore__I)
                  00005726    00000002     --HOLE-- [fill = 0]
                  00005728    00000006                   : BIOS.obj (.text:ti_sysbios_family_arm_m3_Hwi_restoreFxn__E)
                  0000572e    00000002     --HOLE-- [fill = 0]
                  00005730    00000006                   : BIOS.obj (.text:ti_sysbios_gates_GateHwi_leave__E)
                  00005736    00000002     --HOLE-- [fill = 0]
                  00005738    00000006                   : BIOS.obj (.text:ti_sysbios_heaps_HeapMem_isBlocking__E)
                  0000573e    00000002     --HOLE-- [fill = 0]
                  00005740    00000006                   : BIOS.obj (.text:ti_sysbios_knl_Queue_Instance_init__E)
                  00005746    00000002     --HOLE-- [fill = 0]
                  00005748    00000006                   : BIOS.obj (.text:ti_sysbios_knl_Swi_startup__E)
                  0000574e    00000002     --HOLE-- [fill = 0]
                  00005750    00000004                   : BIOS.obj (.text:ti_sysbios_gates_GateHwi_query__E)
                  00005754    00000004     --HOLE-- [fill = 0]
                  00005758    00000004                   : BIOS.obj (.text:ti_sysbios_gates_GateMutex_query__E)
                  0000575c    00000004     --HOLE-- [fill = 0]
                  00005760    00000004                   : BIOS.obj (.text:ti_sysbios_knl_Task_startup__E)
                  00005764    00000004     --HOLE-- [fill = 0]
                  00005768    00000002                   : BIOS.obj (.text:ti_sysbios_gates_GateHwi_Instance_init__E)
                  0000576a    00000006     --HOLE-- [fill = 0]
                  00005770    00000002                   : BIOS.obj (.text:ti_sysbios_knl_Clock_logTick__E)

.const     0    00005774    000020a9     
                  00005774    00001844     empty_min_pem4f.oem4f (.const:xdc_runtime_Text_charTab__A)
                  00006fb8    00000120     Boot.aem4f : Boot_sysctl.oem4f (.const:g_pppui32XTALtoVCO)
                  000070d8    000000bc     empty_min_pem4f.oem4f (.const:xdc_runtime_Text_nodeTab__A)
                  00007194    00000090     empty_min.obj (.const:g_pui32GPIOBaseAddrs)
                  00007224    0000006c     Boot.aem4f : Boot_sysctl.oem4f (.const:g_pui32Xtals)
                  00007290    0000006c     empty_min.obj (.const:g_pui32Xtals)
                  000072fc    00000054     drivers_tivaware.aem4f : GPIOTiva.oem4f (.const:.string)
                  00007350    00000048     empty_min_pem4f.oem4f (.const:.string)
                  00007398    00000048     drivers_tivaware.aem4f : GPIOTiva.oem4f (.const:gpioBaseAddresses)
                  000073e0    0000003c     empty_min_pem4f.oem4f (.const:ti_sysbios_knl_Task_Object__PARAMS__C)
                  0000741c    00000030     Boot.aem4f : Boot_sysctl.oem4f (.const:g_sXTALtoMEMTIM)
                  0000744c    00000030     empty_min_pem4f.oem4f (.const:ti_sysbios_family_arm_m3_Hwi_Object__PARAMS__C)
                  0000747c    00000028     empty_min_pem4f.oem4f (.const:ti_sysbios_heaps_HeapMem_Module__FXNS__C)
                  000074a4    00000024     empty_min_pem4f.oem4f (.const:ti_sysbios_gates_GateHwi_Module__FXNS__C)
                  000074c8    00000024     empty_min_pem4f.oem4f (.const:ti_sysbios_gates_GateMutex_Module__FXNS__C)
                  000074ec    00000024     empty_min_pem4f.oem4f (.const:ti_sysbios_heaps_HeapMem_Object__PARAMS__C)
                  00007510    00000024     empty_min_pem4f.oem4f (.const:ti_sysbios_knl_Semaphore_Object__PARAMS__C)
                  00007534    00000020     empty_min_pem4f.oem4f (.const:ti_sysbios_family_arm_m3_Hwi_Object__DESC__C)
                  00007554    00000020     empty_min_pem4f.oem4f (.const:ti_sysbios_gates_GateHwi_Object__DESC__C)
                  00007574    00000020     empty_min_pem4f.oem4f (.const:ti_sysbios_gates_GateMutex_Object__DESC__C)
                  00007594    00000020     empty_min_pem4f.oem4f (.const:ti_sysbios_heaps_HeapMem_Object__DESC__C)
                  000075b4    00000020     empty_min_pem4f.oem4f (.const:ti_sysbios_knl_Queue_Object__DESC__C)
                  000075d4    00000020     empty_min_pem4f.oem4f (.const:ti_sysbios_knl_Semaphore_Object__DESC__C)
                  000075f4    00000020     empty_min_pem4f.oem4f (.const:ti_sysbios_knl_Task_Object__DESC__C)
                  00007614    00000020     empty_min_pem4f.oem4f (.const:xdc_runtime_Startup_sfxnTab__A)
                  00007634    00000018     empty_min_pem4f.oem4f (.const:ti_sysbios_gates_GateHwi_Object__PARAMS__C)
                  0000764c    00000018     empty_min_pem4f.oem4f (.const:ti_sysbios_gates_GateMutex_Object__PARAMS__C)
                  00007664    00000018     empty_min_pem4f.oem4f (.const:ti_sysbios_knl_Queue_Object__PARAMS__C)
                  0000767c    00000014     DK_TM4C129X.obj (.const:GPIOTiva_config)
                  00007690    00000014     empty_min_pem4f.oem4f (.const:xdc_runtime_Startup_firstFxns__A)
                  000076a4    00000010     empty_min_pem4f.oem4f (.const:xdc_runtime_Startup_sfxnRts__A)
                  000076b4    00000008     Boot.aem4f : Boot_sysctl.oem4f (.const)
                  000076bc    00000008     empty_min_pem4f.oem4f (.const:ti_sysbios_family_arm_m3_Hwi_excHookFuncs__A)
                  000076c4    00000008     empty_min_pem4f.oem4f (.const:ti_sysbios_knl_Idle_funcList__C)
                  000076cc    00000008     empty_min_pem4f.oem4f (.const:xdc_runtime_Startup_firstFxns__C)
                  000076d4    00000008     empty_min_pem4f.oem4f (.const:xdc_runtime_Startup_lastFxns__C)
                  000076dc    00000004     empty_min_pem4f.oem4f (.const:ti_catalog_arm_cortexm4_tiva_ce_Boot_A_mustNotUseEnhancedClockMode__C)
                  000076e0    00000004     empty_min_pem4f.oem4f (.const:ti_catalog_arm_cortexm4_tiva_ce_Boot_Module__diagsEnabled__C)
                  000076e4    00000004     empty_min_pem4f.oem4f (.const:ti_catalog_arm_cortexm4_tiva_ce_Boot_Module__diagsIncluded__C)
                  000076e8    00000004     empty_min_pem4f.oem4f (.const:ti_catalog_arm_cortexm4_tiva_ce_Boot_Module__diagsMask__C)
                  000076ec    00000004     empty_min_pem4f.oem4f (.const:ti_sysbios_family_arm_lm4_Timer_enableFunc__C)
                  000076f0    00000004     empty_min_pem4f.oem4f (.const:ti_sysbios_family_arm_lm4_Timer_numTimerDevices__C)
                  000076f4    00000004     empty_min_pem4f.oem4f (.const:ti_sysbios_family_arm_lm4_Timer_startupNeeded__C)
                  000076f8    00000004     empty_min_pem4f.oem4f (.const:ti_sysbios_family_arm_m3_Hwi_E_NMI__C)
                  000076fc    00000004     empty_min_pem4f.oem4f (.const:ti_sysbios_family_arm_m3_Hwi_E_alreadyDefined__C)
                  00007700    00000004     empty_min_pem4f.oem4f (.const:ti_sysbios_family_arm_m3_Hwi_E_busFault__C)
                  00007704    00000004     empty_min_pem4f.oem4f (.const:ti_sysbios_family_arm_m3_Hwi_E_debugMon__C)
                  00007708    00000004     empty_min_pem4f.oem4f (.const:ti_sysbios_family_arm_m3_Hwi_E_hardFault__C)
                  0000770c    00000004     empty_min_pem4f.oem4f (.const:ti_sysbios_family_arm_m3_Hwi_E_memFault__C)
                  00007710    00000004     empty_min_pem4f.oem4f (.const:ti_sysbios_family_arm_m3_Hwi_E_noIsr__C)
                  00007714    00000004     empty_min_pem4f.oem4f (.const:ti_sysbios_family_arm_m3_Hwi_E_reserved__C)
                  00007718    00000004     empty_min_pem4f.oem4f (.const:ti_sysbios_family_arm_m3_Hwi_E_svCall__C)
                  0000771c    00000004     empty_min_pem4f.oem4f (.const:ti_sysbios_family_arm_m3_Hwi_E_usageFault__C)
                  00007720    00000004     empty_min_pem4f.oem4f (.const:ti_sysbios_family_arm_m3_Hwi_NUM_INTERRUPTS__C)
                  00007724    00000004     empty_min_pem4f.oem4f (.const:ti_sysbios_family_arm_m3_Hwi_Object__count__C)
                  00007728    00000004     empty_min_pem4f.oem4f (.const:ti_sysbios_family_arm_m3_Hwi_ccr__C)
                  0000772c    00000004     empty_min_pem4f.oem4f (.const:ti_sysbios_family_arm_m3_Hwi_excHandlerFunc__C)
                  00007730    00000004     empty_min_pem4f.oem4f (.const:ti_sysbios_family_arm_m3_Hwi_excHookFuncs__C)
                  00007734    00000004     empty_min_pem4f.oem4f (.const:ti_sysbios_family_arm_m3_Hwi_nullIsrFunc__C)
                  00007738    00000004     empty_min_pem4f.oem4f (.const:ti_sysbios_family_arm_m3_Hwi_priGroup__C)
                  0000773c    00000004     empty_min_pem4f.oem4f (.const:ti_sysbios_family_arm_m3_TaskSupport_stackAlignment__C)
                  00007740    00000004     empty_min_pem4f.oem4f (.const:ti_sysbios_gates_GateMutex_Instance_State_sem__O)
                  00007744    00000004     empty_min_pem4f.oem4f (.const:ti_sysbios_heaps_HeapMem_E_memory__C)
                  00007748    00000004     empty_min_pem4f.oem4f (.const:ti_sysbios_heaps_HeapMem_Module__gateObj__C)
                  0000774c    00000004     empty_min_pem4f.oem4f (.const:ti_sysbios_heaps_HeapMem_Object__count__C)
                  00007750    00000004     empty_min_pem4f.oem4f (.const:ti_sysbios_heaps_HeapMem_reqAlign__C)
                  00007754    00000004     empty_min_pem4f.oem4f (.const:ti_sysbios_knl_Clock_Module_State_clockQ__O)
                  00007758    00000004     empty_min_pem4f.oem4f (.const:ti_sysbios_knl_Semaphore_Instance_State_pendQ__O)
                  0000775c    00000004     empty_min_pem4f.oem4f (.const:ti_sysbios_knl_Swi_Object__count__C)
                  00007760    00000004     empty_min_pem4f.oem4f (.const:ti_sysbios_knl_Task_Module_State_inactiveQ__O)
                  00007764    00000004     empty_min_pem4f.oem4f (.const:ti_sysbios_knl_Task_Object__count__C)
                  00007768    00000004     empty_min_pem4f.oem4f (.const:ti_sysbios_knl_Task_allBlockedFunc__C)
                  0000776c    00000004     empty_min_pem4f.oem4f (.const:ti_sysbios_knl_Task_defaultStackHeap__C)
                  00007770    00000004     empty_min_pem4f.oem4f (.const:ti_sysbios_knl_Task_defaultStackSize__C)
                  00007774    00000004     empty_min_pem4f.oem4f (.const:ti_sysbios_knl_Task_numConstructedTasks__C)
                  00007778    00000004     empty_min_pem4f.oem4f (.const:xdc_runtime_Assert_E_assertFailed__C)
                  0000777c    00000004     empty_min_pem4f.oem4f (.const:xdc_runtime_Core_A_initializedParams__C)
                  00007780    00000004     empty_min_pem4f.oem4f (.const:xdc_runtime_Core_Module__diagsEnabled__C)
                  00007784    00000004     empty_min_pem4f.oem4f (.const:xdc_runtime_Core_Module__diagsIncluded__C)
                  00007788    00000004     empty_min_pem4f.oem4f (.const:xdc_runtime_Core_Module__diagsMask__C)
                  0000778c    00000004     empty_min_pem4f.oem4f (.const:xdc_runtime_Error_E_memory__C)
                  00007790    00000004     empty_min_pem4f.oem4f (.const:xdc_runtime_Error_Module__diagsEnabled__C)
                  00007794    00000004     empty_min_pem4f.oem4f (.const:xdc_runtime_Error_Module__diagsIncluded__C)
                  00007798    00000004     empty_min_pem4f.oem4f (.const:xdc_runtime_Error_Module__diagsMask__C)
                  0000779c    00000004     empty_min_pem4f.oem4f (.const:xdc_runtime_Error_Module__loggerFxn8__C)
                  000077a0    00000004     empty_min_pem4f.oem4f (.const:xdc_runtime_Error_Module__loggerObj__C)
                  000077a4    00000004     empty_min_pem4f.oem4f (.const:xdc_runtime_Error_policyFxn__C)
                  000077a8    00000004     empty_min_pem4f.oem4f (.const:xdc_runtime_Error_raiseHook__C)
                  000077ac    00000004     empty_min_pem4f.oem4f (.const:xdc_runtime_IGateProvider_Interface__BASE__C)
                  000077b0    00000004     empty_min_pem4f.oem4f (.const:xdc_runtime_IHeap_Interface__BASE__C)
                  000077b4    00000004     empty_min_pem4f.oem4f (.const:xdc_runtime_IModule_Interface__BASE__C)
                  000077b8    00000004     empty_min_pem4f.oem4f (.const:xdc_runtime_Log_L_error__C)
                  000077bc    00000004     empty_min_pem4f.oem4f (.const:xdc_runtime_Memory_defaultHeapInstance__C)
                  000077c0    00000004     empty_min_pem4f.oem4f (.const:xdc_runtime_Startup_execImpl__C)
                  000077c4    00000004     empty_min_pem4f.oem4f (.const:xdc_runtime_Startup_maxPasses__C)
                  000077c8    00000004     empty_min_pem4f.oem4f (.const:xdc_runtime_Startup_sfxnRts__C)
                  000077cc    00000004     empty_min_pem4f.oem4f (.const:xdc_runtime_Startup_sfxnTab__C)
                  000077d0    00000004     empty_min_pem4f.oem4f (.const:xdc_runtime_SysMin_bufSize__C)
                  000077d4    00000004     empty_min_pem4f.oem4f (.const:xdc_runtime_SysMin_outputFunc__C)
                  000077d8    00000004     empty_min_pem4f.oem4f (.const:xdc_runtime_System_Module__gateObj__C)
                  000077dc    00000004     empty_min_pem4f.oem4f (.const:xdc_runtime_System_abortFxn__C)
                  000077e0    00000004     empty_min_pem4f.oem4f (.const:xdc_runtime_System_exitFxn__C)
                  000077e4    00000004     empty_min_pem4f.oem4f (.const:xdc_runtime_System_extendFxn__C)
                  000077e8    00000004     empty_min_pem4f.oem4f (.const:xdc_runtime_System_maxAtexitHandlers__C)
                  000077ec    00000004     empty_min_pem4f.oem4f (.const:xdc_runtime_Text_charTab__C)
                  000077f0    00000004     empty_min_pem4f.oem4f (.const:xdc_runtime_Text_nameEmpty__C)
                  000077f4    00000004     empty_min_pem4f.oem4f (.const:xdc_runtime_Text_nameStatic__C)
                  000077f8    00000004     empty_min_pem4f.oem4f (.const:xdc_runtime_Text_nameUnknown__C)
                  000077fc    00000004     empty_min_pem4f.oem4f (.const:xdc_runtime_Text_nodeTab__C)
                  00007800    00000004     empty_min_pem4f.oem4f (.const:xdc_runtime_Text_visitRopeFxn__C)
                  00007804    00000002     empty_min_pem4f.oem4f (.const:ti_catalog_arm_cortexm4_tiva_ce_Boot_Module__id__C)
                  00007806    00000002     empty_min_pem4f.oem4f (.const:ti_sysbios_family_arm_m3_Hwi_Module__id__C)
                  00007808    00000002     empty_min_pem4f.oem4f (.const:ti_sysbios_heaps_HeapMem_Module__id__C)
                  0000780a    00000002     empty_min_pem4f.oem4f (.const:xdc_runtime_Core_Module__id__C)
                  0000780c    00000002     empty_min_pem4f.oem4f (.const:xdc_runtime_Error_Module__loggerDefined__C)
                  0000780e    00000002     empty_min_pem4f.oem4f (.const:xdc_runtime_Error_maxDepth__C)
                  00007810    00000002     empty_min_pem4f.oem4f (.const:xdc_runtime_Memory_Module__id__C)
                  00007812    00000002     empty_min_pem4f.oem4f (.const:xdc_runtime_SysMin_flushAtExit__C)
                  00007814    00000002     empty_min_pem4f.oem4f (.const:xdc_runtime_Text_charCnt__C)
                  00007816    00000002     empty_min_pem4f.oem4f (.const:xdc_runtime_Text_isLoaded__C)
                  00007818    00000002     empty_min_pem4f.oem4f (.const:xdc_runtime_Text_registryModsLastId__C)
                  0000781a    00000002     empty_min_pem4f.oem4f (.const:xdc_runtime_Text_unnamedModsLastId__C)
                  0000781c    00000001     empty_min_pem4f.oem4f (.const:xdc_runtime_Error_policy__C)

.cinit     0    00007820    00000228     
                  00007820    000001ef     (.cinit..data.load) [load image, compression = lzss]
                  00007a0f    00000001     --HOLE-- [fill = 0]
                  00007a10    0000000c     (__TI_handler_table)
                  00007a1c    00000004     --HOLE-- [fill = 0]
                  00007a20    00000008     (.cinit..bss.load) [load image, compression = zero_init]
                  00007a28    00000008     (.cinit..vecs.load) [load image, compression = zero_init]
                  00007a30    00000018     (__TI_cinit_table)

.init_array 
*          0    00000000    00000000     UNINITIALIZED

.resetVecs 
*          0    00000000    0000003c     
                  00000000    0000003c     empty_min_pem4f.oem4f (.resetVecs)

.vecs      0    20000000    00000360     UNINITIALIZED
                  20000000    00000360     empty_min_pem4f.oem4f (.vecs)

.bss       0    20000360    00000bf2     UNINITIALIZED
                  20000360    00000400     (.common:ti_sysbios_heaps_HeapMem_Instance_State_0_buf__A)
                  20000760    00000360     (.common:ti_sysbios_family_arm_m3_Hwi_dispatchTable)
                  20000ac0    00000200     (.common:task0Stack)
                  20000cc0    00000120     rtsv7M4_T_le_v4SPD16_eabi.lib : trgmsg.obj (.bss:_CIOBUF_)
                  20000de0    00000090     drivers_tivaware.aem4f : GPIOTiva.oem4f (.bss:gpioCallbackInfo)
                  20000e70    00000080     (.common:xdc_runtime_SysMin_Module_State_0_outbuf__A)
                  20000ef0    00000050     (.common:task0Struct)
                  20000f40    00000008     (.common:parmbuf)
                  20000f48    00000004     (.common:gpioInterruptVectors)
                  20000f4c    00000004     (.common:pwm1)
                  20000f50    00000002     (.common:period)

.data      0    20000f58    0000043e     UNINITIALIZED
                  20000f58    00000080     empty_min_pem4f.oem4f (.data:ti_sysbios_knl_Swi_Module_State_0_readyQ__A)
                  20000fd8    00000080     empty_min_pem4f.oem4f (.data:ti_sysbios_knl_Task_Module_State_0_readyQ__A)
                  20001058    00000044     empty_min_pem4f.oem4f (.data:ti_sysbios_knl_Task_Module__state__V)
                  2000109c    00000004     rtsv7M4_T_le_v4SPD16_eabi.lib : stkdepth_vars.obj (.data)
                  200010a0    00000040     empty_min.obj (.data)
                  200010e0    00000040     empty_min_pem4f.oem4f (.data:ti_sysbios_family_arm_lm4_Timer_Module_State_0_device__A)
                  20001120    00000040     empty_min_pem4f.oem4f (.data:ti_sysbios_family_arm_lm4_Timer_Object__table__V)
                  20001160    00000038     empty_min_pem4f.oem4f (.data:ti_sysbios_gates_GateMutex_Object__table__V)
                  20001198    00000034     empty_min_pem4f.oem4f (.data:ti_sysbios_family_arm_m3_Hwi_Module__state__V)
                  200011cc    00000030     DK_TM4C129X.obj (.data:gpioPinConfigs)
                  200011fc    00000030     empty_min_pem4f.oem4f (.data:ti_sysbios_knl_Swi_Object__table__V)
                  2000122c    0000002c     empty_min_pem4f.oem4f (.data:ti_sysbios_knl_Clock_Module__state__V)
                  20001258    00000024     empty_min_pem4f.oem4f (.data:ti_sysbios_BIOS_Module__state__V)
                  2000127c    00000020     empty_min_pem4f.oem4f (.data:ti_sysbios_family_arm_lm4_Timer_Module_State_0_handles__A)
                  2000129c    0000001c     empty_min_pem4f.oem4f (.data:ti_sysbios_knl_Swi_Module__state__V)
                  200012b8    00000018     empty_min_pem4f.oem4f (.data:ti_sysbios_family_arm_m3_Hwi_Object__table__V)
                  200012d0    00000018     empty_min_pem4f.oem4f (.data:ti_sysbios_heaps_HeapMem_Object__table__V)
                  200012e8    0000000c     rtsv7M4_T_le_v4SPD16_eabi.lib : exit.obj (.data:$O1$$)
                  200012f4    0000000c     DK_TM4C129X.obj (.data:gpioCallbackFunctions)
                  20001300    0000000c     empty_min_pem4f.oem4f (.data:ti_sysbios_family_arm_lm4_Timer_Module__state__V)
                  2000130c    0000000c     empty_min_pem4f.oem4f (.data:xdc_runtime_SysMin_Module__state__V)
                  20001318    00000008     rtsv7M4_T_le_v4SPD16_eabi.lib : _lock.obj (.data:$O1$$)
                  20001320    00000008     empty_min_pem4f.oem4f (.data:ti_sysbios_family_arm_m3_Hwi_Module__root__V)
                  20001328    00000008     empty_min_pem4f.oem4f (.data:ti_sysbios_gates_GateHwi_Module__root__V)
                  20001330    00000008     empty_min_pem4f.oem4f (.data:ti_sysbios_gates_GateMutex_Module__root__V)
                  20001338    00000008     empty_min_pem4f.oem4f (.data:ti_sysbios_heaps_HeapMem_Module__root__V)
                  20001340    00000008     empty_min_pem4f.oem4f (.data:ti_sysbios_knl_Queue_Module__root__V)
                  20001348    00000008     empty_min_pem4f.oem4f (.data:ti_sysbios_knl_Semaphore_Module__root__V)
                  20001350    00000008     empty_min_pem4f.oem4f (.data:ti_sysbios_knl_Task_Module__root__V)
                  20001358    00000008     empty_min_pem4f.oem4f (.data:xdc_runtime_Registry_Module__state__V)
                  20001360    00000008     empty_min_pem4f.oem4f (.data:xdc_runtime_Startup_Module__state__V)
                  20001368    00000008     empty_min_pem4f.oem4f (.data:xdc_runtime_System_Module_State_0_atexitHandlers__A)
                  20001370    00000008     empty_min_pem4f.oem4f (.data:xdc_runtime_System_Module__state__V)
                  20001378    00000005     drivers_tivaware.aem4f : GPIOTiva.oem4f (.data)
                  2000137d    00000001     --HOLE--
                  2000137e    00000002     empty_min_pem4f.oem4f (.data:ti_sysbios_family_arm_m3_Hwi_Module_State_0_excActive__A)
                  20001380    00000004     empty_min_pem4f.oem4f (.data:ti_sysbios_family_arm_m3_Hwi_Module_State_0_excContext__A)
                  20001384    00000004     empty_min_pem4f.oem4f (.data:ti_sysbios_family_arm_m3_Hwi_Module_State_0_excStack__A)
                  20001388    00000004     empty_min_pem4f.oem4f (.data:ti_sysbios_gates_GateHwi_Object__table__V)
                  2000138c    00000004     empty_min_pem4f.oem4f (.data:ti_sysbios_knl_Task_Module_State_0_idleTask__A)
                  20001390    00000004     empty_min_pem4f.oem4f (.data:xdc_runtime_Memory_Module__state__V)
                  20001394    00000002     empty_min_pem4f.oem4f (.data:xdc_runtime_Error_Module__state__V)

.stack     0    20001398    00000300     UNINITIALIZED
                  20001398    00000300     --HOLE--

.bootVecs 
*          0    00000000    00000008     DSECT
                  00000000    00000008     boot.aem4f : boot.oem4f (.bootVecs)

xdc.meta   0    00000000    00000105     COPY SECTION
                  00000000    00000105     empty_min_pem4f.oem4f (xdc.meta)

MODULE SUMMARY

       Module                     code    ro data   rw data
       ------                     ----    -------   -------
    .\
       empty_min.obj              3208    252       662    
       DK_TM4C129X.obj            192     20        60     
    +--+--------------------------+-------+---------+---------+
       Total:                     3400    272       722    
                                                           
    C:\Users\zachh\Documents\RTOS\Assignment\EGH456\empty_min_DK_TM4C129X_TI\Debug\configPkg\package\cfg\
       empty_min_pem4f.oem4f      1656    7541      3812   
    +--+--------------------------+-------+---------+---------+
       Total:                     1656    7541      3812   
                                                           
    C:/ti/tirtos_tivac_2_16_00_08/products/tidrivers_tivac_2_16_00_08/packages/ti/drivers/lib/drivers_tivaware.aem4f
       GPIOTiva.oem4f             940     156       153    
       PWM.oem4f                  10      0         0      
    +--+--------------------------+-------+---------+---------+
       Total:                     950     156       153    
                                                           
    C:\Users\zachh\Documents\RTOS\Assignment\EGH456\empty_min_DK_TM4C129X_TI\src\sysbios\sysbios.aem4f
       BIOS.obj                   8784    0         0      
       m3_Hwi_asm.obj             314     0         0      
       m3_TaskSupport_asm.obj     180     0         0      
       m3_Hwi_asm_switch.obj      118     0         0      
    +--+--------------------------+-------+---------+---------+
       Total:                     9396    0         0      
                                                           
    C:\ti\ccsv7\tools\compiler\ti-cgt-arm_16.9.6.LTS\lib\rtsv7M4_T_le_v4SPD16_eabi.lib
       fd_add_t2.obj              438     0         0      
       trgmsg.obj                 104     0         288    
       fd_mul_t2.obj              252     0         0      
       memcpy_t2.obj              156     0         0      
       memset_t2.obj              122     0         0      
       copy_decompress_lzss.obj   104     0         0      
       exit.obj                   84      0         12     
       hostwrite.obj              88      0         0      
       cpy_tbl.obj                76      0         0      
       fd_tou_t2.obj              68      0         0      
       u_divt2.obj                64      0         0      
       i_tofd_t2.obj              46      0         0      
       _lock.obj                  20      0         8      
       args_main.obj              24      0         0      
       strlen.obj                 20      0         0      
       copy_decompress_none.obj   14      0         0      
       copy_zero_init.obj         12      0         0      
       hostopen.obj               0       0         8      
       stkdepth_vars.obj          0       0         4      
       i_div0.obj                 2       0         0      
    +--+--------------------------+-------+---------+---------+
       Total:                     1694    0         320    
                                                           
    C:\ti\tirtos_tivac_2_16_00_08\products\bios_6_45_01_29\packages\ti\catalog\arm\cortexm4\tiva\ce\lib\Boot.aem4f
       Boot_sysctl.oem4f          628     452       0      
       Boot.oem4f                 152     0         0      
    +--+--------------------------+-------+---------+---------+
       Total:                     780     452       0      
                                                           
    C:\ti\tirtos_tivac_2_16_00_08\products\bios_6_45_01_29\packages\ti\targets\arm\rtsarm\lib\auto_init.aem4f
       auto_init.oem4f            160     0         0      
    +--+--------------------------+-------+---------+---------+
       Total:                     160     0         0      
                                                           
    C:\ti\tirtos_tivac_2_16_00_08\products\bios_6_45_01_29\packages\ti\targets\arm\rtsarm\lib\boot.aem4f
       boot.oem4f                 88      0         0      
    +--+--------------------------+-------+---------+---------+
       Total:                     88      0         0      
                                                           
    C:\ti\tirtos_tivac_2_16_00_08\products\bios_6_45_01_29\packages\ti\targets\arm\rtsarm\lib\ti.targets.arm.rtsarm.aem4f
       System.oem4f               1255    0         0      
       Text.oem4f                 672     0         0      
       Error.oem4f                524     0         0      
       Core-mem.oem4f             358     0         0      
       Startup.oem4f              328     0         0      
       SysMin.oem4f               248     0         0      
       Core-smem.oem4f            204     0         0      
       Memory.oem4f               176     0         0      
       Assert.oem4f               84      0         0      
       Core-params.oem4f          70      0         0      
       Core-label.oem4f           52      0         0      
       Registry.oem4f             32      0         0      
       Gate.oem4f                 28      0         0      
    +--+--------------------------+-------+---------+---------+
       Total:                     4031    0         0      
                                                           
       Stack:                     0       0         768    
       Linker Generated:          0       547       0      
    +--+--------------------------+-------+---------+---------+
       Grand Total:               22155   8968      5775   


LINKER GENERATED COPY TABLES

__TI_cinit_table @ 00007a30 records: 3, size/record: 8, table size: 24
	.data: load addr=00007820, load size=000001ef bytes, run addr=20000f58, run size=0000043e bytes, compression=lzss
	.bss: load addr=00007a20, load size=00000008 bytes, run addr=20000360, run size=00000bf2 bytes, compression=zero_init
	.vecs: load addr=00007a28, load size=00000008 bytes, run addr=20000000, run size=00000360 bytes, compression=zero_init


LINKER GENERATED HANDLER TABLE

__TI_handler_table @ 00007a10 records: 3, size/record: 4, table size: 12
	index: 0, handler: __TI_decompress_lzss
	index: 1, handler: __TI_decompress_none
	index: 2, handler: __TI_zero_init


GLOBAL SYMBOLS: SORTED ALPHABETICALLY BY Name 

address   name                                                                 
-------   ----                                                                 
00003d39  C$$EXIT                                                              
00003763  C$$IO$$                                                              
000056fb  DK_TM4C129X_initGPIO                                                 
000029cd  DK_TM4C129X_initGeneral                                              
000039fd  GPIODirModeSet                                                       
0000548d  GPIOIntClear                                                         
0000526d  GPIOIntEnable                                                        
00004f61  GPIOIntStatus                                                        
00002b35  GPIOIntTypeSet                                                       
00000b2d  GPIOPadConfigSet                                                     
00003665  GPIOPinConfigure                                                     
00005357  GPIOPinRead                                                          
00004ded  GPIOPinTypeTimer                                                     
00004fcd  GPIOPinWrite                                                         
0000767c  GPIOTiva_config                                                      
0000494d  GPIO_enableInt                                                       
00003805  GPIO_hwiIntFxn                                                       
000030ad  GPIO_init                                                            
0000497d  GPIO_read                                                            
00003e8d  GPIO_setCallback                                                     
00001aa5  GPIO_setConfig                                                       
00003edd  GPIO_toggle                                                          
00003f2d  GPIO_write                                                           
00003c89  HOSTwrite                                                            
00000471  HallEffectCallback                                                   
000056dd  PWM_setDuty                                                          
UNDEFED   SHT$$INIT_ARRAY$$Base                                                
UNDEFED   SHT$$INIT_ARRAY$$Limit                                               
0000116d  SysCtlClockGet                                                       
000043fb  SysCtlDelay                                                          
000045a1  SysCtlPeripheralEnable                                               
00003139  TimerConfigure                                                       
00005131  TimerEnable                                                          
00004cd1  TimerLoadSet                                                         
00004cfb  TimerMatchSet                                                        
00000000  __ASM__                                                              
20000cc0  __CIOBUF_                                                            
00000083  __ISA__                                                              
00000096  __PLAT__                                                             
20001698  __STACK_END                                                          
00000300  __STACK_SIZE                                                         
000000b7  __TARG__                                                             
00007a30  __TI_CINIT_Base                                                      
00007a48  __TI_CINIT_Limit                                                     
00007a10  __TI_Handler_Table_Base                                              
00007a1c  __TI_Handler_Table_Limit                                             
00002bd9  __TI_auto_init                                                       
200012e8  __TI_cleanup_ptr                                                     
000036cd  __TI_decompress_lzss                                                 
00005619  __TI_decompress_none                                                 
200012ec  __TI_dtors_ptr                                                       
200012f0  __TI_enable_exit_profile_output                                      
ffffffff  __TI_pprof_out_hndl                                                  
ffffffff  __TI_prof_data_size                                                  
ffffffff  __TI_prof_data_start                                                 
00003767  __TI_readmsg                                                         
00007820  __TI_static_base__                                                   
00003735  __TI_writemsg                                                        
00005645  __TI_zero_init                                                       
000000dd  __TRDR__                                                             
000043b7  __aeabi_d2uiz                                                        
00001347  __aeabi_dadd                                                         
00002061  __aeabi_dmul                                                         
0000133d  __aeabi_dsub                                                         
00004bf1  __aeabi_i2d                                                          
00000d67  __aeabi_idiv0                                                        
00003355  __aeabi_memclr                                                       
00003355  __aeabi_memclr4                                                      
00003355  __aeabi_memclr8                                                      
00002d19  __aeabi_memcpy                                                       
00002d19  __aeabi_memcpy4                                                      
00002d19  __aeabi_memcpy8                                                      
00003357  __aeabi_memset                                                       
00003357  __aeabi_memset4                                                      
00003357  __aeabi_memset8                                                      
000045e1  __aeabi_uidiv                                                        
000045e1  __aeabi_uidivmod                                                     
ffffffff  __binit__                                                            
ffffffff  __c_args__                                                           
20001398  __stack                                                              
00005371  _args_main                                                           
00003c31  _c_int00                                                             
20001318  _lock                                                                
000054af  _nop                                                                 
000054a7  _register_lock                                                       
000054a1  _register_unlock                                                     
2000131c  _unlock                                                              
00003d3d  abort                                                                
ffffffff  binit                                                                
200010c8  clockwise                                                            
000040c1  copy_in                                                              
200010a8  duty                                                                 
200010b0  error                                                                
200010b8  errorSum                                                             
00003d45  exit                                                                 
200010a0  freq                                                                 
200012f4  gpioCallbackFunctions                                                
200011cc  gpioPinConfigs                                                       
00004d51  heartBeatFxn                                                         
200010d8  ki                                                                   
200010d0  kp                                                                   
000014f5  main                                                                 
2000109c  main_func_sp                                                         
00002d19  memcpy                                                               
0000335d  memset                                                               
000055b9  osi_TaskDisable                                                      
00005569  osi_start                                                            
20000f40  parmbuf                                                              
20000f50  period                                                               
20000f4c  pwm1                                                                 
200010c4  setSpeed                                                             
200010c0  speed                                                                
000054b5  strlen                                                               
20000ac0  task0Stack                                                           
20000ef0  task0Struct                                                          
000076dc  ti_catalog_arm_cortexm4_tiva_ce_Boot_A_mustNotUseEnhancedClockMode__C
000076e0  ti_catalog_arm_cortexm4_tiva_ce_Boot_Module__diagsEnabled__C         
000076e4  ti_catalog_arm_cortexm4_tiva_ce_Boot_Module__diagsIncluded__C        
000076e8  ti_catalog_arm_cortexm4_tiva_ce_Boot_Module__diagsMask__C            
00007804  ti_catalog_arm_cortexm4_tiva_ce_Boot_Module__id__C                   
00005545  ti_catalog_arm_cortexm4_tiva_ce_Boot_init__I                         
00000d69  ti_catalog_arm_cortexm4_tiva_ce_Boot_sysCtlClockFreqSetI__I          
00002e51  ti_catalog_arm_cortexm4_tiva_ce_Boot_sysCtlClockFreqSet__E           
20001258  ti_sysbios_BIOS_Module__state__V                                     
000052bb  ti_sysbios_BIOS_RtsGateProxy_Handle__label__S                        
00004ea1  ti_sysbios_BIOS_RtsGateProxy_Object__delete__S                       
00000f6d  ti_sysbios_BIOS_RtsGateProxy_enter__E                                
0000166d  ti_sysbios_BIOS_RtsGateProxy_leave__E                                
00005759  ti_sysbios_BIOS_RtsGateProxy_query__E                                
000049ad  ti_sysbios_BIOS_atExitFunc__I                                        
00004e11  ti_sysbios_BIOS_errorRaiseHook__I                                    
00005461  ti_sysbios_BIOS_exitFunc__I                                          
000014f3  ti_sysbios_BIOS_nullFunc__I                                          
00004e35  ti_sysbios_BIOS_registerRTSLock__I                                   
00004e59  ti_sysbios_BIOS_removeRTSLock__I                                     
0000500d  ti_sysbios_BIOS_rtsLock__I                                           
00005389  ti_sysbios_BIOS_rtsUnlock__I                                         
00005559  ti_sysbios_BIOS_setThreadType__E                                     
00004e7d  ti_sysbios_BIOS_startFunc__I                                         
00005569  ti_sysbios_BIOS_start__E                                             
200010e0  ti_sysbios_family_arm_lm4_Timer_Module_State_0_device__A             
2000127c  ti_sysbios_family_arm_lm4_Timer_Module_State_0_handles__A            
000053a1  ti_sysbios_family_arm_lm4_Timer_Module__startupDone__F               
000053a1  ti_sysbios_family_arm_lm4_Timer_Module__startupDone__S               
20001300  ti_sysbios_family_arm_lm4_Timer_Module__state__V                     
00003869  ti_sysbios_family_arm_lm4_Timer_Module_startup__E                    
20001120  ti_sysbios_family_arm_lm4_Timer_Object__table__V                     
000076ec  ti_sysbios_family_arm_lm4_Timer_enableFunc__C                        
00004251  ti_sysbios_family_arm_lm4_Timer_enableTimers__I                      
00002a89  ti_sysbios_family_arm_lm4_Timer_enableTiva__I                        
00005651  ti_sysbios_family_arm_lm4_Timer_getMaxTicks__E                       
00003d91  ti_sysbios_family_arm_lm4_Timer_initDevice__I                        
00004401  ti_sysbios_family_arm_lm4_Timer_isrStub__E                           
00005703  ti_sysbios_family_arm_lm4_Timer_masterDisable__I                     
000017e5  ti_sysbios_family_arm_lm4_Timer_masterEnable__I                      
000076f0  ti_sysbios_family_arm_lm4_Timer_numTimerDevices__C                   
00001e59  ti_sysbios_family_arm_lm4_Timer_start__E                             
000076f4  ti_sysbios_family_arm_lm4_Timer_startupNeeded__C                     
00004621  ti_sysbios_family_arm_lm4_Timer_startup__E                           
000049e1  ti_sysbios_family_arm_lm4_Timer_stop__E                              
00004f89  ti_sysbios_family_arm_lm4_Timer_write__I                             
000076f8  ti_sysbios_family_arm_m3_Hwi_E_NMI__C                                
000076fc  ti_sysbios_family_arm_m3_Hwi_E_alreadyDefined__C                     
00007700  ti_sysbios_family_arm_m3_Hwi_E_busFault__C                           
00007704  ti_sysbios_family_arm_m3_Hwi_E_debugMon__C                           
00007708  ti_sysbios_family_arm_m3_Hwi_E_hardFault__C                          
0000770c  ti_sysbios_family_arm_m3_Hwi_E_memFault__C                           
00007710  ti_sysbios_family_arm_m3_Hwi_E_noIsr__C                              
00007714  ti_sysbios_family_arm_m3_Hwi_E_reserved__C                           
00007718  ti_sysbios_family_arm_m3_Hwi_E_svCall__C                             
0000771c  ti_sysbios_family_arm_m3_Hwi_E_usageFault__C                         
00005287  ti_sysbios_family_arm_m3_Hwi_Handle__label__S                        
00004841  ti_sysbios_family_arm_m3_Hwi_Instance_finalize__E                    
00002ee9  ti_sysbios_family_arm_m3_Hwi_Instance_init__E                        
2000137e  ti_sysbios_family_arm_m3_Hwi_Module_State_0_excActive__A             
20001380  ti_sysbios_family_arm_m3_Hwi_Module_State_0_excContext__A            
20001384  ti_sysbios_family_arm_m3_Hwi_Module_State_0_excStack__A              
00007806  ti_sysbios_family_arm_m3_Hwi_Module__id__C                           
20001320  ti_sysbios_family_arm_m3_Hwi_Module__root__V                         
000053b9  ti_sysbios_family_arm_m3_Hwi_Module__startupDone__F                  
000053b9  ti_sysbios_family_arm_m3_Hwi_Module__startupDone__S                  
20001198  ti_sysbios_family_arm_m3_Hwi_Module__state__V                        
00003fd1  ti_sysbios_family_arm_m3_Hwi_Module_startup__E                       
00007720  ti_sysbios_family_arm_m3_Hwi_NUM_INTERRUPTS__C                       
00007534  ti_sysbios_family_arm_m3_Hwi_Object__DESC__C                         
0000744c  ti_sysbios_family_arm_m3_Hwi_Object__PARAMS__C                       
00007724  ti_sysbios_family_arm_m3_Hwi_Object__count__C                        
000054c9  ti_sysbios_family_arm_m3_Hwi_Object__get__S                          
200012b8  ti_sysbios_family_arm_m3_Hwi_Object__table__V                        
0000565d  ti_sysbios_family_arm_m3_Hwi_Params__init__S                         
00007728  ti_sysbios_family_arm_m3_Hwi_ccr__C                                  
000038cd  ti_sysbios_family_arm_m3_Hwi_create                                  
00005669  ti_sysbios_family_arm_m3_Hwi_disableFxn__E                           
00004299  ti_sysbios_family_arm_m3_Hwi_disableInterrupt__E                     
00003931  ti_sysbios_family_arm_m3_Hwi_dispatchC__I                            
20000760  ti_sysbios_family_arm_m3_Hwi_dispatchTable                           
0000234d  ti_sysbios_family_arm_m3_Hwi_dispatch__I                             
00005711  ti_sysbios_family_arm_m3_Hwi_doSwiRestore__I                         
00005721  ti_sysbios_family_arm_m3_Hwi_doTaskRestore__I                        
000042e1  ti_sysbios_family_arm_m3_Hwi_enableInterrupt__E                      
00001671  ti_sysbios_family_arm_m3_Hwi_excBusFault__I                          
00002791  ti_sysbios_family_arm_m3_Hwi_excDebugMon__I                          
00000041  ti_sysbios_family_arm_m3_Hwi_excDumpRegs__I                          
0000502d  ti_sysbios_family_arm_m3_Hwi_excHandlerAsm__I                        
0000772c  ti_sysbios_family_arm_m3_Hwi_excHandlerFunc__C                       
00000f71  ti_sysbios_family_arm_m3_Hwi_excHandlerMax__I                        
00005051  ti_sysbios_family_arm_m3_Hwi_excHandler__I                           
00002851  ti_sysbios_family_arm_m3_Hwi_excHardFault__I                         
000076bc  ti_sysbios_family_arm_m3_Hwi_excHookFuncs__A                         
00007730  ti_sysbios_family_arm_m3_Hwi_excHookFuncs__C                         
00001bf9  ti_sysbios_family_arm_m3_Hwi_excMemFault__I                          
00004879  ti_sysbios_family_arm_m3_Hwi_excNmi__I                               
[...]
00005579  ti_sysbios_family_arm_m3_TaskSupport_glue                            
00005589  ti_sysbios_gates_GateMutex_Instance_finalize__E                      
00005599  ti_sysbios_knl_Semaphore_Instance_finalize__E                        
000055a9  ti_sysbios_knl_Swi_disable__E                                        
000055b9  osi_TaskDisable                                                      
000055b9  ti_sysbios_knl_Task_disable__E                                       
000055c9  xdc_runtime_Gate_leaveSystem__E                                      
000055d9  xdc_runtime_Memory_free__E                                           
000055e9  xdc_runtime_SysMin_ready__E                                          
000055e9  xdc_runtime_System_SupportProxy_ready__E                             
000055f9  xdc_runtime_System_vsnprintf__E                                      
00005609  xdc_runtime_Text_visitRope__I                                        
00005619  __TI_decompress_none                                                 
00005629  ti_sysbios_knl_Queue_empty__E                                        
00005637  ti_sysbios_knl_Task_Object__get__S                                   
00005645  __TI_zero_init                                                       
00005651  ti_sysbios_family_arm_lm4_Timer_getMaxTicks__E                       
0000565d  ti_sysbios_family_arm_m3_Hwi_Params__init__S                         
0000565d  ti_sysbios_hal_Hwi_HwiProxy_Params__init__S                          
00005669  ti_sysbios_family_arm_m3_Hwi_disableFxn__E                           
00005669  ti_sysbios_hal_Hwi_HwiProxy_disable__E                               
00005679  ti_sysbios_family_arm_m3_TaskSupport_getStackAlignment__E            
00005679  ti_sysbios_knl_Task_SupportProxy_getStackAlignment__E                
00005689  ti_sysbios_gates_GateHwi_enter__E                                    
00005695  ti_sysbios_knl_Queue_Object__get__S                                  
000056a1  ti_sysbios_knl_Task_Params__init__S                                  
000056ad  xdc_runtime_Error_init__E                                            
000056b9  xdc_runtime_Gate_enterSystem__E                                      
000056c5  xdc_runtime_Memory_calloc__E                                         
000056d1  xdc_runtime_Memory_getMaxDefaultTypeAlign__E                         
000056dd  PWM_setDuty                                                          
000056e7  xdc_runtime_Memory_HeapProxy_alloc__E                                
000056f1  xdc_runtime_Memory_HeapProxy_free__E                                 
000056fb  DK_TM4C129X_initGPIO                                                 
00005703  ti_sysbios_family_arm_lm4_Timer_masterDisable__I                     
00005711  ti_sysbios_family_arm_m3_Hwi_doSwiRestore__I                         
00005719  ti_sysbios_family_arm_m3_Hwi_startup__E                              
00005719  ti_sysbios_hal_Hwi_HwiProxy_startup__E                               
00005719  ti_sysbios_hal_Hwi_startup__E                                        
00005721  ti_sysbios_family_arm_m3_Hwi_doTaskRestore__I                        
00005729  ti_sysbios_family_arm_m3_Hwi_restoreFxn__E                           
00005729  ti_sysbios_hal_Hwi_HwiProxy_restore__E                               
00005731  ti_sysbios_gates_GateHwi_leave__E                                    
00005739  ti_sysbios_heaps_HeapMem_isBlocking__E                               
00005741  ti_sysbios_knl_Queue_Instance_init__E                                
00005749  ti_sysbios_knl_Swi_startup__E                                        
00005751  ti_sysbios_gates_GateHwi_query__E                                    
00005751  xdc_runtime_Main_Module_GateProxy_query__E                           
00005751  xdc_runtime_System_Module_GateProxy_query__E                         
00005759  ti_sysbios_BIOS_RtsGateProxy_query__E                                
00005759  ti_sysbios_gates_GateMutex_query__E                                  
00005759  ti_sysbios_heaps_HeapMem_Module_GateProxy_query__E                   
00005761  ti_sysbios_knl_Task_startup__E                                       
00005769  ti_sysbios_gates_GateHwi_Instance_init__E                            
00005771  ti_sysbios_knl_Clock_logTick__E                                      
00005774  xdc_runtime_Text_charTab__A                                          
000070d8  xdc_runtime_Text_nodeTab__A                                          
000073e0  ti_sysbios_knl_Task_Object__PARAMS__C                                
0000744c  ti_sysbios_family_arm_m3_Hwi_Object__PARAMS__C                       
0000747c  ti_sysbios_heaps_HeapMem_Module__FXNS__C                             
000074a4  ti_sysbios_gates_GateHwi_Module__FXNS__C                             
000074c8  ti_sysbios_gates_GateMutex_Module__FXNS__C                           
000074ec  ti_sysbios_heaps_HeapMem_Object__PARAMS__C                           
00007510  ti_sysbios_knl_Semaphore_Object__PARAMS__C                           
00007534  ti_sysbios_family_arm_m3_Hwi_Object__DESC__C                         
00007554  ti_sysbios_gates_GateHwi_Object__DESC__C                             
00007574  ti_sysbios_gates_GateMutex_Object__DESC__C                           
00007594  ti_sysbios_heaps_HeapMem_Object__DESC__C                             
000075b4  ti_sysbios_knl_Queue_Object__DESC__C                                 
000075d4  ti_sysbios_knl_Semaphore_Object__DESC__C                             
000075f4  ti_sysbios_knl_Task_Object__DESC__C                                  
00007614  xdc_runtime_Startup_sfxnTab__A                                       
00007634  ti_sysbios_gates_GateHwi_Object__PARAMS__C                           
0000764c  ti_sysbios_gates_GateMutex_Object__PARAMS__C                         
00007664  ti_sysbios_knl_Queue_Object__PARAMS__C                               
0000767c  GPIOTiva_config                                                      
00007690  xdc_runtime_Startup_firstFxns__A                                     
000076a4  xdc_runtime_Startup_sfxnRts__A                                       
000076bc  ti_sysbios_family_arm_m3_Hwi_excHookFuncs__A                         
000076c4  ti_sysbios_knl_Idle_funcList__C                                      
000076cc  xdc_runtime_Startup_firstFxns__C                                     
000076d4  xdc_runtime_Startup_lastFxns__C                                      
000076dc  ti_catalog_arm_cortexm4_tiva_ce_Boot_A_mustNotUseEnhancedClockMode__C
000076e0  ti_catalog_arm_cortexm4_tiva_ce_Boot_Module__diagsEnabled__C         
000076e4  ti_catalog_arm_cortexm4_tiva_ce_Boot_Module__diagsIncluded__C        
000076e8  ti_catalog_arm_cortexm4_tiva_ce_Boot_Module__diagsMask__C            
000076ec  ti_sysbios_family_arm_lm4_Timer_enableFunc__C                        
000076f0  ti_sysbios_family_arm_lm4_Timer_numTimerDevices__C                   
000076f4  ti_sysbios_family_arm_lm4_Timer_startupNeeded__C                     
000076f8  ti_sysbios_family_arm_m3_Hwi_E_NMI__C                                
000076fc  ti_sysbios_family_arm_m3_Hwi_E_alreadyDefined__C                     
00007700  ti_sysbios_family_arm_m3_Hwi_E_busFault__C                           
00007704  ti_sysbios_family_arm_m3_Hwi_E_debugMon__C                           
00007708  ti_sysbios_family_arm_m3_Hwi_E_hardFault__C                          
0000770c  ti_sysbios_family_arm_m3_Hwi_E_memFault__C                           
00007710  ti_sysbios_family_arm_m3_Hwi_E_noIsr__C                              
00007714  ti_sysbios_family_arm_m3_Hwi_E_reserved__C                           
00007718  ti_sysbios_family_arm_m3_Hwi_E_svCall__C                             
0000771c  ti_sysbios_family_arm_m3_Hwi_E_usageFault__C                         
00007720  ti_sysbios_family_arm_m3_Hwi_NUM_INTERRUPTS__C                       
00007724  ti_sysbios_family_arm_m3_Hwi_Object__count__C                        
00007728  ti_sysbios_family_arm_m3_Hwi_ccr__C                                  
0000772c  ti_sysbios_family_arm_m3_Hwi_excHandlerFunc__C                       
00007730  ti_sysbios_family_arm_m3_Hwi_excHookFuncs__C                         
00007734  ti_sysbios_family_arm_m3_Hwi_nullIsrFunc__C                          
00007738  ti_sysbios_family_arm_m3_Hwi_priGroup__C                             
0000773c  ti_sysbios_family_arm_m3_TaskSupport_stackAlignment__C               
00007740  ti_sysbios_gates_GateMutex_Instance_State_sem__O                     
00007744  ti_sysbios_heaps_HeapMem_E_memory__C                                 
00007748  ti_sysbios_heaps_HeapMem_Module__gateObj__C                          
0000774c  ti_sysbios_heaps_HeapMem_Object__count__C                            
00007750  ti_sysbios_heaps_HeapMem_reqAlign__C                                 
00007754  ti_sysbios_knl_Clock_Module_State_clockQ__O                          
00007758  ti_sysbios_knl_Semaphore_Instance_State_pendQ__O                     
0000775c  ti_sysbios_knl_Swi_Object__count__C                                  
00007760  ti_sysbios_knl_Task_Module_State_inactiveQ__O                        
00007764  ti_sysbios_knl_Task_Object__count__C                                 
00007768  ti_sysbios_knl_Task_allBlockedFunc__C                                
0000776c  ti_sysbios_knl_Task_defaultStackHeap__C                              
00007770  ti_sysbios_knl_Task_defaultStackSize__C                              
00007774  ti_sysbios_knl_Task_numConstructedTasks__C                           
00007778  xdc_runtime_Assert_E_assertFailed__C                                 
0000777c  xdc_runtime_Core_A_initializedParams__C                              
00007780  xdc_runtime_Core_Module__diagsEnabled__C                             
00007784  xdc_runtime_Core_Module__diagsIncluded__C                            
00007788  xdc_runtime_Core_Module__diagsMask__C                                
0000778c  xdc_runtime_Error_E_memory__C                                        
00007790  xdc_runtime_Error_Module__diagsEnabled__C                            
00007794  xdc_runtime_Error_Module__diagsIncluded__C                           
00007798  xdc_runtime_Error_Module__diagsMask__C                               
0000779c  xdc_runtime_Error_Module__loggerFxn8__C                              
000077a0  xdc_runtime_Error_Module__loggerObj__C                               
000077a4  xdc_runtime_Error_policyFxn__C                                       
000077a8  xdc_runtime_Error_raiseHook__C                                       
000077ac  xdc_runtime_IGateProvider_Interface__BASE__C                         
000077b0  xdc_runtime_IHeap_Interface__BASE__C                                 
000077b4  xdc_runtime_IModule_Interface__BASE__C                               
000077b8  xdc_runtime_Log_L_error__C                                           
000077bc  xdc_runtime_Memory_defaultHeapInstance__C                            
000077c0  xdc_runtime_Startup_execImpl__C                                      
000077c4  xdc_runtime_Startup_maxPasses__C                                     
000077c8  xdc_runtime_Startup_sfxnRts__C                                       
000077cc  xdc_runtime_Startup_sfxnTab__C                                       
000077d0  xdc_runtime_SysMin_bufSize__C                                        
000077d4  xdc_runtime_SysMin_outputFunc__C                                     
000077d8  xdc_runtime_System_Module__gateObj__C                                
000077dc  xdc_runtime_System_abortFxn__C                                       
000077e0  xdc_runtime_System_exitFxn__C                                        
000077e4  xdc_runtime_System_extendFxn__C                                      
000077e8  xdc_runtime_System_maxAtexitHandlers__C                              
000077ec  xdc_runtime_Text_charTab__C                                          
000077f0  xdc_runtime_Text_nameEmpty__C                                        
000077f4  xdc_runtime_Text_nameStatic__C                                       
000077f8  xdc_runtime_Text_nameUnknown__C                                      
000077fc  xdc_runtime_Text_nodeTab__C                                          
00007800  xdc_runtime_Text_visitRopeFxn__C                                     
00007804  ti_catalog_arm_cortexm4_tiva_ce_Boot_Module__id__C                   
00007806  ti_sysbios_family_arm_m3_Hwi_Module__id__C                           
00007808  ti_sysbios_heaps_HeapMem_Module__id__C                               
0000780a  xdc_runtime_Core_Module__id__C                                       
0000780c  xdc_runtime_Error_Module__loggerDefined__C                           
0000780e  xdc_runtime_Error_maxDepth__C                                        
00007810  xdc_runtime_Memory_Module__id__C                                     
00007812  xdc_runtime_SysMin_flushAtExit__C                                    
00007814  xdc_runtime_Text_charCnt__C                                          
00007816  xdc_runtime_Text_isLoaded__C                                         
00007818  xdc_runtime_Text_registryModsLastId__C                               
0000781a  xdc_runtime_Text_unnamedModsLastId__C                                
0000781c  xdc_runtime_Error_policy__C                                          
00007820  __TI_static_base__                                                   
00007a10  __TI_Handler_Table_Base                                              
00007a1c  __TI_Handler_Table_Limit                                             
00007a30  __TI_CINIT_Base                                                      
00007a48  __TI_CINIT_Limit                                                     
20000000  ti_sysbios_family_arm_m3_Hwi_ramVectors                              
20000360  ti_sysbios_heaps_HeapMem_Instance_State_0_buf__A                     
20000760  ti_sysbios_family_arm_m3_Hwi_dispatchTable                           
20000ac0  task0Stack                                                           
20000cc0  __CIOBUF_                                                            
20000e70  xdc_runtime_SysMin_Module_State_0_outbuf__A                          
20000ef0  task0Struct                                                          
20000f40  parmbuf                                                              
20000f4c  pwm1                                                                 
20000f50  period                                                               
20000f58  ti_sysbios_knl_Swi_Module_State_0_readyQ__A                          
20000fd8  ti_sysbios_knl_Task_Module_State_0_readyQ__A                         
20001058  ti_sysbios_knl_Task_Module__state__V                                 
2000109c  main_func_sp                                                         
200010a0  freq                                                                 
200010a8  duty                                                                 
200010b0  error                                                                
200010b8  errorSum                                                             
200010c0  speed                                                                
200010c4  setSpeed                                                             
200010c8  clockwise                                                            
200010d0  kp                                                                   
200010d8  ki                                                                   
200010e0  ti_sysbios_family_arm_lm4_Timer_Module_State_0_device__A             
20001120  ti_sysbios_family_arm_lm4_Timer_Object__table__V                     
20001160  ti_sysbios_gates_GateMutex_Object__table__V                          
20001198  ti_sysbios_family_arm_m3_Hwi_Module__state__V                        
200011cc  gpioPinConfigs                                                       
200011fc  ti_sysbios_knl_Swi_Object__table__V                                  
2000122c  ti_sysbios_knl_Clock_Module__state__V                                
20001258  ti_sysbios_BIOS_Module__state__V                                     
2000127c  ti_sysbios_family_arm_lm4_Timer_Module_State_0_handles__A            
2000129c  ti_sysbios_knl_Swi_Module__state__V                                  
200012b8  ti_sysbios_family_arm_m3_Hwi_Object__table__V                        
200012d0  ti_sysbios_heaps_HeapMem_Object__table__V                            
200012e8  __TI_cleanup_ptr                                                     
200012ec  __TI_dtors_ptr                                                       
200012f0  __TI_enable_exit_profile_output                                      
200012f4  gpioCallbackFunctions                                                
20001300  ti_sysbios_family_arm_lm4_Timer_Module__state__V                     
2000130c  xdc_runtime_SysMin_Module__state__V                                  
20001318  _lock                                                                
2000131c  _unlock                                                              
20001320  ti_sysbios_family_arm_m3_Hwi_Module__root__V                         
20001328  ti_sysbios_gates_GateHwi_Module__root__V                             
20001330  ti_sysbios_gates_GateMutex_Module__root__V                           
20001338  ti_sysbios_heaps_HeapMem_Module__root__V                             
20001340  ti_sysbios_knl_Queue_Module__root__V                                 
20001348  ti_sysbios_knl_Semaphore_Module__root__V                             
20001350  ti_sysbios_knl_Task_Module__root__V                                  
20001358  xdc_runtime_Registry_Module__state__V                                
20001360  xdc_runtime_Startup_Module__state__V                                 
20001368  xdc_runtime_System_Module_State_0_atexitHandlers__A                  
20001370  xdc_runtime_System_Module__state__V                                  
2000137e  ti_sysbios_family_arm_m3_Hwi_Module_State_0_excActive__A             
20001380  ti_sysbios_family_arm_m3_Hwi_Module_State_0_excContext__A            
20001384  ti_sysbios_family_arm_m3_Hwi_Module_State_0_excStack__A              
20001388  ti_sysbios_gates_GateHwi_Object__table__V                            
2000138c  ti_sysbios_knl_Task_Module_State_0_idleTask__A                       
20001390  xdc_runtime_Memory_Module__state__V                                  
20001394  xdc_runtime_Error_Module__state__V                                   
20001398  __stack                                                              
20001698  __STACK_END                                                          
e000e000  ti_sysbios_family_arm_m3_Hwi_nvic                                    
ffffffff  __TI_pprof_out_hndl                                                  
ffffffff  __TI_prof_data_size                                                  
ffffffff  __TI_prof_data_start                                                 
ffffffff  __binit__                                                            
ffffffff  __c_args__                                                           
ffffffff  binit                                                                
UNDEFED   SHT$$INIT_ARRAY$$Base                                                
UNDEFED   SHT$$INIT_ARRAY$$Limit                                               

[532 symbols]
