******************************************************************************
                  TI ARM Linker Unix v16.9.6                   
******************************************************************************
>> Linked Thu May 31 20:59:21 2018

OUTPUT FILE NAME:   <i2ctmp006_DK_TM4C129X_TI.out>
ENTRY POINT SYMBOL: "_c_int00"  address: 000050a1


MEMORY CONFIGURATION

         name            origin    length      used     unused   attr    fill
----------------------  --------  ---------  --------  --------  ----  --------
  FLASH                 00000000   00100000  000090e4  000f6f1c  R  X
  SRAM                  20000000   00040000  00002132  0003dece  RW X


SEGMENT ALLOCATION MAP

run origin  load origin   length   init length attrs members
----------  ----------- ---------- ----------- ----- -------
00000000    00000000    000090f0   000090f0    r-x
  00000000    00000000    0000003c   0000003c    r-- .resetVecs
  00000040    00000040    00006d9a   00006d9a    r-x .text
  00006de0    00006de0    000020ee   000020ee    r-- .const
  00008ed0    00008ed0    00000220   00000220    r-- .cinit
20000000    20000000    00002134   00000000    rw-
  20000000    20000000    00000360   00000000    rw- .vecs
  20000360    20000360    00001690   00000000    rw- .bss
  200019f0    200019f0    00000442   00000000    rw- .data
  20001e34    20001e34    00000300   00000000    rw- .stack


SECTION ALLOCATION MAP

 output                                  attributes/
section   page    origin      length       input sections
--------  ----  ----------  ----------   ----------------
.text      0    00000040    00006d9a     
                  00000040    000009ac     rtsv7M4_T_le_v4SPD16_eabi.lib : e_pow.obj (.text)
                  000009ec    00000484     i2ctmp006.obj (.text:init)
                  00000e70    00000430     sysbios.aem4f : BIOS.obj (.text:ti_sysbios_family_arm_m3_Hwi_excDumpRegs__I)
                  000012a0    0000034c     ti.targets.arm.rtsarm.aem4f : System.oem4f (.text:xdc_runtime_System_doPrint__I)
                  000015ec    00000204     Boot.aem4f : Boot_sysctl.oem4f (.text:ti_catalog_arm_cortexm4_tiva_ce_Boot_sysCtlClockFreqSetI__I)
                  000017f0    000001fc     sysbios.aem4f : BIOS.obj (.text:ti_sysbios_family_arm_m3_Hwi_excHandlerMax__I)
                  000019ec    000001e0     i2ctmp006.obj (.text:calculateObjectTemp)
                  00001bcc    000001b6     rtsv7M4_T_le_v4SPD16_eabi.lib : fd_add_t2.obj (.text)
                  00001d82    00000006     driverlib.lib : gpio.obj (.text:GPIOIntClear)
                  00001d88    00000174     sysbios.aem4f : BIOS.obj (.text:ti_sysbios_family_arm_m3_Hwi_excBusFault__I)
                  00001efc    00000170     rtsv7M4_T_le_v4SPD16_eabi.lib : e_sqrt.obj (.text)
                  0000206c    00000004     driverlib.lib : i2c.obj (.text:I2CMasterControl)
                  00002070    00000164     sysbios.aem4f : BIOS.obj (.text:ti_sysbios_family_arm_m3_Hwi_excUsageFault__I)
                  000021d4    00000158     i2ctmp006.obj (.text:getTemp)
                  0000232c    00000004     driverlib.lib : i2c.obj (.text:I2CMasterDataGet)
                  00002330    00000154     sysbios.aem4f : BIOS.obj (.text:ti_sysbios_knl_Semaphore_pend__E)
                  00002484    00000150     drivers_tivaware.aem4f : GPIOTiva.oem4f (.text:GPIO_setConfig)
                  000025d4    00000004     driverlib.lib : i2c.obj (.text:I2CMasterDataPut)
                  000025d8    00000148     sysbios.aem4f : BIOS.obj (.text:ti_sysbios_family_arm_m3_Hwi_excMemFault__I)
                  00002720    00000136     rtsv7M4_T_le_v4SPD16_eabi.lib : fd_div_t2.obj (.text)
                  00002856    00000130     driverlib.lib : gpio.obj (.text:GPIOPadConfigSet)
                  00002986    00000002     rtsv7M4_T_le_v4SPD16_eabi.lib : i_div0.obj (.text)
                  00002988    00000118     ti.targets.arm.rtsarm.aem4f : Error.oem4f (.text:xdc_runtime_Error_policyDefault__E)
                  00002aa0    00000108     sysbios.aem4f : BIOS.obj (.text:ti_sysbios_family_arm_lm4_Timer_start__E)
                  00002ba8    00000100     ti.targets.arm.rtsarm.aem4f : Core-mem.oem4f (.text:xdc_runtime_Core_createObject__I)
                  00002ca8    000000fc     rtsv7M4_T_le_v4SPD16_eabi.lib : fd_mul_t2.obj (.text)
                  00002da4    000000fc                                   : s_scalbn.obj (.text)
                  00002ea0    000000f8     ti.targets.arm.rtsarm.aem4f : Startup.oem4f (.text:xdc_runtime_Startup_startMods__I)
                  00002f98    000000f8     i2ctmp006_pem4f.oem4f (.text:xdc_runtime_System_printfExtend__I)
                  00003090    000000f4     sysbios.aem4f : m3_Hwi_asm.obj (.text:ti_sysbios_family_arm_m3_Hwi_dispatch__I)
                  00003184    000000f0     i2ctmp006.obj (.text:Sto)
                  00003274    000000e0     drivers_tivaware.aem4f : I2CTiva.oem4f (.text:I2CTiva_open)
                  00003354    00000004     i2ctmp006_pem4f.oem4f (.text:ti_sysbios_BIOS_RtsGateProxy_enter__E)
                  00003358    000000dc     sysbios.aem4f : BIOS.obj (.text:ti_sysbios_knl_Task_sleep__E)
                  00003434    000000d6     drivers_tivaware.aem4f : I2CTiva.oem4f (.text:I2CTiva_hwiFxn)
                  0000350a    00000006     driverlib.lib : gpio.obj (.text:GPIOPinWrite)
                  00003510    000000d4     sysbios.aem4f : BIOS.obj (.text:ti_sysbios_heaps_HeapMem_alloc__E)
                  000035e4    00000004     i2ctmp006_pem4f.oem4f (.text:ti_sysbios_BIOS_RtsGateProxy_leave__E)
                  000035e8    000000cc     sysbios.aem4f : BIOS.obj (.text:ti_sysbios_knl_Task_Instance_init__E)
                  000036b4    000000cc     ti.targets.arm.rtsarm.aem4f : Core-smem.oem4f (.text:xdc_runtime_Core_constructObject__I)
                  00003780    000000c8     i2ctmp006.obj (.text:read16EPROMData)
                  00003848    000000c8     i2ctmp006.obj (.text:read32EPROMData)
                  00003910    000000bc     sysbios.aem4f : BIOS.obj (.text:ti_sysbios_family_arm_m3_Hwi_excDebugMon__I)
                  000039cc    00000004                   : BIOS.obj (.text:ti_sysbios_family_arm_lm4_Timer_masterEnable__I)
                  000039d0    000000bc                   : BIOS.obj (.text:ti_sysbios_family_arm_m3_Hwi_excHardFault__I)
                  00003a8c    00000004     i2ctmp006_pem4f.oem4f (.text:ti_sysbios_family_arm_m3_Hwi_destruct)
                  00003a90    000000bc     sysbios.aem4f : BIOS.obj (.text:ti_sysbios_knl_Task_Instance_finalize__E)
                  00003b4c    000000b8     DK_TM4C129X.obj (.text:DK_TM4C129X_initGeneral)
                  00003c04    00000004     i2ctmp006_pem4f.oem4f (.text:ti_sysbios_family_arm_m3_TaskSupport_Module__startupDone__S)
                  00003c08    000000b4     sysbios.aem4f : BIOS.obj (.text:ti_sysbios_knl_Task_checkStacks__E)
                  00003cbc    000000b0     i2ctmp006.obj (.text:main)
                  00003d6c    000000ac     i2ctmp006.obj (.text:AMB)
                  00003e18    000000ac     sysbios.aem4f : BIOS.obj (.text:ti_sysbios_family_arm_lm4_Timer_enableTiva__I)
                  00003ec4    000000a0     auto_init.aem4f : auto_init.oem4f (.text)
                  00003f64    000000a0     ti.targets.arm.rtsarm.aem4f : Text.oem4f (.text:xdc_runtime_Text_putMod__E)
                  00004004    0000009c     rtsv7M4_T_le_v4SPD16_eabi.lib : memcpy_t2.obj (.text)
                  000040a0    0000009a     ti.targets.arm.rtsarm.aem4f : Text.oem4f (.text:xdc_runtime_Text_putSite__E)
                  0000413a    00000002     i2ctmp006_pem4f.oem4f (.text:ti_sysbios_BIOS_nullFunc__I)
                  0000413c    00000098     Boot.aem4f : Boot.oem4f (.text:ti_catalog_arm_cortexm4_tiva_ce_Boot_sysCtlClockFreqSet__E)
                  000041d4    00000004     i2ctmp006_pem4f.oem4f (.text:ti_sysbios_heaps_HeapMem_Module_GateProxy_enter__E)
                  000041d8    00000094     sysbios.aem4f : BIOS.obj (.text:ti_sysbios_family_arm_m3_Hwi_Instance_init__E)
                  0000426c    00000004     i2ctmp006_pem4f.oem4f (.text:ti_sysbios_heaps_HeapMem_Module_GateProxy_leave__E)
                  00004270    00000094     sysbios.aem4f : BIOS.obj (.text:ti_sysbios_family_arm_m3_Hwi_initNVIC__E)
                  00004304    00000004     i2ctmp006_pem4f.oem4f (.text:ti_sysbios_knl_Clock_TimerProxy_getMaxTicks__E)
                  00004308    00000094     sysbios.aem4f : BIOS.obj (.text:ti_sysbios_knl_Task_postInit__I)
                  0000439c    0000008c     drivers_tivaware.aem4f : GPIOTiva.oem4f (.text:GPIO_init)
                  00004428    0000008c     sysbios.aem4f : m3_TaskSupport_asm.obj (.text:ti_sysbios_family_arm_m3_TaskSupport_buildTaskStack)
                  000044b4    00000086     rtsv7M4_T_le_v4SPD16_eabi.lib : fd_cmp_t2.obj (.text:__aeabi_cdcmple)
                  0000453a    00000086                                   : fd_cmp_t2.obj (.text:__aeabi_cdrcmple)
                  000045c0    00000084     sysbios.aem4f : BIOS.obj (.text:ti_sysbios_family_arm_m3_Hwi_postInit__I)
                  00004644    00000080     i2ctmp006.obj (.text:i2cReadReg32)
                  000046c4    0000007e     drivers_tivaware.aem4f : I2CTiva.oem4f (.text:I2CTiva_transfer)
                  00004742    00000006     driverlib.lib : i2c.obj (.text:I2CMasterIntDisable)
                  00004748    0000007c     sysbios.aem4f : BIOS.obj (.text:ti_sysbios_heaps_HeapMem_free__E)
                  000047c4    0000007a     rtsv7M4_T_le_v4SPD16_eabi.lib : memset_t2.obj (.text)
                  0000483e    00000002     i2ctmp006_pem4f.oem4f (.text:xdc_runtime_Startup_reset__I)
                  00004840    00000070     sysbios.aem4f : BIOS.obj (.text:ti_sysbios_knl_Clock_workFunc__E)
                  000048b0    00000070                   : BIOS.obj (.text:ti_sysbios_knl_Task_exit__E)
                  00004920    0000006d     ti.targets.arm.rtsarm.aem4f : System.oem4f (.text:xdc_runtime_System_formatNum__I)
                  0000498d    00000003     --HOLE-- [fill = 0]
                  00004990    0000006c     sysbios.aem4f : BIOS.obj (.text:ti_sysbios_knl_Swi_restoreHwi__E)
                  000049fc    0000006c     ti.targets.arm.rtsarm.aem4f : Error.oem4f (.text:xdc_runtime_Error_print__E)
                  00004a68    0000006c                                 : Memory.oem4f (.text:xdc_runtime_Memory_alloc__E)
                  00004ad4    00000068     rtsv7M4_T_le_v4SPD16_eabi.lib : copy_decompress_lzss.obj (.text:decompress:lzss)
                  00004b3c    00000068                                   : trgmsg.obj (.text)
                  00004ba4    00000066     ti.targets.arm.rtsarm.aem4f : Core-mem.oem4f (.text:xdc_runtime_Core_deleteObject__I)
                  00004c0a    00000002     --HOLE-- [fill = 0]
                  00004c0c    00000064     drivers_tivaware.aem4f : GPIOTiva.oem4f (.text:GPIO_hwiIntFxn)
                  00004c70    00000064     sysbios.aem4f : BIOS.obj (.text:ti_sysbios_family_arm_lm4_Timer_Module_startup__E)
                  00004cd4    00000064     i2ctmp006_pem4f.oem4f (.text:ti_sysbios_family_arm_m3_Hwi_create)
                  00004d38    00000064     sysbios.aem4f : BIOS.obj (.text:ti_sysbios_family_arm_m3_Hwi_dispatchC__I)
                  00004d9c    00000004     i2ctmp006_pem4f.oem4f (.text:ti_sysbios_knl_Queue_destruct)
                  00004da0    00000064     sysbios.aem4f : BIOS.obj (.text:ti_sysbios_knl_Semaphore_post__E)
                  00004e04    00000062     drivers_tivaware.aem4f : I2CTiva.oem4f (.text:I2CTiva_primeTransfer)
                  00004e66    00000002     --HOLE-- [fill = 0]
                  00004e68    00000060     sysbios.aem4f : BIOS.obj (.text:ti_sysbios_knl_Task_schedule__I)
                  00004ec8    0000005c                   : BIOS.obj (.text:ti_sysbios_knl_Swi_run__I)
                  00004f24    00000004     i2ctmp006_pem4f.oem4f (.text:ti_sysbios_knl_Semaphore_destruct)
                  00004f28    0000005c     sysbios.aem4f : BIOS.obj (.text:ti_sysbios_knl_Swi_schedule__I)
                  00004f84    00000004     ti.targets.arm.rtsarm.aem4f : Error.oem4f (.text:xdc_runtime_Error_getSite__E)
                  00004f88    0000005c     sysbios.aem4f : BIOS.obj (.text:ti_sysbios_knl_Task_Module_startup__E)
                  00004fe4    00000004     i2ctmp006_pem4f.oem4f (.text:xdc_runtime_System_Module_GateProxy_enter__E)
                  00004fe8    0000005c     sysbios.aem4f : BIOS.obj (.text:ti_sysbios_knl_Task_startCore__E)
                  00005044    0000005b     ti.targets.arm.rtsarm.aem4f : Text.oem4f (.text:xdc_runtime_Text_putLab__E)
                  0000509f    00000001     --HOLE-- [fill = 0]
                  000050a0    00000058     boot.aem4f : boot.oem4f (.text)
                  000050f8    00000058     i2ctmp006.obj (.text:i2cReadReg16)
                  00005150    00000058     rtsv7M4_T_le_v4SPD16_eabi.lib : hostwrite.obj (.text)
                  000051a8    00000058     i2ctmp006_pem4f.oem4f (.text:ti_sysbios_family_arm_m3_Hwi_construct)
                  00005200    00000058     sysbios.aem4f : m3_Hwi_asm_switch.obj (.text:ti_sysbios_family_arm_m3_Hwi_initStacks__E)
                  00005258    00000056     driverlib.lib : gpio.obj (.text:GPIOIntTypeSet)
                  000052ae    00000002     --HOLE-- [fill = 0]
                  000052b0    00000054     rtsv7M4_T_le_v4SPD16_eabi.lib : exit.obj (.text)
                  00005304    00000004     i2ctmp006_pem4f.oem4f (.text:xdc_runtime_System_Module_GateProxy_leave__E)
                  00005308    00000054     sysbios.aem4f : BIOS.obj (.text:ti_sysbios_family_arm_lm4_Timer_initDevice__I)
                  0000535c    00000054     i2ctmp006_pem4f.oem4f (.text:ti_sysbios_knl_Task_construct)
                  000053b0    00000054     ti.targets.arm.rtsarm.aem4f : Assert.oem4f (.text:xdc_runtime_Assert_raise__I)
                  00005404    00000050     drivers_tivaware.aem4f : GPIOTiva.oem4f (.text:GPIO_setCallback)
                  00005454    00000050     Boot.aem4f : Boot_sysctl.oem4f (.text:_SysCtlFrequencyGet)
                  000054a4    00000004     ti.targets.arm.rtsarm.aem4f : System.oem4f (.text:xdc_runtime_System_aprintf_va__F)
                  000054a8    00000050     sysbios.aem4f : BIOS.obj (.text:ti_sysbios_family_arm_m3_Hwi_Module_startup__E)
                  000054f8    00000050     ti.targets.arm.rtsarm.aem4f : Startup.oem4f (.text:xdc_runtime_Startup_exec__E)
                  00005548    00000050                                 : Text.oem4f (.text:xdc_runtime_Text_visitRope2__I)
                  00005598    0000004c     rtsv7M4_T_le_v4SPD16_eabi.lib : cpy_tbl.obj (.text)
                  000055e4    00000004     ti.targets.arm.rtsarm.aem4f : System.oem4f (.text:xdc_runtime_System_printf_va__F)
                  000055e8    0000004c     sysbios.aem4f : BIOS.obj (.text:ti_sysbios_heaps_HeapMem_getStats__E)
                  00005634    00000004     --HOLE-- [fill = 0]
                  00005638    0000004c                   : BIOS.obj (.text:ti_sysbios_knl_Swi_runLoop__I)
                  00005684    00000004     --HOLE-- [fill = 0]
                  00005688    0000004c                   : BIOS.obj (.text:ti_sysbios_knl_Task_allBlockedFunction__I)
                  000056d4    00000048     driverlib.lib : gpio.obj (.text:GPIOPinConfigure)
                  0000571c    00000048                   : i2c.obj (.text:I2CMasterInitExpClk)
                  00005764    00000004     --HOLE-- [fill = 0]
                  00005768    00000048     sysbios.aem4f : BIOS.obj (.text:ti_sysbios_family_arm_lm4_Timer_enableTimers__I)
                  000057b0    00000048                   : BIOS.obj (.text:ti_sysbios_family_arm_m3_Hwi_disableInterrupt__E)
                  000057f8    00000048                   : BIOS.obj (.text:ti_sysbios_family_arm_m3_Hwi_enableInterrupt__E)
                  00005840    00000048                   : BIOS.obj (.text:ti_sysbios_family_arm_m3_Hwi_excReserved__I)
                  00005888    00000046     ti.targets.arm.rtsarm.aem4f : Core-params.oem4f (.text:xdc_runtime_Core_assignParams__I)
                  000058ce    00000002     --HOLE-- [fill = 0]
                  000058d0    00000044     sysbios.aem4f : BIOS.obj (.text:ti_sysbios_family_arm_lm4_Timer_isrStub__E)
                  00005914    00000004     --HOLE-- [fill = 0]
                  00005918    00000044                   : BIOS.obj (.text:ti_sysbios_family_arm_m3_Hwi_getStackInfo__E)
                  0000595c    00000004     --HOLE-- [fill = 0]
                  00005960    00000044                   : BIOS.obj (.text:ti_sysbios_knl_Swi_post__E)
                  000059a4    00000044     ti.targets.arm.rtsarm.aem4f : Error.oem4f (.text:xdc_runtime_Error_setX__E)
                  000059e8    00000044                                 : SysMin.oem4f (.text:xdc_runtime_SysMin_flush__E)
                  00005a2c    00000044                                 : Text.oem4f (.text:xdc_runtime_Text_xprintf__I)
                  00005a70    00000040     rtsv7M4_T_le_v4SPD16_eabi.lib : u_divt2.obj (.text)
                  00005ab0    00000040     sysbios.aem4f : BIOS.obj (.text:ti_sysbios_family_arm_lm4_Timer_startup__E)
                  00005af0    00000040                   : BIOS.obj (.text:ti_sysbios_heaps_HeapMem_Instance_init__E)
                  00005b30    0000003c     DK_TM4C129X.obj (.text:DK_TM4C129X_initI2C)
                  00005b6c    00000004     --HOLE-- [fill = 0]
                  00005b70    0000003c     sysbios.aem4f : BIOS.obj (.text:ti_sysbios_family_arm_m3_Hwi_excSvCall__I)
                  00005bac    00000004     --HOLE-- [fill = 0]
                  00005bb0    0000003c                   : BIOS.obj (.text:ti_sysbios_heaps_HeapMem_init__I)
                  00005bec    00000004     --HOLE-- [fill = 0]
                  00005bf0    0000003c                   : BIOS.obj (.text:ti_sysbios_knl_Swi_restore__E)
                  00005c2c    0000003a     drivers_tivaware.aem4f : I2CTiva.oem4f (.text:I2CTiva_completeTransfer)
                  00005c66    00000002     --HOLE-- [fill = 0]
                  00005c68    00000038                            : I2C.oem4f (.text:I2C_init)
                  00005ca0    00000038     i2ctmp006.obj (.text:TAdut)
                  00005cd8    00000038     sysbios.aem4f : BIOS.obj (.text:ti_sysbios_family_arm_m3_Hwi_excNoIsr__I)
                  00005d10    00000038                   : BIOS.obj (.text:ti_sysbios_knl_Task_processVitalTaskFlag__I)
                  00005d48    00000038     ti.targets.arm.rtsarm.aem4f : SysMin.oem4f (.text:xdc_runtime_SysMin_putch__E)
                  00005d80    00000038                                 : System.oem4f (.text:xdc_runtime_System_atexit__E)
                  00005db8    00000036     drivers_tivaware.aem4f : I2CTiva.oem4f (.text:I2CTiva_close)
                  00005dee    00000002     --HOLE-- [fill = 0]
                  00005df0    00000034     driverlib.lib : sysctl.obj (.text:SysCtlPeripheralEnable)
                  00005e24    00000004     --HOLE-- [fill = 0]
                  00005e28    00000034     sysbios.aem4f : BIOS.obj (.text:ti_sysbios_family_arm_m3_Hwi_Instance_finalize__E)
                  00005e5c    00000004     --HOLE-- [fill = 0]
                  00005e60    00000034                   : BIOS.obj (.text:ti_sysbios_family_arm_m3_Hwi_excNmi__I)
                  00005e94    00000004     --HOLE-- [fill = 0]
                  00005e98    00000034                   : BIOS.obj (.text:ti_sysbios_hal_Hwi_checkStack)
                  00005ecc    00000034     ti.targets.arm.rtsarm.aem4f : Core-label.oem4f (.text:xdc_runtime_Core_assignLabel__I)
                  00005f00    00000033                                 : Text.oem4f (.text:xdc_runtime_Text_printVisFxn__I)
                  00005f33    00000005     --HOLE-- [fill = 0]
                  00005f38    00000032     sysbios.aem4f : BIOS.obj (.text:ti_sysbios_hal_Hwi_initStack)
                  00005f6a    00000002     --HOLE-- [fill = 0]
                  00005f6c    00000030     drivers_tivaware.aem4f : I2C.oem4f (.text:I2C_open)
                  00005f9c    00000030     i2ctmp006.obj (.text:i2cWriteReg32)
                  00005fcc    00000030     i2ctmp006_pem4f.oem4f (.text:ti_sysbios_BIOS_atExitFunc__I)
                  00005ffc    00000004     --HOLE-- [fill = 0]
                  00006000    00000030     sysbios.aem4f : BIOS.obj (.text:ti_sysbios_family_arm_lm4_Timer_stop__E)
                  00006030    00000030                   : BIOS.obj (.text:ti_sysbios_family_arm_m3_TaskSupport_start__E)
                  00006060    00000030     i2ctmp006_pem4f.oem4f (.text:ti_sysbios_gates_GateHwi_Object__create__S)
                  00006090    00000030     i2ctmp006_pem4f.oem4f (.text:ti_sysbios_gates_GateMutex_Object__create__S)
                  000060c0    00000030     sysbios.aem4f : BIOS.obj (.text:ti_sysbios_gates_GateMutex_enter__E)
                  000060f0    00000030     i2ctmp006_pem4f.oem4f (.text:ti_sysbios_heaps_HeapMem_Object__create__S)
                  00006120    00000030     i2ctmp006_pem4f.oem4f (.text:ti_sysbios_knl_Semaphore_construct)
                  00006150    00000030     sysbios.aem4f : BIOS.obj (.text:ti_sysbios_knl_Semaphore_pendTimeout__I)
                  00006180    00000030                   : BIOS.obj (.text:ti_sysbios_knl_Task_unblockI__E)
                  000061b0    00000030     ti.targets.arm.rtsarm.aem4f : SysMin.oem4f (.text:xdc_runtime_SysMin_abort__E)
                  000061e0    00000030                                 : System.oem4f (.text:xdc_runtime_System_processAtExit__E)
                  00006210    0000002e     rtsv7M4_T_le_v4SPD16_eabi.lib : i_tofd_t2.obj (.text)
                  0000623e    00000002     --HOLE-- [fill = 0]
                  00006240    0000002c     i2ctmp006_pem4f.oem4f (.text:ti_sysbios_knl_Clock_doTick__I)
                  0000626c    0000002c     i2ctmp006_pem4f.oem4f (.text:ti_sysbios_knl_Queue_construct)
                  00006298    0000002c     sysbios.aem4f : BIOS.obj (.text:ti_sysbios_knl_Task_restore__E)
                  000062c4    0000002c     ti.targets.arm.rtsarm.aem4f : Text.oem4f (.text:xdc_runtime_Text_cordText__E)
                  000062f0    0000002a     driverlib.lib : gpio.obj (.text:GPIODirModeSet)
                  0000631a    0000002a     ti.targets.arm.rtsarm.aem4f : System.oem4f (.text:xdc_runtime_System_putchar__I)
                  00006344    00000004     --HOLE-- [fill = 0]
                  00006348    00000028     sysbios.aem4f : BIOS.obj (.text:ti_sysbios_knl_Swi_Module_startup__E)
                  00006370    00000026     i2ctmp006.obj (.text:readRamValue)
                  00006396    00000026     sysbios.aem4f : m3_Hwi_asm.obj (.text:ti_sysbios_family_arm_m3_Hwi_pendSV__I)
                  000063bc    00000026     ti.targets.arm.rtsarm.aem4f : System.oem4f (.text:xdc_runtime_System_avprintf__E)
                  000063e2    00000002     --HOLE-- [fill = 0]
                  000063e4    00000024     i2ctmp006_pem4f.oem4f (.text:ti_sysbios_BIOS_errorRaiseHook__I)
                  00006408    00000024     i2ctmp006_pem4f.oem4f (.text:ti_sysbios_BIOS_registerRTSLock__I)
                  0000642c    00000024     i2ctmp006_pem4f.oem4f (.text:ti_sysbios_BIOS_removeRTSLock__I)
                  00006450    00000024     i2ctmp006_pem4f.oem4f (.text:ti_sysbios_BIOS_startFunc__I)
                  00006474    00000024     i2ctmp006_pem4f.oem4f (.text:ti_sysbios_gates_GateMutex_Object__delete__S)
                  00006498    00000024     sysbios.aem4f : BIOS.obj (.text:ti_sysbios_knl_Clock_Module_startup__E)
                  000064bc    00000004     --HOLE-- [fill = 0]
                  000064c0    00000024                   : BIOS.obj (.text:ti_sysbios_knl_Semaphore_Instance_init__E)
                  000064e4    00000004     --HOLE-- [fill = 0]
                  000064e8    00000024                   : BIOS.obj (.text:ti_sysbios_knl_Task_restoreHwi__E)
                  0000650c    00000024     ti.targets.arm.rtsarm.aem4f : System.oem4f (.text:xdc_runtime_System_vprintf__E)
                  00006530    00000022     sysbios.aem4f : BIOS.obj (.text:ti_sysbios_family_arm_lm4_Timer_write__I)
                  00006552    00000022     i2ctmp006_pem4f.oem4f (.text:xdc_runtime_SysMin_output__I)
                  00006574    00000020     Boot.aem4f : Boot_sysctl.oem4f (.text:_SysCtlMemTimingGet)
                  00006594    00000020     rtsv7M4_T_le_v4SPD16_eabi.lib : u_tofd_t2.obj (.text)
                  000065b4    00000020     i2ctmp006_pem4f.oem4f (.text:ti_sysbios_BIOS_rtsLock__I)
                  000065d4    00000020     sysbios.aem4f : m3_Hwi_asm.obj (.text:ti_sysbios_family_arm_m3_Hwi_excHandlerAsm__I)
                  000065f4    00000004     --HOLE-- [fill = 0]
                  000065f8    00000020                   : BIOS.obj (.text:ti_sysbios_family_arm_m3_Hwi_excHandler__I)
                  00006618    00000020     i2ctmp006_pem4f.oem4f (.text:ti_sysbios_gates_GateHwi_Object__delete__S)
                  00006638    00000020     i2ctmp006_pem4f.oem4f (.text:ti_sysbios_heaps_HeapMem_Object__delete__S)
                  00006658    00000020     sysbios.aem4f : BIOS.obj (.text:ti_sysbios_knl_Idle_run__E)
                  00006678    00000020     i2ctmp006_pem4f.oem4f (.text:ti_sysbios_knl_Semaphore_Object__destruct__S)
                  00006698    00000020     ti.targets.arm.rtsarm.aem4f : Registry.oem4f (.text:xdc_runtime_Registry_findById__E)
                  000066b8    00000020                                 : SysMin.oem4f (.text:xdc_runtime_SysMin_Module_startup__E)
                  000066d8    0000001e     sysbios.aem4f : m3_Hwi_asm_switch.obj (.text:ti_sysbios_family_xxx_Hwi_switchAndRunFunc)
                  000066f6    0000001c     drivers_tivaware.aem4f : GPIOTiva.oem4f (.text:getGpioIntIndex)
                  00006712    00000002     --HOLE-- [fill = 0]
                  00006714    0000001c     i2ctmp006_pem4f.oem4f (.text:ti_sysbios_family_arm_m3_Hwi_Object__destruct__S)
                  00006730    0000001c     sysbios.aem4f : BIOS.obj (.text:ti_sysbios_gates_GateMutex_Instance_init__E)
                  0000674c    0000001c     i2ctmp006_pem4f.oem4f (.text:ti_sysbios_knl_Queue_Object__destruct__S)
                  00006768    0000001c     sysbios.aem4f : BIOS.obj (.text:ti_sysbios_knl_Queue_put__E)
                  00006784    00000004     --HOLE-- [fill = 0]
                  00006788    0000001c                   : BIOS.obj (.text:ti_sysbios_knl_Task_enter__I)
                  000067a4    0000001c     ti.targets.arm.rtsarm.aem4f : Error.oem4f (.text:xdc_runtime_Error_raiseX__E)
                  000067c0    0000001c                                 : Memory.oem4f (.text:xdc_runtime_Memory_valloc__E)
                  000067dc    0000001c                                 : SysMin.oem4f (.text:xdc_runtime_SysMin_exit__E)
                  000067f8    0000001c                                 : System.oem4f (.text:xdc_runtime_System_abort__E)
                  00006814    0000001a     i2ctmp006_pem4f.oem4f (.text:ti_sysbios_family_arm_m3_Hwi_Handle__label__S)
                  0000682e    0000001a     i2ctmp006_pem4f.oem4f (.text:ti_sysbios_gates_GateHwi_Handle__label__S)
                  00006848    0000001a     i2ctmp006_pem4f.oem4f (.text:ti_sysbios_gates_GateMutex_Handle__label__S)
                  00006862    0000001a     i2ctmp006_pem4f.oem4f (.text:ti_sysbios_heaps_HeapMem_Handle__label__S)
                  0000687c    0000001a     i2ctmp006_pem4f.oem4f (.text:ti_sysbios_knl_Swi_Handle__label__S)
                  00006896    0000001a     i2ctmp006_pem4f.oem4f (.text:ti_sysbios_knl_Task_Handle__label__S)
                  000068b0    0000001a     i2ctmp006_pem4f.oem4f (.text:xdc_runtime_System_aprintf__E)
                  000068ca    0000001a     i2ctmp006_pem4f.oem4f (.text:xdc_runtime_System_printf__E)
                  000068e4    00000018     rtsv7M4_T_le_v4SPD16_eabi.lib : args_main.obj (.text)
                  000068fc    00000018     i2ctmp006_pem4f.oem4f (.text:ti_sysbios_BIOS_rtsUnlock__I)
                  00006914    00000018     i2ctmp006_pem4f.oem4f (.text:ti_sysbios_family_arm_lm4_Timer_Module__startupDone__F)
                  0000692c    00000018     i2ctmp006_pem4f.oem4f (.text:ti_sysbios_family_arm_m3_Hwi_Module__startupDone__F)
                  00006944    00000018     sysbios.aem4f : m3_TaskSupport_asm.obj (.text:ti_sysbios_family_arm_m3_TaskSupport_swap__E)
                  0000695c    00000004     --HOLE-- [fill = 0]
                  00006960    00000018                   : BIOS.obj (.text:ti_sysbios_gates_GateMutex_leave__E)
                  00006978    00000018                   : BIOS.obj (.text:ti_sysbios_knl_Task_sleepTimeout__I)
                  00006990    00000018     ti.targets.arm.rtsarm.aem4f : Error.oem4f (.text:xdc_runtime_Error_check__E)
                  000069a8    00000018                                 : System.oem4f (.text:xdc_runtime_System_exit__E)
                  000069c0    00000018                                 : Text.oem4f (.text:xdc_runtime_Text_ropeText__E)
                  000069d8    00000016     driverlib.lib : i2c.obj (.text:I2CMasterErr)
                  000069ee    00000016     i2ctmp006_pem4f.oem4f (.text:ti_sysbios_BIOS_exitFunc__I)
                  00006a04    00000016     i2ctmp006.obj (.text:ti_sysbios_knl_Task_Params_init)
                  00006a1a    00000002     --HOLE-- [fill = 0]
                  00006a1c    00000014     rtsv7M4_T_le_v4SPD16_eabi.lib : _lock.obj (.text)
                  00006a30    00000014                                   : s_copysign.obj (.text)
                  00006a44    00000014                                   : strlen.obj (.text)
                  00006a58    00000014     i2ctmp006_pem4f.oem4f (.text:ti_sysbios_family_arm_m3_Hwi_Object__get__S)
                  00006a6c    00000004     --HOLE-- [fill = 0]
                  00006a70    00000014     sysbios.aem4f : BIOS.obj (.text:ti_sysbios_family_arm_m3_Hwi_switchFromBootStack__E)
                  00006a84    00000014     i2ctmp006_pem4f.oem4f (.text:ti_sysbios_heaps_HeapMem_Object__get__S)
                  00006a98    00000014     i2ctmp006_pem4f.oem4f (.text:ti_sysbios_knl_Swi_Object__get__S)
                  00006aac    00000012     driverlib.lib : gpio.obj (.text:GPIOPinTypeI2C)
                  00006abe    00000012                   : gpio.obj (.text:GPIOPinTypeI2CSCL)
                  00006ad0    00000012     sysbios.aem4f : BIOS.obj (.text:ti_sysbios_hal_Hwi_Module_startup__E)
                  00006ae2    00000012     i2ctmp006_pem4f.oem4f (.text:xdc_runtime_Startup_exec__I)
                  00006af4    00000010     i2ctmp006_pem4f.oem4f (.text:.bootCodeSection:ti_catalog_arm_cortexm4_tiva_ce_Boot_init__I)
                  00006b04    00000010     drivers_tivaware.aem4f : I2C.oem4f (.text:I2C_Params_init)
                  00006b14    00000010     i2ctmp006.obj (.text:taskFxn)
                  00006b24    00000004     --HOLE-- [fill = 0]
                  00006b28    00000010     sysbios.aem4f : BIOS.obj (.text:ti_sysbios_BIOS_getCpuFreq__E)
                  00006b38    00000010                   : BIOS.obj (.text:ti_sysbios_BIOS_setThreadType__E)
                  00006b48    00000010                   : BIOS.obj (.text:ti_sysbios_BIOS_start__E)
                  00006b58    00000010                   : m3_TaskSupport_asm.obj (.text:ti_sysbios_family_arm_m3_TaskSupport_glue)
                  00006b68    00000010                   : BIOS.obj (.text:ti_sysbios_gates_GateMutex_Instance_finalize__E)
                  00006b78    00000010                   : BIOS.obj (.text:ti_sysbios_knl_Semaphore_Instance_finalize__E)
                  00006b88    00000010                   : BIOS.obj (.text:ti_sysbios_knl_Swi_disable__E)
                  00006b98    00000010     i2ctmp006_pem4f.oem4f (.text:ti_sysbios_knl_Task_Object__get__S)
                  00006ba8    00000010     sysbios.aem4f : BIOS.obj (.text:ti_sysbios_knl_Task_disable__E)
                  00006bb8    00000010     ti.targets.arm.rtsarm.aem4f : Gate.oem4f (.text:xdc_runtime_Gate_leaveSystem__E)
                  00006bc8    00000010                                 : Memory.oem4f (.text:xdc_runtime_Memory_free__E)
                  00006bd8    00000010                                 : SysMin.oem4f (.text:xdc_runtime_SysMin_ready__E)
                  00006be8    00000010                                 : System.oem4f (.text:xdc_runtime_System_vsnprintf__E)
                  00006bf8    00000010     i2ctmp006_pem4f.oem4f (.text:xdc_runtime_Text_visitRope__I)
                  00006c08    0000000e     driverlib.lib : gpio.obj (.text:GPIOIntStatus)
                  00006c16    0000000e     rtsv7M4_T_le_v4SPD16_eabi.lib : copy_decompress_none.obj (.text:decompress:none)
                  00006c24    00000004     --HOLE-- [fill = 0]
                  00006c28    0000000e     sysbios.aem4f : BIOS.obj (.text:ti_sysbios_knl_Idle_loop__E)
                  00006c36    00000002     --HOLE-- [fill = 0]
                  00006c38    0000000e                   : BIOS.obj (.text:ti_sysbios_knl_Queue_empty__E)
                  00006c46    0000000c     rtsv7M4_T_le_v4SPD16_eabi.lib : copy_zero_init.obj (.text:decompress:ZI)
                  00006c52    00000006     driverlib.lib : i2c.obj (.text:I2CMasterIntEnable)
                  00006c58    0000000c     sysbios.aem4f : BIOS.obj (.text:ti_sysbios_family_arm_lm4_Timer_getMaxTicks__E)
                  00006c64    0000000c     i2ctmp006_pem4f.oem4f (.text:ti_sysbios_family_arm_m3_Hwi_Params__init__S)
                  00006c70    0000000c     sysbios.aem4f : BIOS.obj (.text:ti_sysbios_family_arm_m3_Hwi_disableFxn__E)
                  00006c7c    00000004     --HOLE-- [fill = 0]
                  00006c80    0000000c                   : BIOS.obj (.text:ti_sysbios_family_arm_m3_TaskSupport_checkStack__E)
                  00006c8c    00000004     --HOLE-- [fill = 0]
                  00006c90    0000000c                   : BIOS.obj (.text:ti_sysbios_family_arm_m3_TaskSupport_getStackAlignment__E)
                  00006c9c    00000004     --HOLE-- [fill = 0]
                  00006ca0    0000000c                   : BIOS.obj (.text:ti_sysbios_gates_GateHwi_enter__E)
                  00006cac    0000000c     i2ctmp006_pem4f.oem4f (.text:ti_sysbios_knl_Queue_Object__get__S)
                  00006cb8    0000000c     i2ctmp006_pem4f.oem4f (.text:ti_sysbios_knl_Semaphore_Params__init__S)
                  00006cc4    0000000c     i2ctmp006_pem4f.oem4f (.text:ti_sysbios_knl_Task_Params__init__S)
                  00006cd0    0000000c     ti.targets.arm.rtsarm.aem4f : Error.oem4f (.text:xdc_runtime_Error_init__E)
                  00006cdc    0000000c                                 : Gate.oem4f (.text:xdc_runtime_Gate_enterSystem__E)
                  00006ce8    0000000c                                 : Memory.oem4f (.text:xdc_runtime_Memory_calloc__E)
                  00006cf4    0000000c                                 : Memory.oem4f (.text:xdc_runtime_Memory_getMaxDefaultTypeAlign__E)
                  00006d00    0000000a     driverlib.lib : i2c.obj (.text:I2CMasterDisable)
                  00006d0a    0000000a                   : i2c.obj (.text:I2CMasterEnable)
                  00006d14    0000000a     drivers_tivaware.aem4f : I2CTiva.oem4f (.text:I2CTiva_init)
                  00006d1e    0000000a                            : I2C.oem4f (.text:I2C_transfer)
                  00006d28    0000000a     i2ctmp006_pem4f.oem4f (.text:xdc_runtime_IHeap_alloc)
                  00006d32    0000000a     i2ctmp006_pem4f.oem4f (.text:xdc_runtime_IHeap_free)
                  00006d3c    00000008     DK_TM4C129X.obj (.text:DK_TM4C129X_initGPIO)
                  00006d44    00000008     driverlib.lib : i2c.obj (.text:I2CMasterIntClear)
                  00006d4c    00000008                   : i2c.obj (.text:I2CMasterSlaveAddrSet)
                  00006d54    00000008     drivers_tivaware.aem4f : I2CTiva.oem4f (.text:I2CTiva_blockingCallback)
                  00006d5c    00000008     sysbios.aem4f : BIOS.obj (.text:ti_sysbios_family_arm_lm4_Timer_masterDisable__I)
                  00006d64    00000004     --HOLE-- [fill = 0]
                  00006d68    00000008                   : BIOS.obj (.text:ti_sysbios_family_arm_m3_Hwi_doSwiRestore__I)
                  00006d70    00000008                   : BIOS.obj (.text:ti_sysbios_family_arm_m3_Hwi_startup__E)
                  00006d78    00000006     drivers_tivaware.aem4f : I2CTiva.oem4f (.text:I2CTiva_control)
                  00006d7e    00000002     --HOLE-- [fill = 0]
                  00006d80    00000006     sysbios.aem4f : BIOS.obj (.text:ti_sysbios_family_arm_m3_Hwi_doTaskRestore__I)
                  00006d86    00000002     --HOLE-- [fill = 0]
                  00006d88    00000006                   : BIOS.obj (.text:ti_sysbios_family_arm_m3_Hwi_restoreFxn__E)
                  00006d8e    00000002     --HOLE-- [fill = 0]
                  00006d90    00000006                   : BIOS.obj (.text:ti_sysbios_gates_GateHwi_leave__E)
                  00006d96    00000002     --HOLE-- [fill = 0]
                  00006d98    00000006                   : BIOS.obj (.text:ti_sysbios_heaps_HeapMem_isBlocking__E)
                  00006d9e    00000002     --HOLE-- [fill = 0]
                  00006da0    00000006                   : BIOS.obj (.text:ti_sysbios_knl_Queue_Instance_init__E)
                  00006da6    00000002     --HOLE-- [fill = 0]
                  00006da8    00000006                   : BIOS.obj (.text:ti_sysbios_knl_Swi_startup__E)
                  00006dae    00000006     ti.targets.arm.rtsarm.aem4f : System.oem4f (.text:xdc_runtime_System_Module_startup__E)
                  00006db4    00000004     --HOLE-- [fill = 0]
                  00006db8    00000004     sysbios.aem4f : BIOS.obj (.text:ti_sysbios_gates_GateHwi_query__E)
                  00006dbc    00000004     --HOLE-- [fill = 0]
                  00006dc0    00000004                   : BIOS.obj (.text:ti_sysbios_gates_GateMutex_query__E)
                  00006dc4    00000004     --HOLE-- [fill = 0]
                  00006dc8    00000004                   : BIOS.obj (.text:ti_sysbios_knl_Task_startup__E)
                  00006dcc    00000004     --HOLE-- [fill = 0]
                  00006dd0    00000002                   : BIOS.obj (.text:ti_sysbios_gates_GateHwi_Instance_init__E)
                  00006dd2    00000006     --HOLE-- [fill = 0]
                  00006dd8    00000002                   : BIOS.obj (.text:ti_sysbios_knl_Clock_logTick__E)

.const     0    00006de0    000020ee     
                  00006de0    00001861     i2ctmp006_pem4f.oem4f (.const:xdc_runtime_Text_charTab__A)
                  00008641    00000001     i2ctmp006_pem4f.oem4f (.const:xdc_runtime_Error_policy__C)
                  00008642    00000002     i2ctmp006_pem4f.oem4f (.const:ti_catalog_arm_cortexm4_tiva_ce_Boot_Module__id__C)
                  00008644    00000120     Boot.aem4f : Boot_sysctl.oem4f (.const:g_pppui32XTALtoVCO)
                  00008764    000000bc     i2ctmp006_pem4f.oem4f (.const:xdc_runtime_Text_nodeTab__A)
                  00008820    00000090     driverlib.lib : gpio.obj (.const:g_pui32GPIOBaseAddrs)
                  000088b0    0000006c     Boot.aem4f : Boot_sysctl.oem4f (.const:g_pui32Xtals)
                  0000891c    00000054     drivers_tivaware.aem4f : GPIOTiva.oem4f (.const:.string)
                  00008970    00000048     i2ctmp006_pem4f.oem4f (.const:.string)
                  000089b8    00000048     drivers_tivaware.aem4f : GPIOTiva.oem4f (.const:gpioBaseAddresses)
                  00008a00    0000003c     i2ctmp006_pem4f.oem4f (.const:ti_sysbios_knl_Task_Object__PARAMS__C)
                  00008a3c    00000004     i2ctmp006_pem4f.oem4f (.const:ti_catalog_arm_cortexm4_tiva_ce_Boot_A_mustNotUseEnhancedClockMode__C)
                  00008a40    00000030     rtsv7M4_T_le_v4SPD16_eabi.lib : e_pow.obj (.const:$O1$$)
                  00008a70    00000030     Boot.aem4f : Boot_sysctl.oem4f (.const:g_sXTALtoMEMTIM)
                  00008aa0    00000030     i2ctmp006_pem4f.oem4f (.const:ti_sysbios_family_arm_m3_Hwi_Object__PARAMS__C)
                  00008ad0    00000028     i2ctmp006_pem4f.oem4f (.const:ti_sysbios_heaps_HeapMem_Module__FXNS__C)
                  00008af8    00000024     i2ctmp006_pem4f.oem4f (.const:ti_sysbios_gates_GateHwi_Module__FXNS__C)
                  00008b1c    00000024     i2ctmp006_pem4f.oem4f (.const:ti_sysbios_gates_GateMutex_Module__FXNS__C)
                  00008b40    00000024     i2ctmp006_pem4f.oem4f (.const:ti_sysbios_heaps_HeapMem_Object__PARAMS__C)
                  00008b64    00000024     i2ctmp006_pem4f.oem4f (.const:ti_sysbios_knl_Semaphore_Object__PARAMS__C)
                  00008b88    00000020     i2ctmp006_pem4f.oem4f (.const:ti_sysbios_family_arm_m3_Hwi_Object__DESC__C)
                  00008ba8    00000020     i2ctmp006_pem4f.oem4f (.const:ti_sysbios_gates_GateHwi_Object__DESC__C)
                  00008bc8    00000020     i2ctmp006_pem4f.oem4f (.const:ti_sysbios_gates_GateMutex_Object__DESC__C)
                  00008be8    00000020     i2ctmp006_pem4f.oem4f (.const:ti_sysbios_heaps_HeapMem_Object__DESC__C)
                  00008c08    00000020     i2ctmp006_pem4f.oem4f (.const:ti_sysbios_knl_Queue_Object__DESC__C)
                  00008c28    00000020     i2ctmp006_pem4f.oem4f (.const:ti_sysbios_knl_Semaphore_Object__DESC__C)
                  00008c48    00000020     i2ctmp006_pem4f.oem4f (.const:ti_sysbios_knl_Task_Object__DESC__C)
                  00008c68    00000020     i2ctmp006_pem4f.oem4f (.const:xdc_runtime_Startup_sfxnTab__A)
                  00008c88    0000001c     drivers_tivaware.aem4f : I2CTiva.oem4f (.const)
                  00008ca4    00000018     DK_TM4C129X.obj (.const:I2C_config)
                  00008cbc    00000018     i2ctmp006_pem4f.oem4f (.const:ti_sysbios_gates_GateHwi_Object__PARAMS__C)
                  00008cd4    00000018     i2ctmp006_pem4f.oem4f (.const:ti_sysbios_gates_GateMutex_Object__PARAMS__C)
                  00008cec    00000018     i2ctmp006_pem4f.oem4f (.const:ti_sysbios_knl_Queue_Object__PARAMS__C)
                  00008d04    00000014     DK_TM4C129X.obj (.const:GPIOTiva_config)
                  00008d18    00000014     i2ctmp006_pem4f.oem4f (.const:xdc_runtime_Startup_firstFxns__A)
                  00008d2c    00000010     drivers_tivaware.aem4f : I2C.oem4f (.const)
                  00008d3c    00000010     i2ctmp006_pem4f.oem4f (.const:xdc_runtime_Startup_sfxnRts__A)
                  00008d4c    0000000c     DK_TM4C129X.obj (.const:i2cTivaHWAttrs)
                  00008d58    00000008     Boot.aem4f : Boot_sysctl.oem4f (.const)
                  00008d60    00000008     i2ctmp006_pem4f.oem4f (.const:ti_sysbios_family_arm_m3_Hwi_excHookFuncs__A)
                  00008d68    00000008     i2ctmp006_pem4f.oem4f (.const:ti_sysbios_knl_Idle_funcList__C)
                  00008d70    00000008     i2ctmp006_pem4f.oem4f (.const:xdc_runtime_Startup_firstFxns__C)
                  00008d78    00000008     i2ctmp006_pem4f.oem4f (.const:xdc_runtime_Startup_lastFxns__C)
                  00008d80    00000004     i2ctmp006_pem4f.oem4f (.const:ti_catalog_arm_cortexm4_tiva_ce_Boot_Module__diagsEnabled__C)
                  00008d84    00000004     i2ctmp006_pem4f.oem4f (.const:ti_catalog_arm_cortexm4_tiva_ce_Boot_Module__diagsIncluded__C)
                  00008d88    00000004     i2ctmp006_pem4f.oem4f (.const:ti_catalog_arm_cortexm4_tiva_ce_Boot_Module__diagsMask__C)
                  00008d8c    00000004     i2ctmp006_pem4f.oem4f (.const:ti_sysbios_family_arm_lm4_Timer_enableFunc__C)
                  00008d90    00000004     i2ctmp006_pem4f.oem4f (.const:ti_sysbios_family_arm_lm4_Timer_numTimerDevices__C)
                  00008d94    00000004     i2ctmp006_pem4f.oem4f (.const:ti_sysbios_family_arm_lm4_Timer_startupNeeded__C)
                  00008d98    00000004     i2ctmp006_pem4f.oem4f (.const:ti_sysbios_family_arm_m3_Hwi_E_NMI__C)
                  00008d9c    00000004     i2ctmp006_pem4f.oem4f (.const:ti_sysbios_family_arm_m3_Hwi_E_alreadyDefined__C)
                  00008da0    00000004     i2ctmp006_pem4f.oem4f (.const:ti_sysbios_family_arm_m3_Hwi_E_busFault__C)
                  00008da4    00000004     i2ctmp006_pem4f.oem4f (.const:ti_sysbios_family_arm_m3_Hwi_E_debugMon__C)
                  00008da8    00000004     i2ctmp006_pem4f.oem4f (.const:ti_sysbios_family_arm_m3_Hwi_E_hardFault__C)
                  00008dac    00000004     i2ctmp006_pem4f.oem4f (.const:ti_sysbios_family_arm_m3_Hwi_E_memFault__C)
                  00008db0    00000004     i2ctmp006_pem4f.oem4f (.const:ti_sysbios_family_arm_m3_Hwi_E_noIsr__C)
                  00008db4    00000004     i2ctmp006_pem4f.oem4f (.const:ti_sysbios_family_arm_m3_Hwi_E_reserved__C)
                  00008db8    00000004     i2ctmp006_pem4f.oem4f (.const:ti_sysbios_family_arm_m3_Hwi_E_svCall__C)
                  00008dbc    00000004     i2ctmp006_pem4f.oem4f (.const:ti_sysbios_family_arm_m3_Hwi_E_usageFault__C)
                  00008dc0    00000004     i2ctmp006_pem4f.oem4f (.const:ti_sysbios_family_arm_m3_Hwi_NUM_INTERRUPTS__C)
                  00008dc4    00000004     i2ctmp006_pem4f.oem4f (.const:ti_sysbios_family_arm_m3_Hwi_Object__count__C)
                  00008dc8    00000004     i2ctmp006_pem4f.oem4f (.const:ti_sysbios_family_arm_m3_Hwi_ccr__C)
                  00008dcc    00000004     i2ctmp006_pem4f.oem4f (.const:ti_sysbios_family_arm_m3_Hwi_excHandlerFunc__C)
                  00008dd0    00000004     i2ctmp006_pem4f.oem4f (.const:ti_sysbios_family_arm_m3_Hwi_excHookFuncs__C)
                  00008dd4    00000004     i2ctmp006_pem4f.oem4f (.const:ti_sysbios_family_arm_m3_Hwi_nullIsrFunc__C)
                  00008dd8    00000004     i2ctmp006_pem4f.oem4f (.const:ti_sysbios_family_arm_m3_Hwi_priGroup__C)
                  00008ddc    00000004     i2ctmp006_pem4f.oem4f (.const:ti_sysbios_family_arm_m3_TaskSupport_stackAlignment__C)
                  00008de0    00000004     i2ctmp006_pem4f.oem4f (.const:ti_sysbios_gates_GateMutex_Instance_State_sem__O)
                  00008de4    00000004     i2ctmp006_pem4f.oem4f (.const:ti_sysbios_hal_Hwi_E_stackOverflow__C)
                  00008de8    00000004     i2ctmp006_pem4f.oem4f (.const:ti_sysbios_heaps_HeapMem_E_memory__C)
                  00008dec    00000004     i2ctmp006_pem4f.oem4f (.const:ti_sysbios_heaps_HeapMem_Module__gateObj__C)
                  00008df0    00000004     i2ctmp006_pem4f.oem4f (.const:ti_sysbios_heaps_HeapMem_Object__count__C)
                  00008df4    00000004     i2ctmp006_pem4f.oem4f (.const:ti_sysbios_heaps_HeapMem_reqAlign__C)
                  00008df8    00000004     i2ctmp006_pem4f.oem4f (.const:ti_sysbios_knl_Clock_Module_State_clockQ__O)
                  00008dfc    00000004     i2ctmp006_pem4f.oem4f (.const:ti_sysbios_knl_Idle_funcList__A)
                  00008e00    00000004     i2ctmp006_pem4f.oem4f (.const:ti_sysbios_knl_Semaphore_Instance_State_pendQ__O)
                  00008e04    00000004     i2ctmp006_pem4f.oem4f (.const:ti_sysbios_knl_Swi_Object__count__C)
                  00008e08    00000004     i2ctmp006_pem4f.oem4f (.const:ti_sysbios_knl_Task_E_spOutOfBounds__C)
                  00008e0c    00000004     i2ctmp006_pem4f.oem4f (.const:ti_sysbios_knl_Task_E_stackOverflow__C)
                  00008e10    00000004     i2ctmp006_pem4f.oem4f (.const:ti_sysbios_knl_Task_Module_State_inactiveQ__O)
                  00008e14    00000004     i2ctmp006_pem4f.oem4f (.const:ti_sysbios_knl_Task_Object__count__C)
                  00008e18    00000004     i2ctmp006_pem4f.oem4f (.const:ti_sysbios_knl_Task_allBlockedFunc__C)
                  00008e1c    00000004     i2ctmp006_pem4f.oem4f (.const:ti_sysbios_knl_Task_defaultStackHeap__C)
                  00008e20    00000004     i2ctmp006_pem4f.oem4f (.const:ti_sysbios_knl_Task_defaultStackSize__C)
                  00008e24    00000004     i2ctmp006_pem4f.oem4f (.const:ti_sysbios_knl_Task_numConstructedTasks__C)
                  00008e28    00000004     i2ctmp006_pem4f.oem4f (.const:xdc_runtime_Assert_E_assertFailed__C)
                  00008e2c    00000004     i2ctmp006_pem4f.oem4f (.const:xdc_runtime_Core_A_initializedParams__C)
                  00008e30    00000004     i2ctmp006_pem4f.oem4f (.const:xdc_runtime_Core_Module__diagsEnabled__C)
                  00008e34    00000004     i2ctmp006_pem4f.oem4f (.const:xdc_runtime_Core_Module__diagsIncluded__C)
                  00008e38    00000004     i2ctmp006_pem4f.oem4f (.const:xdc_runtime_Core_Module__diagsMask__C)
                  00008e3c    00000004     i2ctmp006_pem4f.oem4f (.const:xdc_runtime_Error_E_memory__C)
                  00008e40    00000004     i2ctmp006_pem4f.oem4f (.const:xdc_runtime_Error_Module__diagsEnabled__C)
                  00008e44    00000004     i2ctmp006_pem4f.oem4f (.const:xdc_runtime_Error_Module__diagsIncluded__C)
                  00008e48    00000004     i2ctmp006_pem4f.oem4f (.const:xdc_runtime_Error_Module__diagsMask__C)
                  00008e4c    00000004     i2ctmp006_pem4f.oem4f (.const:xdc_runtime_Error_Module__loggerFxn8__C)
                  00008e50    00000004     i2ctmp006_pem4f.oem4f (.const:xdc_runtime_Error_Module__loggerObj__C)
                  00008e54    00000004     i2ctmp006_pem4f.oem4f (.const:xdc_runtime_Error_policyFxn__C)
                  00008e58    00000004     i2ctmp006_pem4f.oem4f (.const:xdc_runtime_Error_raiseHook__C)
                  00008e5c    00000004     i2ctmp006_pem4f.oem4f (.const:xdc_runtime_IGateProvider_Interface__BASE__C)
                  00008e60    00000004     i2ctmp006_pem4f.oem4f (.const:xdc_runtime_IHeap_Interface__BASE__C)
                  00008e64    00000004     i2ctmp006_pem4f.oem4f (.const:xdc_runtime_IModule_Interface__BASE__C)
                  00008e68    00000004     i2ctmp006_pem4f.oem4f (.const:xdc_runtime_Log_L_error__C)
                  00008e6c    00000004     i2ctmp006_pem4f.oem4f (.const:xdc_runtime_Memory_defaultHeapInstance__C)
                  00008e70    00000004     i2ctmp006_pem4f.oem4f (.const:xdc_runtime_Startup_execImpl__C)
                  00008e74    00000004     i2ctmp006_pem4f.oem4f (.const:xdc_runtime_Startup_maxPasses__C)
                  00008e78    00000004     i2ctmp006_pem4f.oem4f (.const:xdc_runtime_Startup_sfxnRts__C)
                  00008e7c    00000004     i2ctmp006_pem4f.oem4f (.const:xdc_runtime_Startup_sfxnTab__C)
                  00008e80    00000004     i2ctmp006_pem4f.oem4f (.const:xdc_runtime_SysMin_bufSize__C)
                  00008e84    00000004     i2ctmp006_pem4f.oem4f (.const:xdc_runtime_SysMin_outputFunc__C)
                  00008e88    00000004     i2ctmp006_pem4f.oem4f (.const:xdc_runtime_System_Module__gateObj__C)
                  00008e8c    00000004     i2ctmp006_pem4f.oem4f (.const:xdc_runtime_System_abortFxn__C)
                  00008e90    00000004     i2ctmp006_pem4f.oem4f (.const:xdc_runtime_System_exitFxn__C)
                  00008e94    00000004     i2ctmp006_pem4f.oem4f (.const:xdc_runtime_System_extendFxn__C)
                  00008e98    00000004     i2ctmp006_pem4f.oem4f (.const:xdc_runtime_System_maxAtexitHandlers__C)
                  00008e9c    00000004     i2ctmp006_pem4f.oem4f (.const:xdc_runtime_Text_charTab__C)
                  00008ea0    00000004     i2ctmp006_pem4f.oem4f (.const:xdc_runtime_Text_nameEmpty__C)
                  00008ea4    00000004     i2ctmp006_pem4f.oem4f (.const:xdc_runtime_Text_nameStatic__C)
                  00008ea8    00000004     i2ctmp006_pem4f.oem4f (.const:xdc_runtime_Text_nameUnknown__C)
                  00008eac    00000004     i2ctmp006_pem4f.oem4f (.const:xdc_runtime_Text_nodeTab__C)
                  00008eb0    00000004     i2ctmp006_pem4f.oem4f (.const:xdc_runtime_Text_visitRopeFxn__C)
                  00008eb4    00000002     i2ctmp006_pem4f.oem4f (.const:ti_sysbios_family_arm_m3_Hwi_Module__id__C)
                  00008eb6    00000002     i2ctmp006_pem4f.oem4f (.const:ti_sysbios_hal_Hwi_Module__id__C)
                  00008eb8    00000002     i2ctmp006_pem4f.oem4f (.const:ti_sysbios_heaps_HeapMem_Module__id__C)
                  00008eba    00000002     i2ctmp006_pem4f.oem4f (.const:ti_sysbios_knl_Task_Module__id__C)
                  00008ebc    00000002     i2ctmp006_pem4f.oem4f (.const:xdc_runtime_Core_Module__id__C)
                  00008ebe    00000002     i2ctmp006_pem4f.oem4f (.const:xdc_runtime_Error_Module__loggerDefined__C)
                  00008ec0    00000002     i2ctmp006_pem4f.oem4f (.const:xdc_runtime_Error_maxDepth__C)
                  00008ec2    00000002     i2ctmp006_pem4f.oem4f (.const:xdc_runtime_Memory_Module__id__C)
                  00008ec4    00000002     i2ctmp006_pem4f.oem4f (.const:xdc_runtime_SysMin_flushAtExit__C)
                  00008ec6    00000002     i2ctmp006_pem4f.oem4f (.const:xdc_runtime_Text_charCnt__C)
                  00008ec8    00000002     i2ctmp006_pem4f.oem4f (.const:xdc_runtime_Text_isLoaded__C)
                  00008eca    00000002     i2ctmp006_pem4f.oem4f (.const:xdc_runtime_Text_registryModsLastId__C)
                  00008ecc    00000002     i2ctmp006_pem4f.oem4f (.const:xdc_runtime_Text_unnamedModsLastId__C)

.cinit     0    00008ed0    00000220     
                  00008ed0    000001e8     (.cinit..data.load) [load image, compression = lzss]
                  000090b8    0000000c     (__TI_handler_table)
                  000090c4    00000004     --HOLE-- [fill = 0]
                  000090c8    00000008     (.cinit..bss.load) [load image, compression = zero_init]
                  000090d0    00000008     (.cinit..vecs.load) [load image, compression = zero_init]
                  000090d8    00000018     (__TI_cinit_table)

.init_array 
*          0    00000000    00000000     UNINITIALIZED

.resetVecs 
*          0    00000000    0000003c     
                  00000000    0000003c     i2ctmp006_pem4f.oem4f (.resetVecs)

.bss       0    20000360    00001690     UNINITIALIZED
                  20000360    00000800     (.common:ti_sysbios_heaps_HeapMem_Instance_State_0_buf__A)
                  20000b60    00000400     (.common:task0Stack)
                  20000f60    00000360     (.common:ti_sysbios_family_arm_m3_Hwi_dispatchTable)
                  200012c0    00000200     i2ctmp006_pem4f.oem4f (.bss:taskStackSection)
                  200014c0    00000198     (.common:eeprom32)
                  20001658    00000120     rtsv7M4_T_le_v4SPD16_eabi.lib : trgmsg.obj (.bss:_CIOBUF_)
                  20001778    00000090     drivers_tivaware.aem4f : GPIOTiva.oem4f (.bss:gpioCallbackInfo)
                  20001808    00000080     (.common:i2cTivaObjects)
                  20001888    00000080     (.common:xdc_runtime_SysMin_Module_State_0_outbuf__A)
                  20001908    00000078     (.common:eeprom16)
                  20001980    00000050     (.common:task0Struct)
                  200019d0    00000010     (.common:i2cParams)
                  200019e0    00000008     (.common:parmbuf)
                  200019e8    00000004     (.common:gpioInterruptVectors)
                  200019ec    00000004     (.common:i2c)

.data      0    200019f0    00000442     UNINITIALIZED
                  200019f0    00000080     i2ctmp006_pem4f.oem4f (.data:ti_sysbios_knl_Swi_Module_State_0_readyQ__A)
                  20001a70    00000080     i2ctmp006_pem4f.oem4f (.data:ti_sysbios_knl_Task_Module_State_0_readyQ__A)
                  20001af0    0000004c     i2ctmp006_pem4f.oem4f (.data:ti_sysbios_knl_Task_Object__table__V)
                  20001b3c    00000044     i2ctmp006_pem4f.oem4f (.data:ti_sysbios_knl_Task_Module__state__V)
                  20001b80    00000040     i2ctmp006_pem4f.oem4f (.data:ti_sysbios_family_arm_lm4_Timer_Module_State_0_device__A)
                  20001bc0    00000040     i2ctmp006_pem4f.oem4f (.data:ti_sysbios_family_arm_lm4_Timer_Object__table__V)
                  20001c00    00000038     i2ctmp006_pem4f.oem4f (.data:ti_sysbios_gates_GateMutex_Object__table__V)
                  20001c38    00000034     i2ctmp006_pem4f.oem4f (.data:ti_sysbios_family_arm_m3_Hwi_Module__state__V)
                  20001c6c    00000030     i2ctmp006_pem4f.oem4f (.data:ti_sysbios_knl_Swi_Object__table__V)
                  20001c9c    0000002c     i2ctmp006_pem4f.oem4f (.data:ti_sysbios_knl_Clock_Module__state__V)
                  20001cc8    00000024     i2ctmp006_pem4f.oem4f (.data:ti_sysbios_BIOS_Module__state__V)
                  20001cec    00000020     i2ctmp006_pem4f.oem4f (.data:ti_sysbios_family_arm_lm4_Timer_Module_State_0_handles__A)
                  20001d0c    0000001c     i2ctmp006_pem4f.oem4f (.data:ti_sysbios_knl_Swi_Module__state__V)
                  20001d28    00000018     DK_TM4C129X.obj (.data:gpioPinConfigs)
                  20001d40    00000018     i2ctmp006_pem4f.oem4f (.data:ti_sysbios_family_arm_m3_Hwi_Object__table__V)
                  20001d58    00000018     i2ctmp006_pem4f.oem4f (.data:ti_sysbios_heaps_HeapMem_Object__table__V)
                  20001d70    0000000c     rtsv7M4_T_le_v4SPD16_eabi.lib : exit.obj (.data:$O1$$)
                  20001d7c    0000000c     DK_TM4C129X.obj (.data:gpioCallbackFunctions)
                  20001d88    0000000c     i2ctmp006_pem4f.oem4f (.data:ti_sysbios_family_arm_lm4_Timer_Module__state__V)
                  20001d94    0000000c     i2ctmp006_pem4f.oem4f (.data:xdc_runtime_SysMin_Module__state__V)
                  20001da0    00000008     rtsv7M4_T_le_v4SPD16_eabi.lib : _lock.obj (.data:$O1$$)
                  20001da8    00000008     i2ctmp006.obj (.data)
                  20001db0    00000008     i2ctmp006_pem4f.oem4f (.data:ti_sysbios_family_arm_m3_Hwi_Module__root__V)
                  20001db8    00000008     i2ctmp006_pem4f.oem4f (.data:ti_sysbios_gates_GateHwi_Module__root__V)
                  20001dc0    00000008     i2ctmp006_pem4f.oem4f (.data:ti_sysbios_gates_GateMutex_Module__root__V)
                  20001dc8    00000008     i2ctmp006_pem4f.oem4f (.data:ti_sysbios_heaps_HeapMem_Module__root__V)
                  20001dd0    00000008     i2ctmp006_pem4f.oem4f (.data:ti_sysbios_knl_Queue_Module__root__V)
                  20001dd8    00000008     i2ctmp006_pem4f.oem4f (.data:ti_sysbios_knl_Semaphore_Module__root__V)
                  20001de0    00000008     i2ctmp006_pem4f.oem4f (.data:ti_sysbios_knl_Task_Module__root__V)
                  20001de8    00000008     i2ctmp006_pem4f.oem4f (.data:xdc_runtime_Registry_Module__state__V)
                  20001df0    00000008     i2ctmp006_pem4f.oem4f (.data:xdc_runtime_Startup_Module__state__V)
                  20001df8    00000008     i2ctmp006_pem4f.oem4f (.data:xdc_runtime_System_Module_State_0_atexitHandlers__A)
                  20001e00    00000008     i2ctmp006_pem4f.oem4f (.data:xdc_runtime_System_Module__state__V)
                  20001e08    00000005     drivers_tivaware.aem4f : GPIOTiva.oem4f (.data)
                  20001e0d    00000001     --HOLE--
                  20001e0e    00000002     i2ctmp006_pem4f.oem4f (.data:ti_sysbios_family_arm_m3_Hwi_Module_State_0_excActive__A)
                  20001e10    00000004     drivers_tivaware.aem4f : I2C.oem4f (.data)
                  20001e14    00000004     rtsv7M4_T_le_v4SPD16_eabi.lib : errno.obj (.data)
                  20001e18    00000004                                   : stkdepth_vars.obj (.data)
                  20001e1c    00000004     i2ctmp006_pem4f.oem4f (.data:ti_sysbios_family_arm_m3_Hwi_Module_State_0_excContext__A)
                  20001e20    00000004     i2ctmp006_pem4f.oem4f (.data:ti_sysbios_family_arm_m3_Hwi_Module_State_0_excStack__A)
                  20001e24    00000004     i2ctmp006_pem4f.oem4f (.data:ti_sysbios_gates_GateHwi_Object__table__V)
                  20001e28    00000004     i2ctmp006_pem4f.oem4f (.data:ti_sysbios_knl_Task_Module_State_0_idleTask__A)
                  20001e2c    00000004     i2ctmp006_pem4f.oem4f (.data:xdc_runtime_Memory_Module__state__V)
                  20001e30    00000002     i2ctmp006_pem4f.oem4f (.data:xdc_runtime_Error_Module__state__V)

.stack     0    20001e34    00000300     UNINITIALIZED
                  20001e34    00000300     --HOLE--

.bootVecs 
*          0    00000000    00000008     DSECT
                  00000000    00000008     boot.aem4f : boot.oem4f (.bootVecs)

.vecs      0    20000000    00000360     UNINITIALIZED
                  20000000    00000360     i2ctmp006_pem4f.oem4f (.vecs)

xdc.meta   0    00000000    000000f6     COPY SECTION
                  00000000    000000f6     i2ctmp006_pem4f.oem4f (xdc.meta)

MODULE SUMMARY

       Module                     code    ro data   rw data
       ------                     ----    -------   -------
    ./
       i2ctmp006.obj              3364    0         1660   
       DK_TM4C129X.obj            252     56        164    
    +--+--------------------------+-------+---------+---------+
       Total:                     3616    56        1824   
                                                           
    /Users/danielhuffer/workspace_v7/i2ctmp006_DK_TM4C129X_TI/Debug/configPkg/package/cfg/
       i2ctmp006_pem4f.oem4f      1790    7590      5424   
    +--+--------------------------+-------+---------+---------+
       Total:                     1790    7590      5424   
                                                           
    /Applications/ti/ccsv7/tools/compiler/ti-cgt-arm_16.9.6.LTS/lib/rtsv7M4_T_le_v4SPD16_eabi.lib
       e_pow.obj                  2476    48        0      
       fd_add_t2.obj              438     0         0      
       trgmsg.obj                 104     0         288    
       e_sqrt.obj                 368     0         0      
       fd_div_t2.obj              310     0         0      
       fd_cmp_t2.obj              268     0         0      
       fd_mul_t2.obj              252     0         0      
       s_scalbn.obj               252     0         0      
       memcpy_t2.obj              156     0         0      
       memset_t2.obj              122     0         0      
       copy_decompress_lzss.obj   104     0         0      
       exit.obj                   84      0         12     
       hostwrite.obj              88      0         0      
       cpy_tbl.obj                76      0         0      
       u_divt2.obj                64      0         0      
       i_tofd_t2.obj              46      0         0      
       u_tofd_t2.obj              32      0         0      
       _lock.obj                  20      0         8      
       args_main.obj              24      0         0      
       s_copysign.obj             20      0         0      
       strlen.obj                 20      0         0      
       copy_decompress_none.obj   14      0         0      
       copy_zero_init.obj         12      0         0      
       hostopen.obj               0       0         8      
       errno.obj                  0       0         4      
       stkdepth_vars.obj          0       0         4      
       i_div0.obj                 2       0         0      
    +--+--------------------------+-------+---------+---------+
       Total:                     5352    48        324    
                                                           
    /Users/danielhuffer/ti/tirtos_tivac_2_16_00_08/products/TivaWare_C_Series-2.1.1.71b/driverlib/ccs/Debug/driverlib.lib
       gpio.obj                   566     144       0      
       i2c.obj                    154     0         0      
       sysctl.obj                 52      0         0      
    +--+--------------------------+-------+---------+---------+
       Total:                     772     144       0      
                                                           
    /Users/danielhuffer/ti/tirtos_tivac_2_16_00_08/products/bios_6_45_01_29/packages/ti/catalog/arm/cortexm4/tiva/ce/lib/Boot.aem4f
       Boot_sysctl.oem4f          628     452       0      
       Boot.oem4f                 152     0         0      
    +--+--------------------------+-------+---------+---------+
       Total:                     780     452       0      
                                                           
    /Users/danielhuffer/ti/tirtos_tivac_2_16_00_08/products/bios_6_45_01_29/packages/ti/targets/arm/rtsarm/lib/auto_init.aem4f
       auto_init.oem4f            160     0         0      
    +--+--------------------------+-------+---------+---------+
       Total:                     160     0         0      
                                                           
    /Users/danielhuffer/ti/tirtos_tivac_2_16_00_08/products/bios_6_45_01_29/packages/ti/targets/arm/rtsarm/lib/boot.aem4f
       boot.oem4f                 88      0         0      
    +--+--------------------------+-------+---------+---------+
       Total:                     88      0         0      
                                                           
    /Users/danielhuffer/ti/tirtos_tivac_2_16_00_08/products/bios_6_45_01_29/packages/ti/targets/arm/rtsarm/lib/ti.targets.arm.rtsarm.aem4f
       System.oem4f               1255    0         0      
       Text.oem4f                 672     0         0      
       Error.oem4f                524     0         0      
       Core-mem.oem4f             358     0         0      
       Startup.oem4f              328     0         0      
       SysMin.oem4f               248     0         0      
       Core-smem.oem4f            204     0         0      
       Memory.oem4f               176     0         0      
       Assert.oem4f               84      0         0      
       Core-params.oem4f          70      0         0      
       Core-label.oem4f           52      0         0      
       Registry.oem4f             32      0         0      
       Gate.oem4f                 28      0         0      
    +--+--------------------------+-------+---------+---------+
       Total:                     4031    0         0      
                                                           
    /Users/danielhuffer/ti/tirtos_tivac_2_16_00_08/products/tidrivers_tivac_2_16_00_08/packages/ti/drivers/lib/drivers_tivaware.aem4f
       GPIOTiva.oem4f             684     156       153    
       I2CTiva.oem4f              798     28        0      
       I2C.oem4f                  130     16        4      
    +--+--------------------------+-------+---------+---------+
       Total:                     1612    200       157    
                                                           
    /Users/danielhuffer/workspace_v7/i2ctmp006_DK_TM4C129X_TI/src/sysbios/sysbios.aem4f
       BIOS.obj                   9078    0         0      
       m3_Hwi_asm.obj             314     0         0      
       m3_TaskSupport_asm.obj     180     0         0      
       m3_Hwi_asm_switch.obj      118     0         0      
    +--+--------------------------+-------+---------+---------+
       Total:                     9690    0         0      
                                                           
       Stack:                     0       0         768    
       Linker Generated:          0       540       0      
    +--+--------------------------+-------+---------+---------+
       Grand Total:               27891   9030      8497   


LINKER GENERATED COPY TABLES

__TI_cinit_table @ 000090d8 records: 3, size/record: 8, table size: 24
	.data: load addr=00008ed0, load size=000001e8 bytes, run addr=200019f0, run size=00000442 bytes, compression=lzss
	.bss: load addr=000090c8, load size=00000008 bytes, run addr=20000360, run size=00001690 bytes, compression=zero_init
	.vecs: load addr=000090d0, load size=00000008 bytes, run addr=20000000, run size=00000360 bytes, compression=zero_init


LINKER GENERATED HANDLER TABLE

__TI_handler_table @ 000090b8 records: 3, size/record: 4, table size: 12
	index: 0, handler: __TI_decompress_lzss
	index: 1, handler: __TI_decompress_none
	index: 2, handler: __TI_zero_init


GLOBAL SYMBOLS: SORTED ALPHABETICALLY BY Name 

address   name                                                                 
-------   ----                                                                 
00003d6d  AMB                                                                  
000052b1  C$$EXIT                                                              
00004b6b  C$$IO$$                                                              
00006d3d  DK_TM4C129X_initGPIO                                                 
00003b4d  DK_TM4C129X_initGeneral                                              
00005b31  DK_TM4C129X_initI2C                                                  
000062f1  GPIODirModeSet                                                       
00001d83  GPIOIntClear                                                         
00006c09  GPIOIntStatus                                                        
00005259  GPIOIntTypeSet                                                       
00002857  GPIOPadConfigSet                                                     
000056d5  GPIOPinConfigure                                                     
00006aad  GPIOPinTypeI2C                                                       
00006abf  GPIOPinTypeI2CSCL                                                    
0000350b  GPIOPinWrite                                                         
00008d04  GPIOTiva_config                                                      
00004c0d  GPIO_hwiIntFxn                                                       
0000439d  GPIO_init                                                            
00005405  GPIO_setCallback                                                     
00002485  GPIO_setConfig                                                       
00005151  HOSTwrite                                                            
0000206d  I2CMasterControl                                                     
0000232d  I2CMasterDataGet                                                     
000025d5  I2CMasterDataPut                                                     
00006d01  I2CMasterDisable                                                     
00006d0b  I2CMasterEnable                                                      
000069d9  I2CMasterErr                                                         
0000571d  I2CMasterInitExpClk                                                  
00006d45  I2CMasterIntClear                                                    
00004743  I2CMasterIntDisable                                                  
00006c53  I2CMasterIntEnable                                                   
00006d4d  I2CMasterSlaveAddrSet                                                
00005db9  I2CTiva_close                                                        
00006d79  I2CTiva_control                                                      
00008c88  I2CTiva_fxnTable                                                     
00006d15  I2CTiva_init                                                         
00003275  I2CTiva_open                                                         
000046c5  I2CTiva_transfer                                                     
00006b05  I2C_Params_init                                                      
00008ca4  I2C_config                                                           
00008d2c  I2C_defaultParams                                                    
00005c69  I2C_init                                                             
00005f6d  I2C_open                                                             
00006d1f  I2C_transfer                                                         
UNDEFED   SHT$$INIT_ARRAY$$Base                                                
UNDEFED   SHT$$INIT_ARRAY$$Limit                                               
00003185  Sto                                                                  
00005df1  SysCtlPeripheralEnable                                               
00005ca1  TAdut                                                                
00000000  __ASM__                                                              
20001658  __CIOBUF_                                                            
00000074  __ISA__                                                              
00000087  __PLAT__                                                             
20002134  __STACK_END                                                          
00000300  __STACK_SIZE                                                         
000000a8  __TARG__                                                             
000090d8  __TI_CINIT_Base                                                      
000090f0  __TI_CINIT_Limit                                                     
000090b8  __TI_Handler_Table_Base                                              
000090c4  __TI_Handler_Table_Limit                                             
00003ec5  __TI_auto_init                                                       
20001d70  __TI_cleanup_ptr                                                     
00004ad5  __TI_decompress_lzss                                                 
00006c17  __TI_decompress_none                                                 
20001d74  __TI_dtors_ptr                                                       
20001d78  __TI_enable_exit_profile_output                                      
ffffffff  __TI_pprof_out_hndl                                                  
ffffffff  __TI_prof_data_size                                                  
ffffffff  __TI_prof_data_start                                                 
00004b6f  __TI_readmsg                                                         
00008ed0  __TI_static_base__                                                   
00004b3d  __TI_writemsg                                                        
00006c47  __TI_zero_init                                                       
000000ce  __TRDR__                                                             
000044b5  __aeabi_cdcmpeq                                                      
000044b5  __aeabi_cdcmple                                                      
0000453b  __aeabi_cdrcmple                                                     
00001bd7  __aeabi_dadd                                                         
00002721  __aeabi_ddiv                                                         
00002ca9  __aeabi_dmul                                                         
00001bcd  __aeabi_dsub                                                         
00006211  __aeabi_i2d                                                          
00002987  __aeabi_idiv0                                                        
000047c5  __aeabi_memclr                                                       
000047c5  __aeabi_memclr4                                                      
000047c5  __aeabi_memclr8                                                      
00004005  __aeabi_memcpy                                                       
00004005  __aeabi_memcpy4                                                      
00004005  __aeabi_memcpy8                                                      
000047c7  __aeabi_memset                                                       
000047c7  __aeabi_memset4                                                      
000047c7  __aeabi_memset8                                                      
00006595  __aeabi_ui2d                                                         
00005a71  __aeabi_uidiv                                                        
00005a71  __aeabi_uidivmod                                                     
ffffffff  __binit__                                                            
ffffffff  __c_args__                                                           
20001e34  __stack                                                              
000068e5  _args_main                                                           
000050a1  _c_int00                                                             
20001da0  _lock                                                                
00006a2b  _nop                                                                 
00006a23  _register_lock                                                       
00006a1d  _register_unlock                                                     
20001da4  _unlock                                                              
000052b5  abort                                                                
ffffffff  binit                                                                
000019ed  calculateObjectTemp                                                  
00005599  copy_in                                                              
00006a31  copysign                                                             
00006a31  copysignl                                                            
20001908  eeprom16                                                             
200014c0  eeprom32                                                             
20001e14  errno                                                                
000052bd  exit                                                                 
000021d5  getTemp                                                              
20001d7c  gpioCallbackFunctions                                                
20001d28  gpioPinConfigs                                                       
200019ec  i2c                                                                  
200019d0  i2cParams                                                            
000050f9  i2cReadReg16                                                         
00004645  i2cReadReg32                                                         
00008d4c  i2cTivaHWAttrs                                                       
20001808  i2cTivaObjects                                                       
00005f9d  i2cWriteReg32                                                        
000009ed  init                                                                 
00002da5  ldexp                                                                
00002da5  ldexpl                                                               
00003cbd  main                                                                 
20001e18  main_func_sp                                                         
00004005  memcpy                                                               
000047cd  memset                                                               
00006ba9  osi_TaskDisable                                                      
00006b49  osi_start                                                            
200019e0  parmbuf                                                              
00000041  pow                                                                  
00000041  powl                                                                 
00003781  read16EPROMData                                                      
[...]
00006c53  I2CMasterIntEnable                                                   
00006c59  ti_sysbios_family_arm_lm4_Timer_getMaxTicks__E                       
00006c65  ti_sysbios_family_arm_m3_Hwi_Params__init__S                         
00006c65  ti_sysbios_hal_Hwi_HwiProxy_Params__init__S                          
00006c71  ti_sysbios_family_arm_m3_Hwi_disableFxn__E                           
00006c71  ti_sysbios_hal_Hwi_HwiProxy_disable__E                               
00006c81  ti_sysbios_family_arm_m3_TaskSupport_checkStack__E                   
00006c81  ti_sysbios_knl_Task_SupportProxy_checkStack__E                       
00006c91  ti_sysbios_family_arm_m3_TaskSupport_getStackAlignment__E            
00006c91  ti_sysbios_knl_Task_SupportProxy_getStackAlignment__E                
00006ca1  ti_sysbios_gates_GateHwi_enter__E                                    
00006cad  ti_sysbios_knl_Queue_Object__get__S                                  
00006cb9  ti_sysbios_knl_Semaphore_Params__init__S                             
00006cc5  ti_sysbios_knl_Task_Params__init__S                                  
00006cd1  xdc_runtime_Error_init__E                                            
00006cdd  xdc_runtime_Gate_enterSystem__E                                      
00006ce9  xdc_runtime_Memory_calloc__E                                         
00006cf5  xdc_runtime_Memory_getMaxDefaultTypeAlign__E                         
00006d01  I2CMasterDisable                                                     
00006d0b  I2CMasterEnable                                                      
00006d15  I2CTiva_init                                                         
00006d1f  I2C_transfer                                                         
00006d29  xdc_runtime_Memory_HeapProxy_alloc__E                                
00006d33  xdc_runtime_Memory_HeapProxy_free__E                                 
00006d3d  DK_TM4C129X_initGPIO                                                 
00006d45  I2CMasterIntClear                                                    
00006d4d  I2CMasterSlaveAddrSet                                                
00006d5d  ti_sysbios_family_arm_lm4_Timer_masterDisable__I                     
00006d69  ti_sysbios_family_arm_m3_Hwi_doSwiRestore__I                         
00006d71  ti_sysbios_family_arm_m3_Hwi_startup__E                              
00006d71  ti_sysbios_hal_Hwi_HwiProxy_startup__E                               
00006d71  ti_sysbios_hal_Hwi_startup__E                                        
00006d79  I2CTiva_control                                                      
00006d81  ti_sysbios_family_arm_m3_Hwi_doTaskRestore__I                        
00006d89  ti_sysbios_family_arm_m3_Hwi_restoreFxn__E                           
00006d89  ti_sysbios_hal_Hwi_HwiProxy_restore__E                               
00006d91  ti_sysbios_gates_GateHwi_leave__E                                    
00006d99  ti_sysbios_heaps_HeapMem_isBlocking__E                               
00006da1  ti_sysbios_knl_Queue_Instance_init__E                                
00006da9  ti_sysbios_knl_Swi_startup__E                                        
00006daf  xdc_runtime_System_Module_startup__E                                 
00006db9  ti_sysbios_gates_GateHwi_query__E                                    
00006db9  xdc_runtime_Main_Module_GateProxy_query__E                           
00006db9  xdc_runtime_System_Module_GateProxy_query__E                         
00006dc1  ti_sysbios_BIOS_RtsGateProxy_query__E                                
00006dc1  ti_sysbios_gates_GateMutex_query__E                                  
00006dc1  ti_sysbios_heaps_HeapMem_Module_GateProxy_query__E                   
00006dc9  ti_sysbios_knl_Task_startup__E                                       
00006dd1  ti_sysbios_gates_GateHwi_Instance_init__E                            
00006dd9  ti_sysbios_knl_Clock_logTick__E                                      
00006de0  xdc_runtime_Text_charTab__A                                          
00008641  xdc_runtime_Error_policy__C                                          
00008642  ti_catalog_arm_cortexm4_tiva_ce_Boot_Module__id__C                   
00008764  xdc_runtime_Text_nodeTab__A                                          
00008a00  ti_sysbios_knl_Task_Object__PARAMS__C                                
00008a3c  ti_catalog_arm_cortexm4_tiva_ce_Boot_A_mustNotUseEnhancedClockMode__C
00008aa0  ti_sysbios_family_arm_m3_Hwi_Object__PARAMS__C                       
00008ad0  ti_sysbios_heaps_HeapMem_Module__FXNS__C                             
00008af8  ti_sysbios_gates_GateHwi_Module__FXNS__C                             
00008b1c  ti_sysbios_gates_GateMutex_Module__FXNS__C                           
00008b40  ti_sysbios_heaps_HeapMem_Object__PARAMS__C                           
00008b64  ti_sysbios_knl_Semaphore_Object__PARAMS__C                           
00008b88  ti_sysbios_family_arm_m3_Hwi_Object__DESC__C                         
00008ba8  ti_sysbios_gates_GateHwi_Object__DESC__C                             
00008bc8  ti_sysbios_gates_GateMutex_Object__DESC__C                           
00008be8  ti_sysbios_heaps_HeapMem_Object__DESC__C                             
00008c08  ti_sysbios_knl_Queue_Object__DESC__C                                 
00008c28  ti_sysbios_knl_Semaphore_Object__DESC__C                             
00008c48  ti_sysbios_knl_Task_Object__DESC__C                                  
00008c68  xdc_runtime_Startup_sfxnTab__A                                       
00008c88  I2CTiva_fxnTable                                                     
00008ca4  I2C_config                                                           
00008cbc  ti_sysbios_gates_GateHwi_Object__PARAMS__C                           
00008cd4  ti_sysbios_gates_GateMutex_Object__PARAMS__C                         
00008cec  ti_sysbios_knl_Queue_Object__PARAMS__C                               
00008d04  GPIOTiva_config                                                      
00008d18  xdc_runtime_Startup_firstFxns__A                                     
00008d2c  I2C_defaultParams                                                    
00008d3c  xdc_runtime_Startup_sfxnRts__A                                       
00008d4c  i2cTivaHWAttrs                                                       
00008d60  ti_sysbios_family_arm_m3_Hwi_excHookFuncs__A                         
00008d68  ti_sysbios_knl_Idle_funcList__C                                      
00008d70  xdc_runtime_Startup_firstFxns__C                                     
00008d78  xdc_runtime_Startup_lastFxns__C                                      
00008d80  ti_catalog_arm_cortexm4_tiva_ce_Boot_Module__diagsEnabled__C         
00008d84  ti_catalog_arm_cortexm4_tiva_ce_Boot_Module__diagsIncluded__C        
00008d88  ti_catalog_arm_cortexm4_tiva_ce_Boot_Module__diagsMask__C            
00008d8c  ti_sysbios_family_arm_lm4_Timer_enableFunc__C                        
00008d90  ti_sysbios_family_arm_lm4_Timer_numTimerDevices__C                   
00008d94  ti_sysbios_family_arm_lm4_Timer_startupNeeded__C                     
00008d98  ti_sysbios_family_arm_m3_Hwi_E_NMI__C                                
00008d9c  ti_sysbios_family_arm_m3_Hwi_E_alreadyDefined__C                     
00008da0  ti_sysbios_family_arm_m3_Hwi_E_busFault__C                           
00008da4  ti_sysbios_family_arm_m3_Hwi_E_debugMon__C                           
00008da8  ti_sysbios_family_arm_m3_Hwi_E_hardFault__C                          
00008dac  ti_sysbios_family_arm_m3_Hwi_E_memFault__C                           
00008db0  ti_sysbios_family_arm_m3_Hwi_E_noIsr__C                              
00008db4  ti_sysbios_family_arm_m3_Hwi_E_reserved__C                           
00008db8  ti_sysbios_family_arm_m3_Hwi_E_svCall__C                             
00008dbc  ti_sysbios_family_arm_m3_Hwi_E_usageFault__C                         
00008dc0  ti_sysbios_family_arm_m3_Hwi_NUM_INTERRUPTS__C                       
00008dc4  ti_sysbios_family_arm_m3_Hwi_Object__count__C                        
00008dc8  ti_sysbios_family_arm_m3_Hwi_ccr__C                                  
00008dcc  ti_sysbios_family_arm_m3_Hwi_excHandlerFunc__C                       
00008dd0  ti_sysbios_family_arm_m3_Hwi_excHookFuncs__C                         
00008dd4  ti_sysbios_family_arm_m3_Hwi_nullIsrFunc__C                          
00008dd8  ti_sysbios_family_arm_m3_Hwi_priGroup__C                             
00008ddc  ti_sysbios_family_arm_m3_TaskSupport_stackAlignment__C               
00008de0  ti_sysbios_gates_GateMutex_Instance_State_sem__O                     
00008de4  ti_sysbios_hal_Hwi_E_stackOverflow__C                                
00008de8  ti_sysbios_heaps_HeapMem_E_memory__C                                 
00008dec  ti_sysbios_heaps_HeapMem_Module__gateObj__C                          
00008df0  ti_sysbios_heaps_HeapMem_Object__count__C                            
00008df4  ti_sysbios_heaps_HeapMem_reqAlign__C                                 
00008df8  ti_sysbios_knl_Clock_Module_State_clockQ__O                          
00008dfc  ti_sysbios_knl_Idle_funcList__A                                      
00008e00  ti_sysbios_knl_Semaphore_Instance_State_pendQ__O                     
00008e04  ti_sysbios_knl_Swi_Object__count__C                                  
00008e08  ti_sysbios_knl_Task_E_spOutOfBounds__C                               
00008e0c  ti_sysbios_knl_Task_E_stackOverflow__C                               
00008e10  ti_sysbios_knl_Task_Module_State_inactiveQ__O                        
00008e14  ti_sysbios_knl_Task_Object__count__C                                 
00008e18  ti_sysbios_knl_Task_allBlockedFunc__C                                
00008e1c  ti_sysbios_knl_Task_defaultStackHeap__C                              
00008e20  ti_sysbios_knl_Task_defaultStackSize__C                              
00008e24  ti_sysbios_knl_Task_numConstructedTasks__C                           
00008e28  xdc_runtime_Assert_E_assertFailed__C                                 
00008e2c  xdc_runtime_Core_A_initializedParams__C                              
00008e30  xdc_runtime_Core_Module__diagsEnabled__C                             
00008e34  xdc_runtime_Core_Module__diagsIncluded__C                            
00008e38  xdc_runtime_Core_Module__diagsMask__C                                
00008e3c  xdc_runtime_Error_E_memory__C                                        
00008e40  xdc_runtime_Error_Module__diagsEnabled__C                            
00008e44  xdc_runtime_Error_Module__diagsIncluded__C                           
00008e48  xdc_runtime_Error_Module__diagsMask__C                               
00008e4c  xdc_runtime_Error_Module__loggerFxn8__C                              
00008e50  xdc_runtime_Error_Module__loggerObj__C                               
00008e54  xdc_runtime_Error_policyFxn__C                                       
00008e58  xdc_runtime_Error_raiseHook__C                                       
00008e5c  xdc_runtime_IGateProvider_Interface__BASE__C                         
00008e60  xdc_runtime_IHeap_Interface__BASE__C                                 
00008e64  xdc_runtime_IModule_Interface__BASE__C                               
00008e68  xdc_runtime_Log_L_error__C                                           
00008e6c  xdc_runtime_Memory_defaultHeapInstance__C                            
00008e70  xdc_runtime_Startup_execImpl__C                                      
00008e74  xdc_runtime_Startup_maxPasses__C                                     
00008e78  xdc_runtime_Startup_sfxnRts__C                                       
00008e7c  xdc_runtime_Startup_sfxnTab__C                                       
00008e80  xdc_runtime_SysMin_bufSize__C                                        
00008e84  xdc_runtime_SysMin_outputFunc__C                                     
00008e88  xdc_runtime_System_Module__gateObj__C                                
00008e8c  xdc_runtime_System_abortFxn__C                                       
00008e90  xdc_runtime_System_exitFxn__C                                        
00008e94  xdc_runtime_System_extendFxn__C                                      
00008e98  xdc_runtime_System_maxAtexitHandlers__C                              
00008e9c  xdc_runtime_Text_charTab__C                                          
00008ea0  xdc_runtime_Text_nameEmpty__C                                        
00008ea4  xdc_runtime_Text_nameStatic__C                                       
00008ea8  xdc_runtime_Text_nameUnknown__C                                      
00008eac  xdc_runtime_Text_nodeTab__C                                          
00008eb0  xdc_runtime_Text_visitRopeFxn__C                                     
00008eb4  ti_sysbios_family_arm_m3_Hwi_Module__id__C                           
00008eb6  ti_sysbios_hal_Hwi_Module__id__C                                     
00008eb8  ti_sysbios_heaps_HeapMem_Module__id__C                               
00008eba  ti_sysbios_knl_Task_Module__id__C                                    
00008ebc  xdc_runtime_Core_Module__id__C                                       
00008ebe  xdc_runtime_Error_Module__loggerDefined__C                           
00008ec0  xdc_runtime_Error_maxDepth__C                                        
00008ec2  xdc_runtime_Memory_Module__id__C                                     
00008ec4  xdc_runtime_SysMin_flushAtExit__C                                    
00008ec6  xdc_runtime_Text_charCnt__C                                          
00008ec8  xdc_runtime_Text_isLoaded__C                                         
00008eca  xdc_runtime_Text_registryModsLastId__C                               
00008ecc  xdc_runtime_Text_unnamedModsLastId__C                                
00008ed0  __TI_static_base__                                                   
000090b8  __TI_Handler_Table_Base                                              
000090c4  __TI_Handler_Table_Limit                                             
000090d8  __TI_CINIT_Base                                                      
000090f0  __TI_CINIT_Limit                                                     
20000000  ti_sysbios_family_arm_m3_Hwi_ramVectors                              
20000360  ti_sysbios_heaps_HeapMem_Instance_State_0_buf__A                     
20000b60  task0Stack                                                           
20000f60  ti_sysbios_family_arm_m3_Hwi_dispatchTable                           
200012c0  ti_sysbios_knl_Task_Instance_State_0_stack__A                        
200014c0  eeprom32                                                             
20001658  __CIOBUF_                                                            
20001808  i2cTivaObjects                                                       
20001888  xdc_runtime_SysMin_Module_State_0_outbuf__A                          
20001908  eeprom16                                                             
20001980  task0Struct                                                          
200019d0  i2cParams                                                            
200019e0  parmbuf                                                              
200019ec  i2c                                                                  
200019f0  ti_sysbios_knl_Swi_Module_State_0_readyQ__A                          
20001a70  ti_sysbios_knl_Task_Module_State_0_readyQ__A                         
20001af0  ti_sysbios_knl_Task_Object__table__V                                 
20001b3c  ti_sysbios_knl_Task_Module__state__V                                 
20001b80  ti_sysbios_family_arm_lm4_Timer_Module_State_0_device__A             
20001bc0  ti_sysbios_family_arm_lm4_Timer_Object__table__V                     
20001c00  ti_sysbios_gates_GateMutex_Object__table__V                          
20001c38  ti_sysbios_family_arm_m3_Hwi_Module__state__V                        
20001c6c  ti_sysbios_knl_Swi_Object__table__V                                  
20001c9c  ti_sysbios_knl_Clock_Module__state__V                                
20001cc8  ti_sysbios_BIOS_Module__state__V                                     
20001cec  ti_sysbios_family_arm_lm4_Timer_Module_State_0_handles__A            
20001d0c  ti_sysbios_knl_Swi_Module__state__V                                  
20001d28  gpioPinConfigs                                                       
20001d40  ti_sysbios_family_arm_m3_Hwi_Object__table__V                        
20001d58  ti_sysbios_heaps_HeapMem_Object__table__V                            
20001d70  __TI_cleanup_ptr                                                     
20001d74  __TI_dtors_ptr                                                       
20001d78  __TI_enable_exit_profile_output                                      
20001d7c  gpioCallbackFunctions                                                
20001d88  ti_sysbios_family_arm_lm4_Timer_Module__state__V                     
20001d94  xdc_runtime_SysMin_Module__state__V                                  
20001da0  _lock                                                                
20001da4  _unlock                                                              
20001da8  temp                                                                 
20001db0  ti_sysbios_family_arm_m3_Hwi_Module__root__V                         
20001db8  ti_sysbios_gates_GateHwi_Module__root__V                             
20001dc0  ti_sysbios_gates_GateMutex_Module__root__V                           
20001dc8  ti_sysbios_heaps_HeapMem_Module__root__V                             
20001dd0  ti_sysbios_knl_Queue_Module__root__V                                 
20001dd8  ti_sysbios_knl_Semaphore_Module__root__V                             
20001de0  ti_sysbios_knl_Task_Module__root__V                                  
20001de8  xdc_runtime_Registry_Module__state__V                                
20001df0  xdc_runtime_Startup_Module__state__V                                 
20001df8  xdc_runtime_System_Module_State_0_atexitHandlers__A                  
20001e00  xdc_runtime_System_Module__state__V                                  
20001e0e  ti_sysbios_family_arm_m3_Hwi_Module_State_0_excActive__A             
20001e14  errno                                                                
20001e18  main_func_sp                                                         
20001e1c  ti_sysbios_family_arm_m3_Hwi_Module_State_0_excContext__A            
20001e20  ti_sysbios_family_arm_m3_Hwi_Module_State_0_excStack__A              
20001e24  ti_sysbios_gates_GateHwi_Object__table__V                            
20001e28  ti_sysbios_knl_Task_Module_State_0_idleTask__A                       
20001e2c  xdc_runtime_Memory_Module__state__V                                  
20001e30  xdc_runtime_Error_Module__state__V                                   
20001e34  __stack                                                              
20002134  __STACK_END                                                          
e000e000  ti_sysbios_family_arm_m3_Hwi_nvic                                    
ffffffff  __TI_pprof_out_hndl                                                  
ffffffff  __TI_prof_data_size                                                  
ffffffff  __TI_prof_data_start                                                 
ffffffff  __binit__                                                            
ffffffff  __c_args__                                                           
ffffffff  binit                                                                
UNDEFED   SHT$$INIT_ARRAY$$Base                                                
UNDEFED   SHT$$INIT_ARRAY$$Limit                                               

[584 symbols]
